A6_ADAPTER_READY
[INFO] [1788935828.386730, 12.105000]: [air_ground_pick_demo] PREFLIGHT {}
[INFO] [1788935828.388164, 12.107000]: [air_ground_pick_demo] ARMING {}
[INFO] [1788935828.389565, 12.108000]: [air_ground_pick_demo] COMMAND_CONTROL {}
[INFO] [1788935828.391240, 12.110000]: [air_ground_pick_demo] TAKEOFF {}
[INFO] [1788935843.680120, 24.815000]: [air_ground_pick_demo] AIR_VIEW {}
[INFO] [1788935843.681947, 24.817000]: [air_ground_pick_demo] A5_VIEWPOINT {"goal_map": [-1.4, 0.0, 1.2, 0.0], "rescan": false}
[INFO] [1788935857.212714, 34.628000]: [air_ground_pick_demo] A5_SETTLED {"uav_pose_map": [-1.434801779830426, -0.02521579114429058, 1.2179705184585827, -0.0006774724217631779]}
[INFO] [1788935857.217007, 34.632000]: [air_ground_pick_demo] AIR_OBSERVE {}
[INFO] [1788935857.582244, 34.889000]: [air_ground_pick_demo] AIR_HANDOFF {"observation_stamp": 34.285, "target_map": [2.052202690992696, 0.08162976023481527, 0.060224997677399444, 0.04991299329420285]}
[INFO] [1788935857.584753, 34.889000]: [air_ground_pick_demo] TARGET_REFERENCE {"frame_id": "map", "mask_pixels": 194, "perceived_target": {"center_xyz": [2.052202690992696, 0.08162976023481527, 0.060224997677399444], "size_xyz": [0.24, 0.053, 0.115], "yaw_rad": 0.04991299329420285}, "points": 101, "reason": null, "reference_file": "/media/lu/P450_PAPER/AGENT/reachability_guided_aerial_perception/outputs/development/operational-batch/launch-08-moderate-ours/data/target_reference.npz", "stamp_s": 34.285, "status": "AVAILABLE"}
[INFO] [1788935857.592223, 34.891000]: [air_ground_pick_demo] A5_CORE {"label": "init", "operation": "init"}
[INFO] [1788935884.279688, 52.487000]: [air_ground_pick_demo] A5_SETTLED {"uav_pose_map": [-1.4754874437369203, -0.11384171970146341, 1.1917096188123033, -0.009153898689868979]}
[INFO] [1788935884.283083, 52.490000]: [air_ground_pick_demo] A5_CAPTURE_ANCHOR {"capture_anchor_map": [-1.4754874437369203, -0.11384171970146341, 1.1917096188123033, -0.009353402774232857], "position_discrepancy_m": 0.13684670886345274, "requested_viewpoint": [-1.4, 0.0, 1.2, 0.0], "yaw_discrepancy_rad": -0.009353402774232857}
[INFO] [1788935891.503582, 57.637000]: [air_ground_pick_demo] A5_OBSERVATION {"capture_anchor_map": [-1.4754874437369203, -0.11384171970146341, 1.1917096188123033, -0.009353402774232857], "chunk_count": 51, "observation_file": "/media/lu/P450_PAPER/AGENT/reachability_guided_aerial_perception/outputs/development/operational-batch/launch-08-moderate-ours/data/observation_01.npz", "point_count": 87990, "requested_viewpoint": [-1.4, 0.0, 1.2, 0.0], "round": 1, "sensor_frame": "uav1/lidar_link", "stamp_s": 57.542, "uav_pose_map": [-1.4334417944769449, -0.05346638625204753, 1.242367643540125, -0.010449658992094098], "window_duration_s": 5.036999999999999}
[INFO] [1788935891.506720, 57.637000]: [air_ground_pick_demo] A5_CORE {"label": "round-01", "operation": "observe"}
[INFO] [1788935896.589268, 60.658000]: [air_ground_pick_demo] A5_DECISION {"next_viewpoint": [-1.4334417944769449, -2.0534663862520475, 1.242367643540125, -0.010449658992094157], "round": 1, "selected_candidate": null, "stop_reason": null}
[INFO] [1788935896.600075, 60.669000]: [air_ground_pick_demo] A5_VIEWPOINT {"goal_map": [-1.4334417944769449, -2.0534663862520475, 1.242367643540125, -0.010449658992094157], "rescan": false}
[INFO] [1788935932.059966, 85.465000]: [air_ground_pick_demo] A5_SETTLED {"uav_pose_map": [-1.4545707033854167, -2.0156141478686878, 1.257163160005772, -0.01027849563734886]}
[INFO] [1788935932.578079, 85.773000]: [air_ground_pick_demo] A5_SETTLED {"uav_pose_map": [-1.4473970233056055, -2.0167076744143246, 1.2629941987033966, -0.010417015785022965]}
[INFO] [1788935932.589838, 85.777000]: [air_ground_pick_demo] A5_CAPTURE_ANCHOR {"capture_anchor_map": [-1.4473970233056055, -2.0167076744143246, 1.2629941987033966, -0.01027849563734886], "position_discrepancy_m": 0.0444005189781889, "requested_viewpoint": [-1.4334417944769449, -2.0534663862520475, 1.242367643540125, -0.010449658992094157], "yaw_discrepancy_rad": 0.0001711633547452976}
[INFO] [1788935940.084474, 91.049000]: [air_ground_pick_demo] A5_OBSERVATION {"capture_anchor_map": [-1.4473970233056055, -2.0167076744143246, 1.2629941987033966, -0.01027849563734886], "chunk_count": 52, "observation_file": "/media/lu/P450_PAPER/AGENT/reachability_guided_aerial_perception/outputs/development/operational-batch/launch-08-moderate-ours/data/observation_02.npz", "point_count": 89158, "requested_viewpoint": [-1.4334417944769449, -2.0534663862520475, 1.242367643540125, -0.010449658992094157], "round": 2, "sensor_frame": "uav1/lidar_link", "stamp_s": 90.924, "uav_pose_map": [-1.4366296537741339, -1.9959450623660984, 1.2130696179370057, -0.010330190007349523], "window_duration_s": 5.096000000000004}
[INFO] [1788935940.088333, 91.052000]: [air_ground_pick_demo] A5_CORE {"label": "round-02", "operation": "observe"}
[INFO] [1788935944.886599, 94.082000]: [air_ground_pick_demo] A5_DECISION {"next_viewpoint": [-1.4366296537741339, -1.9959450623660984, 1.2130696179370057, -0.010330190007349582], "round": 2, "selected_candidate": {"ambiguous_subcell": {"aliased_clear_cell_ids": [781], "coarse_ambiguous_cell_ids": [781], "intersecting_endpoint_indices": [], "legacy_fallback_cell_ids": []}, "candidate_id": "candidate-000009", "confirmed": true, "evaluation_index": 9, "footprint_clipped": false, "free_cells": 105, "mean_unknown_score": 0.36787944117144233, "occupied_cells": 1, "operational": {"ambiguous_cells": 1, "blocked": false, "covered_cells": [421, 422, 423, 461, 462, 463, 464, 465, 500, 501, 502, 503, 504, 505, 506, 507, 540, 541, 542, 543, 544, 545, 546, 547, 548, 579, 580, 581, 582, 583, 584, 585, 586, 587, 588, 589, 590, 618, 619, 620, 621, 622, 623, 624, 625, 626, 627, 628, 629, 630, 631, 658, 659, 660, 661, 662, 663, 664, 665, 666, 667, 668, 669, 670, 698, 699, 700, 701, 702, 703, 704, 705, 706, 707, 708, 709, 710, 740, 741, 742, 743, 744, 745, 746, 747, 748, 749, 781, 782, 783, 784, 785, 786, 787, 788, 789, 823, 824, 825, 826, 827, 828, 865, 866, 867, 907], "environment_cells": 0, "footprint_clipped": false, "ground_missing_cells": 0, "ground_supported": true, "ground_supported_cells": 106, "target_cells": 1, "target_collision": false}, "relevance": 1.0, "representative_blocked": false, "source_id": 664, "unknown_cells": 0, "x": 2.5304007767576087, "y": -0.3015636791168017, "yaw": -2.617993877991494}, "stop_reason": null}
[INFO] [1788935944.891850, 94.087000]: [air_ground_pick_demo] A5_VIEWPOINT {"goal_map": [-1.4366296537741339, -1.9959450623660984, 1.2130696179370057, -0.010330190007349582], "rescan": false}
[INFO] [1788935948.138948, 96.299000]: [air_ground_pick_demo] A5_SETTLED {"uav_pose_map": [-1.456010723105489, -2.001441244091435, 1.183694208613002, -0.009775790347775641]}
[INFO] [1788935948.658997, 96.610000]: [air_ground_pick_demo] A5_SETTLED {"uav_pose_map": [-1.4487465385766662, -1.9956616814195498, 1.182260962956309, -0.009980935012724425]}
[INFO] [1788935948.662207, 96.612000]: [air_ground_pick_demo] A5_CAPTURE_ANCHOR {"capture_anchor_map": [-1.4487465385766662, -1.9956616814195498, 1.182260962956309, -0.009781164848515635], "position_discrepancy_m": 0.0331069845168405, "requested_viewpoint": [-1.4366296537741339, -1.9959450623660984, 1.2130696179370057, -0.010330190007349582], "yaw_discrepancy_rad": 0.0005490251588339476}
[INFO] [1788935956.263402, 101.857000]: [air_ground_pick_demo] A5_OBSERVATION {"capture_anchor_map": [-1.4487465385766662, -1.9956616814195498, 1.182260962956309, -0.009781164848515635], "chunk_count": 51, "observation_file": "/media/lu/P450_PAPER/AGENT/reachability_guided_aerial_perception/outputs/development/operational-batch/launch-08-moderate-ours/data/observation_03.npz", "point_count": 88837, "requested_viewpoint": [-1.4366296537741339, -1.9959450623660984, 1.2130696179370057, -0.010330190007349582], "round": 3, "sensor_frame": "uav1/lidar_link", "stamp_s": 101.713, "uav_pose_map": [-1.361953006223392, -2.018534528715958, 1.1491295935896435, -0.012721116681402122], "window_duration_s": 5.094999999999999}
[33m[WARN] [1788936050.293875304, 163.137000000]: Link ground/wheel1_1_Link has visual geometry but no collision geometry. Collision geometry will be left empty. Fix your URDF file by explicitly specifying collision geometry.[0m
[33m[WARN] [1788936050.293954504, 163.137000000]: Link ground/wheel1_2_Link has visual geometry but no collision geometry. Collision geometry will be left empty. Fix your URDF file by explicitly specifying collision geometry.[0m
[33m[WARN] [1788936050.293971196, 163.137000000]: Link ground/wheel1_3_Link has visual geometry but no collision geometry. Collision geometry will be left empty. Fix your URDF file by explicitly specifying collision geometry.[0m
[33m[WARN] [1788936050.293985932, 163.137000000]: Link ground/wheel1_Link has visual geometry but no collision geometry. Collision geometry will be left empty. Fix your URDF file by explicitly specifying collision geometry.[0m
[33m[WARN] [1788936050.293999272, 163.137000000]: Link ground/wheel2_1_Link has visual geometry but no collision geometry. Collision geometry will be left empty. Fix your URDF file by explicitly specifying collision geometry.[0m
[33m[WARN] [1788936050.294019805, 163.137000000]: Link ground/wheel2_2_Link has visual geometry but no collision geometry. Collision geometry will be left empty. Fix your URDF file by explicitly specifying collision geometry.[0m
[33m[WARN] [1788936050.294035589, 163.137000000]: Link ground/wheel2_3_Link has visual geometry but no collision geometry. Collision geometry will be left empty. Fix your URDF file by explicitly specifying collision geometry.[0m
[33m[WARN] [1788936050.294048509, 163.137000000]: Link ground/wheel2_Link has visual geometry but no collision geometry. Collision geometry will be left empty. Fix your URDF file by explicitly specifying collision geometry.[0m
[33m[WARN] [1788936050.294061639, 163.137000000]: Link ground/wheel3_1_Link has visual geometry but no collision geometry. Collision geometry will be left empty. Fix your URDF file by explicitly specifying collision geometry.[0m
[33m[WARN] [1788936050.294075049, 163.137000000]: Link ground/wheel3_2_Link has visual geometry but no collision geometry. Collision geometry will be left empty. Fix your URDF file by explicitly specifying collision geometry.[0m
[33m[WARN] [1788936050.294088598, 163.137000000]: Link ground/wheel3_3_Link has visual geometry but no collision geometry. Collision geometry will be left empty. Fix your URDF file by explicitly specifying collision geometry.[0m
[33m[WARN] [1788936050.294108223, 163.137000000]: Link ground/wheel3_Link has visual geometry but no collision geometry. Collision geometry will be left empty. Fix your URDF file by explicitly specifying collision geometry.[0m
[33m[WARN] [1788936050.294129594, 163.137000000]: Link ground/wheel4_1_Link has visual geometry but no collision geometry. Collision geometry will be left empty. Fix your URDF file by explicitly specifying collision geometry.[0m
[33m[WARN] [1788936050.294147334, 163.137000000]: Link ground/wheel4_2_Link has visual geometry but no collision geometry. Collision geometry will be left empty. Fix your URDF file by explicitly specifying collision geometry.[0m
[33m[WARN] [1788936050.294173524, 163.137000000]: Link ground/wheel4_3_Link has visual geometry but no collision geometry. Collision geometry will be left empty. Fix your URDF file by explicitly specifying collision geometry.[0m
[33m[WARN] [1788936050.294197829, 163.137000000]: Link ground/wheel4_Link has visual geometry but no collision geometry. Collision geometry will be left empty. Fix your URDF file by explicitly specifying collision geometry.[0m
[33m[WARN] [1788936050.323843258, 163.141000000]: The root link ground/base_link has an inertia specified in the URDF, but KDL does not support a root link with an inertia.  As a workaround, you can add an extra dummy link to your URDF.[0m
[ERROR] [1788936084.616635, 184.312000]: air-ground pick demo failed: near-field D435 observation timed out
[INFO] [1788935956.266234, 101.860000]: [air_ground_pick_demo] A5_CORE {"label": "round-03", "operation": "observe"}
[INFO] [1788935961.152330, 105.125000]: [air_ground_pick_demo] A5_DECISION {"next_viewpoint": null, "round": 3, "selected_candidate": {"ambiguous_subcell": {"aliased_clear_cell_ids": [781], "coarse_ambiguous_cell_ids": [781], "intersecting_endpoint_indices": [], "legacy_fallback_cell_ids": []}, "candidate_id": "candidate-000009", "confirmed": true, "evaluation_index": 9, "footprint_clipped": false, "free_cells": 105, "mean_unknown_score": 0.22313016014842985, "occupied_cells": 1, "operational": {"ambiguous_cells": 1, "blocked": false, "covered_cells": [421, 422, 423, 461, 462, 463, 464, 465, 500, 501, 502, 503, 504, 505, 506, 507, 540, 541, 542, 543, 544, 545, 546, 547, 548, 579, 580, 581, 582, 583, 584, 585, 586, 587, 588, 589, 590, 618, 619, 620, 621, 622, 623, 624, 625, 626, 627, 628, 629, 630, 631, 658, 659, 660, 661, 662, 663, 664, 665, 666, 667, 668, 669, 670, 698, 699, 700, 701, 702, 703, 704, 705, 706, 707, 708, 709, 710, 740, 741, 742, 743, 744, 745, 746, 747, 748, 749, 781, 782, 783, 784, 785, 786, 787, 788, 789, 823, 824, 825, 826, 827, 828, 865, 866, 867, 907], "environment_cells": 0, "footprint_clipped": false, "ground_missing_cells": 0, "ground_supported": true, "ground_supported_cells": 106, "target_cells": 1, "target_collision": false}, "relevance": 1.0, "representative_blocked": false, "source_id": 664, "unknown_cells": 0, "x": 2.5304007767576087, "y": -0.3015636791168017, "yaw": -2.617993877991494}, "stop_reason": "VIEW_BUDGET_REACHED"}
[INFO] [1788935961.158678, 105.128000]: [air_ground_pick_demo] A5_SELECTED {"ambiguous_subcell": {"aliased_clear_cell_ids": [781], "coarse_ambiguous_cell_ids": [781], "intersecting_endpoint_indices": [], "legacy_fallback_cell_ids": []}, "candidate_id": "candidate-000009", "confirmed": true, "evaluation_index": 9, "footprint_clipped": false, "free_cells": 105, "mean_unknown_score": 0.22313016014842985, "occupied_cells": 1, "operational": {"ambiguous_cells": 1, "blocked": false, "covered_cells": [421, 422, 423, 461, 462, 463, 464, 465, 500, 501, 502, 503, 504, 505, 506, 507, 540, 541, 542, 543, 544, 545, 546, 547, 548, 579, 580, 581, 582, 583, 584, 585, 586, 587, 588, 589, 590, 618, 619, 620, 621, 622, 623, 624, 625, 626, 627, 628, 629, 630, 631, 658, 659, 660, 661, 662, 663, 664, 665, 666, 667, 668, 669, 670, 698, 699, 700, 701, 702, 703, 704, 705, 706, 707, 708, 709, 710, 740, 741, 742, 743, 744, 745, 746, 747, 748, 749, 781, 782, 783, 784, 785, 786, 787, 788, 789, 823, 824, 825, 826, 827, 828, 865, 866, 867, 907], "environment_cells": 0, "footprint_clipped": false, "ground_missing_cells": 0, "ground_supported": true, "ground_supported_cells": 106, "target_cells": 1, "target_collision": false}, "relevance": 1.0, "representative_blocked": false, "source_id": 664, "unknown_cells": 0, "x": 2.5304007767576087, "y": -0.3015636791168017, "yaw": -2.617993877991494}
[INFO] [1788935961.162044, 105.128000]: [air_ground_pick_demo] A5_VIEWPOINT {"goal_map": [-1.4, 0.0, 1.2, 0.0], "rescan": false}
[INFO] [1788935975.918136, 115.521000]: [air_ground_pick_demo] A5_SETTLED {"uav_pose_map": [-1.3796909281460912, 0.031554399031467714, 1.2276247275481054, 0.0002815233092401386]}
[INFO] [1788935975.924072, 115.526000]: [air_ground_pick_demo] LANDING {}
[INFO] [1788935989.405941, 124.631000]: [air_ground_pick_demo] RM4D_CANDIDATES {"candidate_count": 34, "top_candidate_id": "candidate-000009", "top_candidate_pose_map": [2.5304007767576087, -0.3015636791168017, -2.617993877991494], "top_candidate_score": 1.0}
[INFO] [1788935989.407555, 124.632000]: [air_ground_pick_demo] GROUND_APPROACH {"navigation_goal_map": [2.5304007767576087, -0.3015636791168017, -2.617993877991494], "start_map": [3.0341031077038654, -2.5433425496222615, -3.102775230299445], "target_map": [2.052202690992696, 0.08162976023481527, 0.060224997677399444, 0.04991299329420285], "top_candidate_id": "candidate-000009", "top_candidate_score": 1.0}
[INFO] [1788936046.013674, 160.839000]: [air_ground_pick_demo] GROUND_STOPPED {"ground_travel": 2.3472945276151362, "navigation_goal_map": [2.5304007767576087, -0.3015636791168017, -2.617993877991494], "target_distance": 0.5899312459494801, "top_candidate_id": "candidate-000009", "top_candidate_score": 1.0}
[INFO] [1788936046.017367, 160.842000]: [air_ground_pick_demo] GROUND_OBSERVE {}
[INFO] [1788936084.619227, 184.312000]: [air_ground_pick_demo] FAILED {"reason": "near-field D435 observation timed out"}
[0m[INFO] [1788936049.940606497, 162.963000000]: Loading robot model 'bunker_aubo'...[0m
[0m[INFO] [1788936049.942804664, 162.963000000]: No root/virtual joint specified in SRDF. Assuming fixed joint[0m
[0m[INFO] [1788936051.421755475, 163.752000000]: Ready to take commands for planning group manipulator.[0m
