A6_ADAPTER_READY
[INFO] [1788934615.834609, 12.099000]: [air_ground_pick_demo] PREFLIGHT {}
[INFO] [1788934615.837194, 12.101000]: [air_ground_pick_demo] ARMING {}
[INFO] [1788934615.840226, 12.104000]: [air_ground_pick_demo] COMMAND_CONTROL {}
[INFO] [1788934615.841956, 12.106000]: [air_ground_pick_demo] TAKEOFF {}
[INFO] [1788934630.081956, 24.908000]: [air_ground_pick_demo] AIR_VIEW {}
[INFO] [1788934630.085320, 24.910000]: [air_ground_pick_demo] A5_VIEWPOINT {"goal_map": [-1.4, 0.0, 1.2, 0.0], "rescan": false}
[INFO] [1788934640.972711, 34.504000]: [air_ground_pick_demo] A5_SETTLED {"uav_pose_map": [-1.4344063963408091, -0.022133494364478597, 1.2192417989740536, -0.0013020821191843514]}
[INFO] [1788934640.975379, 34.507000]: [air_ground_pick_demo] AIR_OBSERVE {}
[INFO] [1788934641.203281, 34.709000]: [air_ground_pick_demo] AIR_HANDOFF {"observation_stamp": 34.132, "target_map": [2.054571858823234, -0.005804434584251311, 0.05951298312293151, 0.26718846411998975]}
[INFO] [1788934641.205431, 34.712000]: [air_ground_pick_demo] TARGET_REFERENCE {"frame_id": "map", "mask_pixels": 293, "perceived_target": {"center_xyz": [2.054571858823234, -0.005804434584251311, 0.05951298312293151], "size_xyz": [0.24, 0.053, 0.115], "yaw_rad": 0.26718846411998975}, "points": 145, "reason": null, "reference_file": "/media/lu/P450_PAPER/AGENT/reachability_guided_aerial_perception/outputs/development/operational-batch/launch-04-moderate-v14/data/target_reference.npz", "stamp_s": 34.132, "status": "AVAILABLE"}
[INFO] [1788934641.207647, 34.714000]: [air_ground_pick_demo] A5_CORE {"label": "init", "operation": "init"}
[INFO] [1788934661.524223, 52.128000]: [air_ground_pick_demo] A5_SETTLED {"uav_pose_map": [-1.4820252324114385, -0.10911242476940725, 1.193408275351347, -0.009472988710214273]}
[INFO] [1788934661.526167, 52.130000]: [air_ground_pick_demo] A5_CAPTURE_ANCHOR {"capture_anchor_map": [-1.4820252324114385, -0.10911242476940725, 1.193408275351347, -0.009669073616700595], "position_discrepancy_m": 0.1366642265739419, "requested_viewpoint": [-1.4, 0.0, 1.2, 0.0], "yaw_discrepancy_rad": -0.009669073616700595}
[INFO] [1788934667.436785, 57.446000]: [air_ground_pick_demo] A5_OBSERVATION {"capture_anchor_map": [-1.4820252324114385, -0.10911242476940725, 1.193408275351347, -0.009669073616700595], "chunk_count": 52, "observation_file": "/media/lu/P450_PAPER/AGENT/reachability_guided_aerial_perception/outputs/development/operational-batch/launch-04-moderate-v14/data/observation_01.npz", "point_count": 89921, "requested_viewpoint": [-1.4, 0.0, 1.2, 0.0], "round": 1, "sensor_frame": "uav1/lidar_link", "stamp_s": 57.327, "uav_pose_map": [-1.417659598819571, -0.059576505047048076, 1.2569423446509689, -0.01109298234250772], "window_duration_s": 5.091999999999999}
[INFO] [1788934667.438887, 57.448000]: [air_ground_pick_demo] A5_CORE {"label": "round-01", "operation": "observe"}
[INFO] [1788934670.987951, 60.409000]: [air_ground_pick_demo] A5_DECISION {"next_viewpoint": [-1.417659598819571, -2.059576505047048, 1.2569423446509689, -0.011092982342507884], "round": 1, "selected_candidate": null, "stop_reason": null}
[INFO] [1788934670.990855, 60.411000]: [air_ground_pick_demo] A5_VIEWPOINT {"goal_map": [-1.417659598819571, -2.059576505047048, 1.2569423446509689, -0.011092982342507884], "rescan": false}
[INFO] [1788934698.678857, 85.511000]: [air_ground_pick_demo] A5_SETTLED {"uav_pose_map": [-1.437409540017198, -2.022562580895873, 1.2666432199262496, -0.010943795975865074]}
[INFO] [1788934699.189852, 85.978000]: [air_ground_pick_demo] A5_SETTLED {"uav_pose_map": [-1.4279430502141102, -2.023436015594119, 1.2766974997857266, -0.010480878995361587]}
[INFO] [1788934699.191705, 85.980000]: [air_ground_pick_demo] A5_CAPTURE_ANCHOR {"capture_anchor_map": [-1.4279430502141102, -2.023436015594119, 1.2766974997857266, -0.010943795975865074], "position_discrepancy_m": 0.042451743249005185, "requested_viewpoint": [-1.417659598819571, -2.059576505047048, 1.2569423446509689, -0.011092982342507884], "yaw_discrepancy_rad": 0.00014918636664281064}
[INFO] [1788934704.992084, 91.239000]: [air_ground_pick_demo] A5_OBSERVATION {"capture_anchor_map": [-1.4279430502141102, -2.023436015594119, 1.2766974997857266, -0.010943795975865074], "chunk_count": 51, "observation_file": "/media/lu/P450_PAPER/AGENT/reachability_guided_aerial_perception/outputs/development/operational-batch/launch-04-moderate-v14/data/observation_02.npz", "point_count": 87409, "requested_viewpoint": [-1.417659598819571, -2.059576505047048, 1.2569423446509689, -0.011092982342507884], "round": 2, "sensor_frame": "uav1/lidar_link", "stamp_s": 91.037, "uav_pose_map": [-1.4077953166082788, -1.9929670471287133, 1.2143793559648086, -0.011262510422186874], "window_duration_s": 5.029000000000011}
[INFO] [1788934704.994872, 91.240000]: [air_ground_pick_demo] A5_CORE {"label": "round-02", "operation": "observe"}
[INFO] [1788934708.448061, 94.142000]: [air_ground_pick_demo] A5_DECISION {"next_viewpoint": [-1.4077953166082788, -1.9929670471287133, 1.2143793559648086, -0.011262510422187066], "round": 2, "selected_candidate": {"ambiguous_subcell": {"aliased_clear_cell_ids": [781], "coarse_ambiguous_cell_ids": [781], "intersecting_endpoint_indices": [], "legacy_fallback_cell_ids": []}, "candidate_id": "candidate-000008", "confirmed": true, "evaluation_index": 8, "footprint_clipped": false, "free_cells": 106, "mean_unknown_score": 0.3678794411714423, "occupied_cells": 1, "operational": {"ambiguous_cells": 1, "blocked": false, "covered_cells": [344, 345, 383, 384, 385, 386, 422, 423, 424, 425, 426, 427, 428, 462, 463, 464, 465, 466, 467, 468, 469, 470, 501, 502, 503, 504, 505, 506, 507, 508, 509, 510, 511, 541, 542, 543, 544, 545, 546, 547, 548, 549, 550, 580, 581, 582, 583, 584, 585, 586, 587, 588, 589, 590, 620, 621, 622, 623, 624, 625, 626, 627, 628, 629, 659, 660, 661, 662, 663, 664, 665, 666, 667, 668, 669, 699, 700, 701, 702, 703, 704, 705, 706, 707, 708, 739, 740, 741, 742, 743, 744, 745, 746, 747, 781, 782, 783, 784, 785, 786, 787, 823, 824, 825, 826, 865, 866], "environment_cells": 0, "footprint_clipped": false, "ground_missing_cells": 0, "ground_supported": true, "ground_supported_cells": 107, "target_cells": 0, "target_collision": false}, "relevance": 1.0, "representative_blocked": false, "source_id": 585, "unknown_cells": 0, "x": 2.5684499174192106, "y": -0.508047042060144, "yaw": 2.094395102393195}, "stop_reason": null}
[INFO] [1788934708.453185, 94.145000]: [air_ground_pick_demo] A5_VIEWPOINT {"goal_map": [-1.4077953166082788, -1.9929670471287133, 1.2143793559648086, -0.011262510422187066], "rescan": false}
[INFO] [1788934711.029736, 96.468000]: [air_ground_pick_demo] A5_SETTLED {"uav_pose_map": [-1.4259365122170515, -1.9981997894045012, 1.1892355916169812, -0.010383164919838374]}
[INFO] [1788934711.542507, 96.935000]: [air_ground_pick_demo] A5_SETTLED {"uav_pose_map": [-1.4155727168389958, -1.9890433662633225, 1.183274567248066, -0.011254950031297633]}
[INFO] [1788934711.544568, 96.935000]: [air_ground_pick_demo] A5_CAPTURE_ANCHOR {"capture_anchor_map": [-1.4155727168389958, -1.9890433662633225, 1.183274567248066, -0.010383164919838374], "position_discrepancy_m": 0.032301565085849755, "requested_viewpoint": [-1.4077953166082788, -1.9929670471287133, 1.2143793559648086, -0.011262510422187066], "yaw_discrepancy_rad": 0.0008793455023486923}
[INFO] [1788934717.300316, 102.115000]: [air_ground_pick_demo] A5_OBSERVATION {"capture_anchor_map": [-1.4155727168389958, -1.9890433662633225, 1.183274567248066, -0.010383164919838374], "chunk_count": 51, "observation_file": "/media/lu/P450_PAPER/AGENT/reachability_guided_aerial_perception/outputs/development/operational-batch/launch-04-moderate-v14/data/observation_03.npz", "point_count": 88893, "requested_viewpoint": [-1.4077953166082788, -1.9929670471287133, 1.2143793559648086, -0.011262510422187066], "round": 3, "sensor_frame": "uav1/lidar_link", "stamp_s": 102.027, "uav_pose_map": [-1.3276779249311161, -2.0034637095172774, 1.1548964215498523, -0.01302872506093113], "window_duration_s": 5.027000000000001}
[33m[WARN] [1788934774.124234115, 150.688000000]: Link ground/wheel1_1_Link has visual geometry but no collision geometry. Collision geometry will be left empty. Fix your URDF file by explicitly specifying collision geometry.[0m
[33m[WARN] [1788934774.124304653, 150.688000000]: Link ground/wheel1_2_Link has visual geometry but no collision geometry. Collision geometry will be left empty. Fix your URDF file by explicitly specifying collision geometry.[0m
[33m[WARN] [1788934774.124321275, 150.688000000]: Link ground/wheel1_3_Link has visual geometry but no collision geometry. Collision geometry will be left empty. Fix your URDF file by explicitly specifying collision geometry.[0m
[33m[WARN] [1788934774.124335243, 150.688000000]: Link ground/wheel1_Link has visual geometry but no collision geometry. Collision geometry will be left empty. Fix your URDF file by explicitly specifying collision geometry.[0m
[33m[WARN] [1788934774.124350189, 150.688000000]: Link ground/wheel2_1_Link has visual geometry but no collision geometry. Collision geometry will be left empty. Fix your URDF file by explicitly specifying collision geometry.[0m
[33m[WARN] [1788934774.124369395, 150.688000000]: Link ground/wheel2_2_Link has visual geometry but no collision geometry. Collision geometry will be left empty. Fix your URDF file by explicitly specifying collision geometry.[0m
[33m[WARN] [1788934774.124385458, 150.688000000]: Link ground/wheel2_3_Link has visual geometry but no collision geometry. Collision geometry will be left empty. Fix your URDF file by explicitly specifying collision geometry.[0m
[33m[WARN] [1788934774.124400334, 150.688000000]: Link ground/wheel2_Link has visual geometry but no collision geometry. Collision geometry will be left empty. Fix your URDF file by explicitly specifying collision geometry.[0m
[33m[WARN] [1788934774.124415000, 150.688000000]: Link ground/wheel3_1_Link has visual geometry but no collision geometry. Collision geometry will be left empty. Fix your URDF file by explicitly specifying collision geometry.[0m
[33m[WARN] [1788934774.124429946, 150.688000000]: Link ground/wheel3_2_Link has visual geometry but no collision geometry. Collision geometry will be left empty. Fix your URDF file by explicitly specifying collision geometry.[0m
[33m[WARN] [1788934774.124442308, 150.688000000]: Link ground/wheel3_3_Link has visual geometry but no collision geometry. Collision geometry will be left empty. Fix your URDF file by explicitly specifying collision geometry.[0m
[33m[WARN] [1788934774.124456136, 150.688000000]: Link ground/wheel3_Link has visual geometry but no collision geometry. Collision geometry will be left empty. Fix your URDF file by explicitly specifying collision geometry.[0m
[33m[WARN] [1788934774.124470383, 150.688000000]: Link ground/wheel4_1_Link has visual geometry but no collision geometry. Collision geometry will be left empty. Fix your URDF file by explicitly specifying collision geometry.[0m
[33m[WARN] [1788934774.124486656, 150.688000000]: Link ground/wheel4_2_Link has visual geometry but no collision geometry. Collision geometry will be left empty. Fix your URDF file by explicitly specifying collision geometry.[0m
[33m[WARN] [1788934774.124501392, 150.688000000]: Link ground/wheel4_3_Link has visual geometry but no collision geometry. Collision geometry will be left empty. Fix your URDF file by explicitly specifying collision geometry.[0m
[33m[WARN] [1788934774.124515709, 150.688000000]: Link ground/wheel4_Link has visual geometry but no collision geometry. Collision geometry will be left empty. Fix your URDF file by explicitly specifying collision geometry.[0m
[33m[WARN] [1788934774.164210117, 150.726000000]: The root link ground/base_link has an inertia specified in the URDF, but KDL does not support a root link with an inertia.  As a workaround, you can add an extra dummy link to your URDF.[0m
[INFO] [1788934717.304892, 102.119000]: [air_ground_pick_demo] A5_CORE {"label": "round-03", "operation": "observe"}
[INFO] [1788934720.804550, 105.145000]: [air_ground_pick_demo] A5_DECISION {"next_viewpoint": null, "round": 3, "selected_candidate": {"ambiguous_subcell": {"aliased_clear_cell_ids": [781], "coarse_ambiguous_cell_ids": [781], "intersecting_endpoint_indices": [], "legacy_fallback_cell_ids": []}, "candidate_id": "candidate-000008", "confirmed": true, "evaluation_index": 8, "footprint_clipped": false, "free_cells": 106, "mean_unknown_score": 0.22313016014842985, "occupied_cells": 1, "operational": {"ambiguous_cells": 1, "blocked": false, "covered_cells": [344, 345, 383, 384, 385, 386, 422, 423, 424, 425, 426, 427, 428, 462, 463, 464, 465, 466, 467, 468, 469, 470, 501, 502, 503, 504, 505, 506, 507, 508, 509, 510, 511, 541, 542, 543, 544, 545, 546, 547, 548, 549, 550, 580, 581, 582, 583, 584, 585, 586, 587, 588, 589, 590, 620, 621, 622, 623, 624, 625, 626, 627, 628, 629, 659, 660, 661, 662, 663, 664, 665, 666, 667, 668, 669, 699, 700, 701, 702, 703, 704, 705, 706, 707, 708, 739, 740, 741, 742, 743, 744, 745, 746, 747, 781, 782, 783, 784, 785, 786, 787, 823, 824, 825, 826, 865, 866], "environment_cells": 0, "footprint_clipped": false, "ground_missing_cells": 0, "ground_supported": true, "ground_supported_cells": 107, "target_cells": 0, "target_collision": false}, "relevance": 1.0, "representative_blocked": false, "source_id": 585, "unknown_cells": 0, "x": 2.5684499174192106, "y": -0.508047042060144, "yaw": 2.094395102393195}, "stop_reason": "VIEW_BUDGET_REACHED"}
[INFO] [1788934720.807280, 105.148000]: [air_ground_pick_demo] A5_SELECTED {"ambiguous_subcell": {"aliased_clear_cell_ids": [781], "coarse_ambiguous_cell_ids": [781], "intersecting_endpoint_indices": [], "legacy_fallback_cell_ids": []}, "candidate_id": "candidate-000008", "confirmed": true, "evaluation_index": 8, "footprint_clipped": false, "free_cells": 106, "mean_unknown_score": 0.22313016014842985, "occupied_cells": 1, "operational": {"ambiguous_cells": 1, "blocked": false, "covered_cells": [344, 345, 383, 384, 385, 386, 422, 423, 424, 425, 426, 427, 428, 462, 463, 464, 465, 466, 467, 468, 469, 470, 501, 502, 503, 504, 505, 506, 507, 508, 509, 510, 511, 541, 542, 543, 544, 545, 546, 547, 548, 549, 550, 580, 581, 582, 583, 584, 585, 586, 587, 588, 589, 590, 620, 621, 622, 623, 624, 625, 626, 627, 628, 629, 659, 660, 661, 662, 663, 664, 665, 666, 667, 668, 669, 699, 700, 701, 702, 703, 704, 705, 706, 707, 708, 739, 740, 741, 742, 743, 744, 745, 746, 747, 781, 782, 783, 784, 785, 786, 787, 823, 824, 825, 826, 865, 866], "environment_cells": 0, "footprint_clipped": false, "ground_missing_cells": 0, "ground_supported": true, "ground_supported_cells": 107, "target_cells": 0, "target_collision": false}, "relevance": 1.0, "representative_blocked": false, "source_id": 585, "unknown_cells": 0, "x": 2.5684499174192106, "y": -0.508047042060144, "yaw": 2.094395102393195}
[INFO] [1788934720.814017, 105.151000]: [air_ground_pick_demo] A5_VIEWPOINT {"goal_map": [-1.4, 0.0, 1.2, 0.0], "rescan": false}
[INFO] [1788934731.868806, 115.060000]: [air_ground_pick_demo] A5_SETTLED {"uav_pose_map": [-1.3766268729006068, 0.032169080456866415, 1.221146771622382, -0.0002952252152589053]}
[INFO] [1788934731.872259, 115.063000]: [air_ground_pick_demo] LANDING {}
[INFO] [1788934739.377335, 121.568000]: [air_ground_pick_demo] RM4D_CANDIDATES {"candidate_count": 34, "top_candidate_id": "candidate-000008", "top_candidate_pose_map": [2.5684499174192106, -0.508047042060144, 2.094395102393195], "top_candidate_score": 1.0}
[INFO] [1788934739.379042, 121.568000]: [air_ground_pick_demo] GROUND_APPROACH {"navigation_goal_map": [2.5684499174192106, -0.508047042060144, 2.094395102393195], "start_map": [3.0271347139209737, -2.457811875501591, -3.069383063582479], "target_map": [2.054571858823234, -0.005804434584251311, 0.05951298312293151, 0.26718846411998975], "top_candidate_id": "candidate-000008", "top_candidate_score": 1.0}
[INFO] [1788934771.165150, 148.310000]: [air_ground_pick_demo] GROUND_STOPPED {"ground_travel": 1.970077734603926, "navigation_goal_map": [2.5684499174192106, -0.508047042060144, 2.094395102393195], "target_distance": 0.7634256442072833, "top_candidate_id": "candidate-000008", "top_candidate_score": 1.0}
[INFO] [1788934771.168131, 148.314000]: [air_ground_pick_demo] GROUND_OBSERVE {}
[INFO] [1788934786.787656, 159.909000]: [air_ground_pick_demo] GROUND_REFINED {"measured_gripper_opening": 0.0952, "observation_stamp": 159.775, "target_map": [2.1018338142149515, 0.00010495485614676085, 0.058724846232020504, 0.2553448658078213]}
[INFO] [1788934786.790337, 159.911000]: [air_ground_pick_demo] PREGRASP {}
[INFO] [1788934789.068481, 161.352000]: [air_ground_pick_demo] GRASP {}
[INFO] [1788934797.295666, 167.442000]: AG95 confirmed grasp stall accepted at 0.4729 rad
[INFO] [1788934797.297772, 167.444000]: [air_ground_pick_demo] LIFTING {}
[INFO] [1788934805.693236, 172.727000]: [air_ground_pick_demo] LIFT {"grasp_confirmed": true, "target_map": [2.1018338142149515, 0.00010495485614676085, 0.058724846232020504, 0.2553448658078213], "tcp_lift": 0.1497554029917789}
[0m[INFO] [1788934773.786551595, 150.419000000]: Loading robot model 'bunker_aubo'...[0m
[0m[INFO] [1788934773.787989666, 150.421000000]: No root/virtual joint specified in SRDF. Assuming fixed joint[0m
[0m[INFO] [1788934775.340013343, 151.699000000]: Ready to take commands for planning group manipulator.[0m
