A6_ADAPTER_READY
[INFO] [1788935229.607649, 12.033000]: [air_ground_pick_demo] PREFLIGHT {}
[INFO] [1788935229.610035, 12.033000]: [air_ground_pick_demo] ARMING {}
[INFO] [1788935229.612833, 12.033000]: [air_ground_pick_demo] COMMAND_CONTROL {}
[INFO] [1788935229.614422, 12.033000]: [air_ground_pick_demo] TAKEOFF {}
[INFO] [1788935246.683528, 24.836000]: [air_ground_pick_demo] AIR_VIEW {}
[INFO] [1788935246.687684, 24.840000]: [air_ground_pick_demo] A5_VIEWPOINT {"goal_map": [-1.4, 0.0, 1.2, 0.0], "rescan": false}
[INFO] [1788935259.520424, 34.541000]: [air_ground_pick_demo] A5_SETTLED {"uav_pose_map": [-1.433363132344641, -0.02598215293279763, 1.215889532654075, -0.0007128314641305613]}
[INFO] [1788935259.528243, 34.548000]: [air_ground_pick_demo] AIR_OBSERVE {}
[INFO] [1788935259.854091, 34.770000]: [air_ground_pick_demo] AIR_HANDOFF {"observation_stamp": 34.171, "target_map": [1.904993599503438, -0.11852446938690532, 0.06045286749948774, 0.23847074857238787]}
[INFO] [1788935259.858156, 34.775000]: [air_ground_pick_demo] TARGET_REFERENCE {"frame_id": "map", "mask_pixels": 314, "perceived_target": {"center_xyz": [1.904993599503438, -0.11852446938690532, 0.06045286749948774], "size_xyz": [0.24, 0.053, 0.115], "yaw_rad": 0.23847074857238787}, "points": 146, "reason": null, "reference_file": "/media/lu/P450_PAPER/AGENT/reachability_guided_aerial_perception/outputs/development/operational-batch/launch-06-easy-generic/data/target_reference.npz", "stamp_s": 34.171, "status": "AVAILABLE"}
[INFO] [1788935259.862731, 34.779000]: [air_ground_pick_demo] A5_CORE {"label": "init", "operation": "init"}
[INFO] [1788935287.059070, 54.192000]: [air_ground_pick_demo] A5_SETTLED {"uav_pose_map": [-1.4531623289647626, -0.08356648866148682, 1.1911220343349473, -0.009882120989324339]}
[INFO] [1788935287.064796, 54.196000]: [air_ground_pick_demo] A5_CAPTURE_ANCHOR {"capture_anchor_map": [-1.4531623289647626, -0.08356648866148682, 1.1911220343349473, -0.009419520436657228], "position_discrepancy_m": 0.0994404823123757, "requested_viewpoint": [-1.4, 0.0, 1.2, 0.0], "yaw_discrepancy_rad": -0.009419520436657228}
[INFO] [1788935294.435153, 59.551000]: [air_ground_pick_demo] A5_OBSERVATION {"capture_anchor_map": [-1.4531623289647626, -0.08356648866148682, 1.1911220343349473, -0.009419520436657228], "chunk_count": 52, "observation_file": "/media/lu/P450_PAPER/AGENT/reachability_guided_aerial_perception/outputs/development/operational-batch/launch-06-easy-generic/data/observation_01.npz", "point_count": 89611, "requested_viewpoint": [-1.4, 0.0, 1.2, 0.0], "round": 1, "sensor_frame": "uav1/lidar_link", "stamp_s": 59.354, "uav_pose_map": [-1.4279101912655758, -0.06295951196757844, 1.292745662936317, -0.012751901260954537], "window_duration_s": 5.082999999999998}
[INFO] [1788935294.441253, 59.556000]: [air_ground_pick_demo] A5_CORE {"label": "round-01", "operation": "observe"}
[INFO] [1788935299.012324, 62.530000]: [air_ground_pick_demo] A5_DECISION {"next_viewpoint": [-3.4279101912655756, -0.06295951196757844, 1.292745662936317, -0.01275190126095449], "round": 1, "selected_candidate": null, "stop_reason": null}
[INFO] [1788935299.014486, 62.533000]: [air_ground_pick_demo] A5_VIEWPOINT {"goal_map": [-3.4279101912655756, -0.06295951196757844, 1.292745662936317, -0.01275190126095449], "rescan": false}
[INFO] [1788935329.992535, 86.477000]: [air_ground_pick_demo] A5_SETTLED {"uav_pose_map": [-3.427428755536698, -0.020350286457958347, 1.3167284764183496, -0.012844250563646437]}
[INFO] [1788935330.516609, 86.893000]: [air_ground_pick_demo] A5_SETTLED {"uav_pose_map": [-3.4207281190355334, -0.022287072091108834, 1.3226717147901659, -0.01234118950448908]}
[INFO] [1788935330.520028, 86.896000]: [air_ground_pick_demo] A5_CAPTURE_ANCHOR {"capture_anchor_map": [-3.4207281190355334, -0.022287072091108834, 1.3226717147901659, -0.012844250563646437], "position_discrepancy_m": 0.05100390285636807, "requested_viewpoint": [-3.4279101912655756, -0.06295951196757844, 1.292745662936317, -0.01275190126095449], "yaw_discrepancy_rad": -9.234930269194642e-05}
[INFO] [1788935337.517829, 92.245000]: [air_ground_pick_demo] A5_OBSERVATION {"capture_anchor_map": [-3.4207281190355334, -0.022287072091108834, 1.3226717147901659, -0.012844250563646437], "chunk_count": 52, "observation_file": "/media/lu/P450_PAPER/AGENT/reachability_guided_aerial_perception/outputs/development/operational-batch/launch-06-easy-generic/data/observation_02.npz", "point_count": 89040, "requested_viewpoint": [-3.4279101912655756, -0.06295951196757844, 1.292745662936317, -0.01275190126095449], "round": 2, "sensor_frame": "uav1/lidar_link", "stamp_s": 92.061, "uav_pose_map": [-3.4216560968624905, -0.019782328451284165, 1.2122711415578298, -0.012771284478973084], "window_duration_s": 5.091000000000008}
[INFO] [1788935337.527141, 92.259000]: [air_ground_pick_demo] A5_CORE {"label": "round-02", "operation": "observe"}
[INFO] [1788935341.877043, 94.962000]: [air_ground_pick_demo] A5_DECISION {"next_viewpoint": [-3.4216560968624905, -0.019782328451284165, 1.2122711415578298, -0.012771284478973133], "round": 2, "selected_candidate": null, "stop_reason": null}
[INFO] [1788935341.882996, 94.965000]: [air_ground_pick_demo] A5_VIEWPOINT {"goal_map": [-3.4216560968624905, -0.019782328451284165, 1.2122711415578298, -0.012771284478973133], "rescan": true}
[INFO] [1788935342.395890, 95.322000]: [air_ground_pick_demo] A5_SETTLED {"uav_pose_map": [-3.4508929441023612, -0.03547432526496225, 1.189400310072148, -0.012786266762711709]}
[INFO] [1788935342.913344, 95.692000]: [air_ground_pick_demo] A5_SETTLED {"uav_pose_map": [-3.447336480550238, -0.03362331823085845, 1.1932989540113088, -0.013379672619200032]}
[INFO] [1788935342.917257, 95.695000]: [air_ground_pick_demo] A5_CAPTURE_ANCHOR {"capture_anchor_map": [-3.447336480550238, -0.03362331823085845, 1.1932989540113088, -0.012786266762711709], "position_discrepancy_m": 0.03479941098249454, "requested_viewpoint": [-3.4216560968624905, -0.019782328451284165, 1.2122711415578298, -0.012771284478973133], "yaw_discrepancy_rad": -1.4982283738576229e-05}
[INFO] [1788935350.322137, 100.954000]: [air_ground_pick_demo] A5_OBSERVATION {"capture_anchor_map": [-3.447336480550238, -0.03362331823085845, 1.1932989540113088, -0.012786266762711709], "chunk_count": 51, "observation_file": "/media/lu/P450_PAPER/AGENT/reachability_guided_aerial_perception/outputs/development/operational-batch/launch-06-easy-generic/data/observation_03.npz", "point_count": 88400, "requested_viewpoint": [-3.4216560968624905, -0.019782328451284165, 1.2122711415578298, -0.012771284478973133], "round": 3, "sensor_frame": "uav1/lidar_link", "stamp_s": 100.775, "uav_pose_map": [-3.3219289393283296, -0.024083670797778317, 1.2213240900482325, -0.015980255628510756], "window_duration_s": 5.031000000000006}
[INFO] [1788935350.326436, 100.958000]: [air_ground_pick_demo] A5_CORE {"label": "round-03", "operation": "observe"}
[33m[WARN] [1788935418.658050683, 149.467000000]: Link ground/wheel1_1_Link has visual geometry but no collision geometry. Collision geometry will be left empty. Fix your URDF file by explicitly specifying collision geometry.[0m
[33m[WARN] [1788935418.658153349, 149.467000000]: Link ground/wheel1_2_Link has visual geometry but no collision geometry. Collision geometry will be left empty. Fix your URDF file by explicitly specifying collision geometry.[0m
[33m[WARN] [1788935418.658181215, 149.467000000]: Link ground/wheel1_3_Link has visual geometry but no collision geometry. Collision geometry will be left empty. Fix your URDF file by explicitly specifying collision geometry.[0m
[33m[WARN] [1788935418.658204402, 149.467000000]: Link ground/wheel1_Link has visual geometry but no collision geometry. Collision geometry will be left empty. Fix your URDF file by explicitly specifying collision geometry.[0m
[33m[WARN] [1788935418.658228287, 149.467000000]: Link ground/wheel2_1_Link has visual geometry but no collision geometry. Collision geometry will be left empty. Fix your URDF file by explicitly specifying collision geometry.[0m
[33m[WARN] [1788935418.658263068, 149.467000000]: Link ground/wheel2_2_Link has visual geometry but no collision geometry. Collision geometry will be left empty. Fix your URDF file by explicitly specifying collision geometry.[0m
[33m[WARN] [1788935418.658316077, 149.467000000]: Link ground/wheel2_3_Link has visual geometry but no collision geometry. Collision geometry will be left empty. Fix your URDF file by explicitly specifying collision geometry.[0m
[33m[WARN] [1788935418.658339823, 149.467000000]: Link ground/wheel2_Link has visual geometry but no collision geometry. Collision geometry will be left empty. Fix your URDF file by explicitly specifying collision geometry.[0m
[33m[WARN] [1788935418.658360286, 149.467000000]: Link ground/wheel3_1_Link has visual geometry but no collision geometry. Collision geometry will be left empty. Fix your URDF file by explicitly specifying collision geometry.[0m
[33m[WARN] [1788935418.658382356, 149.467000000]: Link ground/wheel3_2_Link has visual geometry but no collision geometry. Collision geometry will be left empty. Fix your URDF file by explicitly specifying collision geometry.[0m
[33m[WARN] [1788935418.658402749, 149.467000000]: Link ground/wheel3_3_Link has visual geometry but no collision geometry. Collision geometry will be left empty. Fix your URDF file by explicitly specifying collision geometry.[0m
[33m[WARN] [1788935418.658424679, 149.467000000]: Link ground/wheel3_Link has visual geometry but no collision geometry. Collision geometry will be left empty. Fix your URDF file by explicitly specifying collision geometry.[0m
[33m[WARN] [1788935418.658447028, 149.467000000]: Link ground/wheel4_1_Link has visual geometry but no collision geometry. Collision geometry will be left empty. Fix your URDF file by explicitly specifying collision geometry.[0m
[33m[WARN] [1788935418.658475872, 149.467000000]: Link ground/wheel4_2_Link has visual geometry but no collision geometry. Collision geometry will be left empty. Fix your URDF file by explicitly specifying collision geometry.[0m
[33m[WARN] [1788935418.658494939, 149.467000000]: Link ground/wheel4_3_Link has visual geometry but no collision geometry. Collision geometry will be left empty. Fix your URDF file by explicitly specifying collision geometry.[0m
[33m[WARN] [1788935418.658512189, 149.467000000]: Link ground/wheel4_Link has visual geometry but no collision geometry. Collision geometry will be left empty. Fix your URDF file by explicitly specifying collision geometry.[0m
[33m[WARN] [1788935418.705238981, 149.502000000]: The root link ground/base_link has an inertia specified in the URDF, but KDL does not support a root link with an inertia.  As a workaround, you can add an extra dummy link to your URDF.[0m
[ERROR] [1788935430.810727, 158.423000]: air-ground pick demo failed: near-field target height is inconsistent: measured=0.0138 expected=0.0575 tolerance=0.0300
[INFO] [1788935355.109287, 104.258000]: [air_ground_pick_demo] A5_DECISION {"next_viewpoint": null, "round": 3, "selected_candidate": {"ambiguous_subcell": {"aliased_clear_cell_ids": [781], "coarse_ambiguous_cell_ids": [781], "intersecting_endpoint_indices": [], "legacy_fallback_cell_ids": []}, "candidate_id": "candidate-000008", "confirmed": true, "evaluation_index": 8, "footprint_clipped": false, "free_cells": 106, "mean_unknown_score": 0.22448295716733652, "occupied_cells": 1, "operational": {"ambiguous_cells": 1, "blocked": false, "covered_cells": [343, 344, 345, 383, 384, 385, 386, 387, 422, 423, 424, 425, 426, 427, 428, 462, 463, 464, 465, 466, 467, 468, 469, 470, 501, 502, 503, 504, 505, 506, 507, 508, 509, 510, 511, 541, 542, 543, 544, 545, 546, 547, 548, 549, 550, 580, 581, 582, 583, 584, 585, 586, 587, 588, 589, 590, 619, 620, 621, 622, 623, 624, 625, 626, 627, 628, 629, 659, 660, 661, 662, 663, 664, 665, 666, 667, 668, 699, 700, 701, 702, 703, 704, 705, 706, 707, 708, 740, 741, 742, 743, 744, 745, 746, 747, 781, 782, 783, 784, 785, 786, 787, 823, 824, 825, 826, 865], "environment_cells": 0, "footprint_clipped": false, "ground_missing_cells": 0, "ground_supported": true, "ground_supported_cells": 107, "target_cells": 0, "target_collision": false}, "relevance": 1.0, "representative_blocked": false, "source_id": 585, "unknown_cells": 0, "x": 2.407999447601559, "y": -0.6332153951154703, "yaw": 2.094395102393195}, "stop_reason": "VIEW_BUDGET_REACHED"}
[INFO] [1788935355.115858, 104.265000]: [air_ground_pick_demo] A5_SELECTED {"ambiguous_subcell": {"aliased_clear_cell_ids": [781], "coarse_ambiguous_cell_ids": [781], "intersecting_endpoint_indices": [], "legacy_fallback_cell_ids": []}, "candidate_id": "candidate-000008", "confirmed": true, "evaluation_index": 8, "footprint_clipped": false, "free_cells": 106, "mean_unknown_score": 0.22448295716733652, "occupied_cells": 1, "operational": {"ambiguous_cells": 1, "blocked": false, "covered_cells": [343, 344, 345, 383, 384, 385, 386, 387, 422, 423, 424, 425, 426, 427, 428, 462, 463, 464, 465, 466, 467, 468, 469, 470, 501, 502, 503, 504, 505, 506, 507, 508, 509, 510, 511, 541, 542, 543, 544, 545, 546, 547, 548, 549, 550, 580, 581, 582, 583, 584, 585, 586, 587, 588, 589, 590, 619, 620, 621, 622, 623, 624, 625, 626, 627, 628, 629, 659, 660, 661, 662, 663, 664, 665, 666, 667, 668, 699, 700, 701, 702, 703, 704, 705, 706, 707, 708, 740, 741, 742, 743, 744, 745, 746, 747, 781, 782, 783, 784, 785, 786, 787, 823, 824, 825, 826, 865], "environment_cells": 0, "footprint_clipped": false, "ground_missing_cells": 0, "ground_supported": true, "ground_supported_cells": 107, "target_cells": 0, "target_collision": false}, "relevance": 1.0, "representative_blocked": false, "source_id": 585, "unknown_cells": 0, "x": 2.407999447601559, "y": -0.6332153951154703, "yaw": 2.094395102393195}
[INFO] [1788935355.120026, 104.265000]: [air_ground_pick_demo] A5_VIEWPOINT {"goal_map": [-1.4, 0.0, 1.2, 0.0], "rescan": false}
[INFO] [1788935371.368536, 116.386000]: [air_ground_pick_demo] A5_SETTLED {"uav_pose_map": [-1.3788192654917002, 0.0019435804958822965, 1.2295207572514413, 0.00011356818352418387]}
[INFO] [1788935371.374135, 116.386000]: [air_ground_pick_demo] LANDING {}
[INFO] [1788935380.451216, 122.487000]: [air_ground_pick_demo] RM4D_CANDIDATES {"candidate_count": 33, "top_candidate_id": "candidate-000008", "top_candidate_pose_map": [2.407999447601559, -0.6332153951154703, 2.094395102393195], "top_candidate_score": 1.0}
[INFO] [1788935380.454265, 122.490000]: [air_ground_pick_demo] GROUND_APPROACH {"navigation_goal_map": [2.407999447601559, -0.6332153951154703, 2.094395102393195], "start_map": [2.9480657843203164, -2.5407361915490907, -3.121335172787451], "target_map": [1.904993599503438, -0.11852446938690532, 0.06045286749948774, 0.23847074857238787], "top_candidate_id": "candidate-000008", "top_candidate_score": 1.0}
[INFO] [1788935415.521529, 147.108000]: [air_ground_pick_demo] GROUND_STOPPED {"ground_travel": 1.9608313071570955, "navigation_goal_map": [2.407999447601559, -0.6332153951154703, 2.094395102393195], "target_distance": 0.7456554171114004, "top_candidate_id": "candidate-000008", "top_candidate_score": 1.0}
[INFO] [1788935415.527053, 147.111000]: [air_ground_pick_demo] GROUND_OBSERVE {}
[INFO] [1788935430.813297, 158.423000]: [air_ground_pick_demo] FAILED {"reason": "near-field target height is inconsistent: measured=0.0138 expected=0.0575 tolerance=0.0300"}
[0m[INFO] [1788935418.314213567, 149.229000000]: Loading robot model 'bunker_aubo'...[0m
[0m[INFO] [1788935418.315922006, 149.231000000]: No root/virtual joint specified in SRDF. Assuming fixed joint[0m
[0m[INFO] [1788935419.779995228, 150.316000000]: Ready to take commands for planning group manipulator.[0m
