[INFO] [1788890554.828272, 80.478000]: A5 adapter ready; waiting for status subscriber
[INFO] [1788890556.894349, 82.356000]: [air_ground_pick_demo] PREFLIGHT {}
[INFO] [1788890556.896189, 82.358000]: [air_ground_pick_demo] ARMING {}
[INFO] [1788890556.897600, 82.359000]: [air_ground_pick_demo] COMMAND_CONTROL {}
[INFO] [1788890556.899701, 82.360000]: [air_ground_pick_demo] TAKEOFF {}
[INFO] [1788890570.755611, 95.165000]: [air_ground_pick_demo] AIR_VIEW {}
[INFO] [1788890570.758057, 95.167000]: [air_ground_pick_demo] A5_VIEWPOINT {"goal_map": [-0.5, 0.0, 1.5, 0.0], "rescan": false}
[INFO] [1788890574.600807, 98.756000]: [air_ground_pick_demo] A5_SETTLED {"uav_pose_map": [-0.4885664749151216, 0.01798917897591556, 1.5170433151114655, 0.0008770708694121709]}
[INFO] [1788890574.607224, 98.762000]: [air_ground_pick_demo] AIR_OBSERVE {}
[INFO] [1788890574.825705, 98.958000]: [air_ground_pick_demo] AIR_HANDOFF {"observation_stamp": 98.458, "target_map": [1.998247999001368, 0.001193488818595569, 0.06100520740927021, -0.0038450963627210126]}
[INFO] [1788890574.828853, 98.960000]: [air_ground_pick_demo] TARGET_REFERENCE {"frame_id": "map", "mask_pixels": 401, "perceived_target": {"center_xyz": [1.998247999001368, 0.001193488818595569, 0.06100520740927021], "size_xyz": [0.24, 0.053, 0.115], "yaw_rad": -0.0038450963627210126}, "points": 196, "reason": null, "reference_file": "/media/lu/P450_PAPER/AGENT/reachability_guided_aerial_perception/outputs/a6/v12-integration/natural-attempt-01/target_reference.npz", "stamp_s": 98.458, "status": "AVAILABLE"}
[INFO] [1788890574.832792, 98.962000]: [air_ground_pick_demo] A5_CORE {"label": "init", "operation": "init"}
[INFO] [1788890593.968364, 116.609000]: [air_ground_pick_demo] A5_CAPTURE_ANCHOR {"capture_anchor_map": [-0.45440211402024266, 0.002266650271271065, 1.6173966927822967, 0.005406638719059006], "position_discrepancy_m": 0.12596145595179564, "requested_viewpoint": [-0.5, 0.0, 1.5, 0.0], "yaw_discrepancy_rad": 0.005406638719059006}
[INFO] [1788890594.475914, 117.064000]: [air_ground_pick_demo] A5_SETTLED {"uav_pose_map": [-0.46882082008989606, 0.01087201440570738, 1.6195114370167727, 0.005730735529716634]}
[INFO] [1788890600.006967, 122.253000]: [air_ground_pick_demo] A5_OBSERVATION {"capture_anchor_map": [-0.45440211402024266, 0.002266650271271065, 1.6173966927822967, 0.005406638719059006], "chunk_count": 51, "observation_file": "/media/lu/P450_PAPER/AGENT/reachability_guided_aerial_perception/outputs/a6/v12-integration/natural-attempt-01/observation_01.npz", "point_count": 84495, "requested_viewpoint": [-0.5, 0.0, 1.5, 0.0], "round": 1, "sensor_frame": "uav1/lidar_link", "stamp_s": 122.117, "uav_pose_map": [-0.5624169661568236, -0.026455861825061044, 1.588848586926665, 0.003759159833731174], "window_duration_s": 5.02300000000001}
[INFO] [1788890600.008384, 122.254000]: [air_ground_pick_demo] A5_CORE {"label": "round-01", "operation": "observe"}
[INFO] [1788890603.001988, 125.000000]: [air_ground_pick_demo] A5_DECISION {"next_viewpoint": [-2.5624169661568237, -0.026455861825061044, 1.588848586926665, 0.003759159833731207], "round": 1, "selected_candidate": null, "stop_reason": null}
[INFO] [1788890603.006092, 125.004000]: [air_ground_pick_demo] A5_VIEWPOINT {"goal_map": [-2.5624169661568237, -0.026455861825061044, 1.588848586926665, 0.003759159833731207], "rescan": false}
[INFO] [1788890615.059602, 136.323000]: [air_ground_pick_demo] A5_SETTLED {"uav_pose_map": [-2.5958952822146655, -0.013992188377745947, 1.6002295757032527, 0.003705248042411313]}
[INFO] [1788890615.063255, 136.328000]: [air_ground_pick_demo] A5_CAPTURE_ANCHOR {"capture_anchor_map": [-2.5958952822146655, -0.013992188377745947, 1.6002295757032527, 0.003705248042411313], "position_discrepancy_m": 0.037492235294829646, "requested_viewpoint": [-2.5624169661568237, -0.026455861825061044, 1.588848586926665, 0.003759159833731207], "yaw_discrepancy_rad": -5.391179131989396e-05}
[INFO] [1788890615.569764, 136.803000]: [air_ground_pick_demo] A5_SETTLED {"uav_pose_map": [-2.584125396944335, -0.003530097385553394, 1.6071973120921397, 0.003688657308581591]}
[INFO] [1788890621.297122, 142.146000]: [air_ground_pick_demo] A5_OBSERVATION {"capture_anchor_map": [-2.5958952822146655, -0.013992188377745947, 1.6002295757032527, 0.003705248042411313], "chunk_count": 52, "observation_file": "/media/lu/P450_PAPER/AGENT/reachability_guided_aerial_perception/outputs/a6/v12-integration/natural-attempt-01/observation_02.npz", "point_count": 86436, "requested_viewpoint": [-2.5624169661568237, -0.026455861825061044, 1.588848586926665, 0.003759159833731207], "round": 2, "sensor_frame": "uav1/lidar_link", "stamp_s": 142.017, "uav_pose_map": [-2.5662817021216866, 0.08342850098476923, 1.7410140309546875, -0.001784575534265903], "window_duration_s": 5.094999999999999}
[INFO] [1788890621.300365, 142.148000]: [air_ground_pick_demo] A5_CORE {"label": "round-02", "operation": "observe"}
[INFO] [1788890624.291334, 144.898000]: [air_ground_pick_demo] A5_DECISION {"next_viewpoint": [-2.5662817021216866, -1.9165714990152307, 1.7410140309546875, -0.0017845755342658087], "round": 2, "selected_candidate": null, "stop_reason": null}
[INFO] [1788890624.293574, 144.899000]: [air_ground_pick_demo] A5_VIEWPOINT {"goal_map": [-2.5662817021216866, -1.9165714990152307, 1.7410140309546875, -0.0017845755342658087], "rescan": false}
[INFO] [1788890649.369292, 168.325000]: [air_ground_pick_demo] A5_SETTLED {"uav_pose_map": [-2.5551660165954595, -1.8909673331508856, 1.714205392055445, -0.0016813696259678087]}
[INFO] [1788890649.375063, 168.332000]: [air_ground_pick_demo] A5_CAPTURE_ANCHOR {"capture_anchor_map": [-2.5551660165954595, -1.8909673331508856, 1.714205392055445, -0.0016813696259678087], "position_discrepancy_m": 0.03870187196967159, "requested_viewpoint": [-2.5662817021216866, -1.9165714990152307, 1.7410140309546875, -0.0017845755342658087], "yaw_discrepancy_rad": 0.00010320590829800006}
[INFO] [1788890649.883377, 168.815000]: [air_ground_pick_demo] A5_SETTLED {"uav_pose_map": [-2.5649819560702367, -1.8886891880867553, 1.713367643249708, -0.0011891334109616133]}
[INFO] [1788890655.504428, 174.079000]: [air_ground_pick_demo] A5_OBSERVATION {"capture_anchor_map": [-2.5551660165954595, -1.8909673331508856, 1.714205392055445, -0.0016813696259678087], "chunk_count": 52, "observation_file": "/media/lu/P450_PAPER/AGENT/reachability_guided_aerial_perception/outputs/a6/v12-integration/natural-attempt-01/observation_03.npz", "point_count": 85643, "requested_viewpoint": [-2.5662817021216866, -1.9165714990152307, 1.7410140309546875, -0.0017845755342658087], "round": 3, "sensor_frame": "uav1/lidar_link", "stamp_s": 173.911, "uav_pose_map": [-2.6188127651359125, -1.8307009987158849, 1.7023748008687178, -0.002843491367569116], "window_duration_s": 5.091000000000008}
[INFO] [1788890655.506788, 174.082000]: [air_ground_pick_demo] A5_CORE {"label": "round-03", "operation": "observe"}
[INFO] [1788890658.550647, 176.805000]: [air_ground_pick_demo] A5_DECISION {"next_viewpoint": null, "round": 3, "selected_candidate": {"candidate_id": "candidate-000008", "confirmed": true, "evaluation_index": 8, "footprint_clipped": false, "free_cells": 106, "mean_unknown_score": 0.36787944117144233, "occupied_cells": 0, "operational": {"ambiguous_cells": 0, "blocked": false, "covered_cells": [302, 303, 304, 342, 343, 344, 345, 381, 382, 383, 384, 385, 386, 387, 421, 422, 423, 424, 425, 426, 427, 428, 429, 460, 461, 462, 463, 464, 465, 466, 467, 468, 469, 500, 501, 502, 503, 504, 505, 506, 507, 508, 509, 539, 540, 541, 542, 543, 544, 545, 546, 547, 548, 549, 578, 579, 580, 581, 582, 583, 584, 585, 586, 587, 588, 618, 619, 620, 621, 622, 623, 624, 625, 626, 627, 658, 659, 660, 661, 662, 663, 664, 665, 666, 667, 698, 699, 700, 701, 702, 703, 704, 705, 706, 740, 741, 742, 743, 744, 745, 746, 782, 783, 784, 785, 824], "environment_cells": 0, "footprint_clipped": false, "ground_missing_cells": 0, "ground_supported": true, "ground_supported_cells": 106, "target_cells": 0, "target_collision": false}, "relevance": 1.0, "representative_blocked": false, "source_id": 543, "unknown_cells": 0, "x": 2.396419380206644, "y": -0.6049564643790278, "yaw": 2.094395102393195}, "stop_reason": "VIEW_BUDGET_REACHED"}
[INFO] [1788890658.553201, 176.808000]: [air_ground_pick_demo] A5_SELECTED {"candidate_id": "candidate-000008", "confirmed": true, "evaluation_index": 8, "footprint_clipped": false, "free_cells": 106, "mean_unknown_score": 0.36787944117144233, "occupied_cells": 0, "operational": {"ambiguous_cells": 0, "blocked": false, "covered_cells": [302, 303, 304, 342, 343, 344, 345, 381, 382, 383, 384, 385, 386, 387, 421, 422, 423, 424, 425, 426, 427, 428, 429, 460, 461, 462, 463, 464, 465, 466, 467, 468, 469, 500, 501, 502, 503, 504, 505, 506, 507, 508, 509, 539, 540, 541, 542, 543, 544, 545, 546, 547, 548, 549, 578, 579, 580, 581, 582, 583, 584, 585, 586, 587, 588, 618, 619, 620, 621, 622, 623, 624, 625, 626, 627, 658, 659, 660, 661, 662, 663, 664, 665, 666, 667, 698, 699, 700, 701, 702, 703, 704, 705, 706, 740, 741, 742, 743, 744, 745, 746, 782, 783, 784, 785, 824], "environment_cells": 0, "footprint_clipped": false, "ground_missing_cells": 0, "ground_supported": true, "ground_supported_cells": 106, "target_cells": 0, "target_collision": false}, "relevance": 1.0, "representative_blocked": false, "source_id": 543, "unknown_cells": 0, "x": 2.396419380206644, "y": -0.6049564643790278, "yaw": 2.094395102393195}
[INFO] [1788890658.555634, 176.811000]: [air_ground_pick_demo] A5_VIEWPOINT {"goal_map": [-0.5, 0.0, 1.5, 0.0], "rescan": false}
[INFO] [1788890672.492008, 189.815000]: [air_ground_pick_demo] A5_SETTLED {"uav_pose_map": [-0.479595870295363, 0.030516755571262825, 1.5321070972298858, -0.0005787879767567854]}
[INFO] [1788890672.496448, 189.820000]: [air_ground_pick_demo] LANDING {}
[INFO] [1788890681.018496, 197.622000]: [air_ground_pick_demo] RM4D_CANDIDATES {"candidate_count": 33, "top_candidate_id": "candidate-000008", "top_candidate_pose_map": [2.396419380206644, -0.6049564643790278, 2.094395102393195], "top_candidate_score": 1.0}
[INFO] [1788890681.020973, 197.626000]: [air_ground_pick_demo] GROUND_APPROACH {"navigation_goal_map": [2.396419380206644, -0.6049564643790278, 2.094395102393195], "start_map": [2.9998415843626987, -2.4997846375425947, -3.141448793072785], "target_map": [1.998247999001368, 0.001193488818595569, 0.06100520740927021, -0.0038450963627210126], "top_candidate_id": "candidate-000008", "top_candidate_score": 1.0}
[INFO] [1788890705.848951, 220.300000]: [air_ground_pick_demo] GROUND_STOPPED {"ground_travel": 1.960646787981336, "navigation_goal_map": [2.396419380206644, -0.6049564643790278, 2.094395102393195], "target_distance": 0.7584853204043075, "top_candidate_id": "candidate-000008", "top_candidate_score": 1.0}
[INFO] [1788890705.850737, 220.302000]: [air_ground_pick_demo] GROUND_OBSERVE {}
[0m[INFO] [1788890708.135576451, 222.418000000]: Loading robot model 'bunker_aubo'...[0m
[0m[INFO] [1788890708.136485085, 222.419000000]: No root/virtual joint specified in SRDF. Assuming fixed joint[0m
[33m[WARN] [1788890708.349114931, 222.614000000]: Link ground/wheel1_1_Link has visual geometry but no collision geometry. Collision geometry will be left empty. Fix your URDF file by explicitly specifying collision geometry.[0m
[33m[WARN] [1788890708.349170874, 222.614000000]: Link ground/wheel1_2_Link has visual geometry but no collision geometry. Collision geometry will be left empty. Fix your URDF file by explicitly specifying collision geometry.[0m
[33m[WARN] [1788890708.349189591, 222.614000000]: Link ground/wheel1_3_Link has visual geometry but no collision geometry. Collision geometry will be left empty. Fix your URDF file by explicitly specifying collision geometry.[0m
[33m[WARN] [1788890708.349202861, 222.614000000]: Link ground/wheel1_Link has visual geometry but no collision geometry. Collision geometry will be left empty. Fix your URDF file by explicitly specifying collision geometry.[0m
[33m[WARN] [1788890708.349222905, 222.614000000]: Link ground/wheel2_1_Link has visual geometry but no collision geometry. Collision geometry will be left empty. Fix your URDF file by explicitly specifying collision geometry.[0m
[33m[WARN] [1788890708.349252518, 222.615000000]: Link ground/wheel2_2_Link has visual geometry but no collision geometry. Collision geometry will be left empty. Fix your URDF file by explicitly specifying collision geometry.[0m
[33m[WARN] [1788890708.349275007, 222.615000000]: Link ground/wheel2_3_Link has visual geometry but no collision geometry. Collision geometry will be left empty. Fix your URDF file by explicitly specifying collision geometry.[0m
[33m[WARN] [1788890708.349295401, 222.615000000]: Link ground/wheel2_Link has visual geometry but no collision geometry. Collision geometry will be left empty. Fix your URDF file by explicitly specifying collision geometry.[0m
[33m[WARN] [1788890708.349318308, 222.615000000]: Link ground/wheel3_1_Link has visual geometry but no collision geometry. Collision geometry will be left empty. Fix your URDF file by explicitly specifying collision geometry.[0m
[33m[WARN] [1788890708.349338423, 222.615000000]: Link ground/wheel3_2_Link has visual geometry but no collision geometry. Collision geometry will be left empty. Fix your URDF file by explicitly specifying collision geometry.[0m
[33m[WARN] [1788890708.349358746, 222.615000000]: Link ground/wheel3_3_Link has visual geometry but no collision geometry. Collision geometry will be left empty. Fix your URDF file by explicitly specifying collision geometry.[0m
[33m[WARN] [1788890708.349396600, 222.615000000]: Link ground/wheel3_Link has visual geometry but no collision geometry. Collision geometry will be left empty. Fix your URDF file by explicitly specifying collision geometry.[0m
[33m[WARN] [1788890708.349430892, 222.615000000]: Link ground/wheel4_1_Link has visual geometry but no collision geometry. Collision geometry will be left empty. Fix your URDF file by explicitly specifying collision geometry.[0m
[33m[WARN] [1788890708.349452892, 222.615000000]: Link ground/wheel4_2_Link has visual geometry but no collision geometry. Collision geometry will be left empty. Fix your URDF file by explicitly specifying collision geometry.[0m
[33m[WARN] [1788890708.349473914, 222.615000000]: Link ground/wheel4_3_Link has visual geometry but no collision geometry. Collision geometry will be left empty. Fix your URDF file by explicitly specifying collision geometry.[0m
[33m[WARN] [1788890708.349495356, 222.615000000]: Link ground/wheel4_Link has visual geometry but no collision geometry. Collision geometry will be left empty. Fix your URDF file by explicitly specifying collision geometry.[0m
[33m[WARN] [1788890708.377640492, 222.633000000]: The root link ground/base_link has an inertia specified in the URDF, but KDL does not support a root link with an inertia.  As a workaround, you can add an extra dummy link to your URDF.[0m
[0m[INFO] [1788890709.491808389, 223.659000000]: Ready to take commands for planning group manipulator.[0m
[ERROR] [1788890709.556524, 223.650000]: air-ground pick demo failed: Lookup would require extrapolation 0.001000000s into the future.  Requested time 222.406000000 but the latest data is at time 222.405000000, when looking up transform from frame [map] to frame [ground/base_link]
[INFO] [1788890709.562013, 223.718000]: [air_ground_pick_demo] FAILED {"reason": "Lookup would require extrapolation 0.001000000s into the future.  Requested time 222.406000000 but the latest data is at time 222.405000000, when looking up transform from frame [map] to frame [ground/base_link]"}
