A6_ADAPTER_READY
[INFO] [1788936116.149364, 11.989000]: [air_ground_pick_demo] PREFLIGHT {}
[INFO] [1788936116.154238, 11.991000]: [air_ground_pick_demo] ARMING {}
[INFO] [1788936116.157678, 11.994000]: [air_ground_pick_demo] COMMAND_CONTROL {}
[INFO] [1788936116.160096, 11.997000]: [air_ground_pick_demo] TAKEOFF {}
[INFO] [1788936129.701936, 22.003000]: [air_ground_pick_demo] AIR_VIEW {}
[INFO] [1788936129.706959, 22.009000]: [air_ground_pick_demo] A5_VIEWPOINT {"goal_map": [-1.4, 0.0, 1.2, 0.0], "rescan": false}
[INFO] [1788936143.693835, 32.837000]: [air_ground_pick_demo] A5_SETTLED {"uav_pose_map": [-1.438660279979291, 0.0032499651421920434, 1.222878538325046, -0.00033226084954036933]}
[INFO] [1788936143.699007, 32.844000]: [air_ground_pick_demo] AIR_OBSERVE {}
[INFO] [1788936144.010921, 33.082000]: [air_ground_pick_demo] AIR_HANDOFF {"observation_stamp": 32.484, "target_map": [2.0475227082148337, 0.08493223224280959, 0.06162800651038228, 0.030437180259232033]}
[INFO] [1788936144.015835, 33.087000]: [air_ground_pick_demo] TARGET_REFERENCE {"frame_id": "map", "mask_pixels": 196, "perceived_target": {"center_xyz": [2.0475227082148337, 0.08493223224280959, 0.06162800651038228], "size_xyz": [0.24, 0.053, 0.115], "yaw_rad": 0.030437180259232033}, "points": 85, "reason": null, "reference_file": "/media/lu/P450_PAPER/AGENT/reachability_guided_aerial_perception/outputs/development/operational-batch/launch-09-moderate-generic/data/target_reference.npz", "stamp_s": 32.484, "status": "AVAILABLE"}
[INFO] [1788936144.020258, 33.090000]: [air_ground_pick_demo] A5_CORE {"label": "init", "operation": "init"}
[INFO] [1788936170.347595, 51.338000]: [air_ground_pick_demo] A5_SETTLED {"uav_pose_map": [-1.477911309668065, -0.08454785105893634, 1.181593558437983, -0.011474487770140835]}
[INFO] [1788936170.350254, 51.341000]: [air_ground_pick_demo] A5_CAPTURE_ANCHOR {"capture_anchor_map": [-1.477911309668065, -0.08454785105893634, 1.181593558437983, -0.011496267785095148], "position_discrepancy_m": 0.11643585523305588, "requested_viewpoint": [-1.4, 0.0, 1.2, 0.0], "yaw_discrepancy_rad": -0.011496267785095146}
[INFO] [1788936177.941492, 56.691000]: [air_ground_pick_demo] A5_OBSERVATION {"capture_anchor_map": [-1.477911309668065, -0.08454785105893634, 1.181593558437983, -0.011496267785095148], "chunk_count": 52, "observation_file": "/media/lu/P450_PAPER/AGENT/reachability_guided_aerial_perception/outputs/development/operational-batch/launch-09-moderate-generic/data/observation_01.npz", "point_count": 90194, "requested_viewpoint": [-1.4, 0.0, 1.2, 0.0], "round": 1, "sensor_frame": "uav1/lidar_link", "stamp_s": 56.533, "uav_pose_map": [-1.41034491460378, -0.025907318645987956, 1.2261342083679307, -0.013391058618030749], "window_duration_s": 5.091999999999999}
[INFO] [1788936177.944284, 56.693000]: [air_ground_pick_demo] A5_CORE {"label": "round-01", "operation": "observe"}
[INFO] [1788936183.195094, 60.421000]: [air_ground_pick_demo] A5_DECISION {"next_viewpoint": [-3.41034491460378, -2.025907318645988, 1.2261342083679307, -0.013391058618030804], "round": 1, "selected_candidate": null, "stop_reason": null}
[INFO] [1788936183.198819, 60.421000]: [air_ground_pick_demo] A5_VIEWPOINT {"goal_map": [-3.41034491460378, -2.025907318645988, 1.2261342083679307, -0.013391058618030804], "rescan": false}
[INFO] [1788936217.237098, 86.041000]: [air_ground_pick_demo] A5_SETTLED {"uav_pose_map": [-3.4258067162838284, -1.9896747257090137, 1.245819224403885, -0.013044164195277702]}
[INFO] [1788936217.758926, 86.366000]: [air_ground_pick_demo] A5_SETTLED {"uav_pose_map": [-3.416772658595111, -1.991786337569332, 1.2522015745021933, -0.012211504366665512]}
[INFO] [1788936217.763094, 86.372000]: [air_ground_pick_demo] A5_CAPTURE_ANCHOR {"capture_anchor_map": [-3.416772658595111, -1.991786337569332, 1.2522015745021933, -0.013044164195277702], "position_discrepancy_m": 0.04341733317039741, "requested_viewpoint": [-3.41034491460378, -2.025907318645988, 1.2261342083679307, -0.013391058618030804], "yaw_discrepancy_rad": 0.000346894422753102}
[INFO] [1788936225.482677, 91.695000]: [air_ground_pick_demo] A5_OBSERVATION {"capture_anchor_map": [-3.416772658595111, -1.991786337569332, 1.2522015745021933, -0.013044164195277702], "chunk_count": 52, "observation_file": "/media/lu/P450_PAPER/AGENT/reachability_guided_aerial_perception/outputs/development/operational-batch/launch-09-moderate-generic/data/observation_02.npz", "point_count": 89401, "requested_viewpoint": [-3.41034491460378, -2.025907318645988, 1.2261342083679307, -0.013391058618030804], "round": 2, "sensor_frame": "uav1/lidar_link", "stamp_s": 91.516, "uav_pose_map": [-3.4261785570652, -1.9589806409627861, 1.1709014630627916, -0.013347326977144343], "window_duration_s": 5.088000000000008}
[INFO] [1788936225.485151, 91.698000]: [air_ground_pick_demo] A5_CORE {"label": "round-02", "operation": "observe"}
[INFO] [1788936229.876061, 94.601000]: [air_ground_pick_demo] A5_DECISION {"next_viewpoint": [-3.4261785570652, -1.9589806409627861, 1.1709014630627916, -0.01334732697714447], "round": 2, "selected_candidate": null, "stop_reason": null}
[INFO] [1788936229.879781, 94.603000]: [air_ground_pick_demo] A5_VIEWPOINT {"goal_map": [-3.4261785570652, -1.9589806409627861, 1.1709014630627916, -0.01334732697714447], "rescan": false}
[INFO] [1788936232.232637, 96.362000]: [air_ground_pick_demo] A5_SETTLED {"uav_pose_map": [-3.44932849854555, -1.9738448981679562, 1.1460346543542566, -0.012814636391728806]}
[INFO] [1788936232.751290, 96.761000]: [air_ground_pick_demo] A5_SETTLED {"uav_pose_map": [-3.439710525982458, -1.9659022113690394, 1.14147953461815, -0.013244165264088493]}
[INFO] [1788936232.754718, 96.764000]: [air_ground_pick_demo] A5_CAPTURE_ANCHOR {"capture_anchor_map": [-3.439710525982458, -1.9659022113690394, 1.14147953461815, -0.012667263398524455], "position_discrepancy_m": 0.03311604132543567, "requested_viewpoint": [-3.4261785570652, -1.9589806409627861, 1.1709014630627916, -0.01334732697714447], "yaw_discrepancy_rad": 0.0006800635786200146}
[INFO] [1788936239.870357, 102.003000]: [air_ground_pick_demo] A5_OBSERVATION {"capture_anchor_map": [-3.439710525982458, -1.9659022113690394, 1.14147953461815, -0.012667263398524455], "chunk_count": 51, "observation_file": "/media/lu/P450_PAPER/AGENT/reachability_guided_aerial_perception/outputs/development/operational-batch/launch-09-moderate-generic/data/observation_03.npz", "point_count": 89159, "requested_viewpoint": [-3.4261785570652, -1.9589806409627861, 1.1709014630627916, -0.01334732697714447], "round": 3, "sensor_frame": "uav1/lidar_link", "stamp_s": 101.839, "uav_pose_map": [-3.3496344749619764, -1.968256432167856, 1.1040546049278521, -0.015422394214726277], "window_duration_s": 5.027999999999992}
[INFO] [1788936239.875149, 102.005000]: [air_ground_pick_demo] A5_CORE {"label": "round-03", "operation": "observe"}
[33m[WARN] [1788936326.378554818, 162.197000000]: Link ground/wheel1_1_Link has visual geometry but no collision geometry. Collision geometry will be left empty. Fix your URDF file by explicitly specifying collision geometry.[0m
[33m[WARN] [1788936326.378700366, 162.197000000]: Link ground/wheel1_2_Link has visual geometry but no collision geometry. Collision geometry will be left empty. Fix your URDF file by explicitly specifying collision geometry.[0m
[33m[WARN] [1788936326.378728023, 162.197000000]: Link ground/wheel1_3_Link has visual geometry but no collision geometry. Collision geometry will be left empty. Fix your URDF file by explicitly specifying collision geometry.[0m
[33m[WARN] [1788936326.378753375, 162.197000000]: Link ground/wheel1_Link has visual geometry but no collision geometry. Collision geometry will be left empty. Fix your URDF file by explicitly specifying collision geometry.[0m
[33m[WARN] [1788936326.378775654, 162.197000000]: Link ground/wheel2_1_Link has visual geometry but no collision geometry. Collision geometry will be left empty. Fix your URDF file by explicitly specifying collision geometry.[0m
[33m[WARN] [1788936326.378803311, 162.197000000]: Link ground/wheel2_2_Link has visual geometry but no collision geometry. Collision geometry will be left empty. Fix your URDF file by explicitly specifying collision geometry.[0m
[33m[WARN] [1788936326.378856739, 162.197000000]: Link ground/wheel2_3_Link has visual geometry but no collision geometry. Collision geometry will be left empty. Fix your URDF file by explicitly specifying collision geometry.[0m
[33m[WARN] [1788936326.378880206, 162.197000000]: Link ground/wheel2_Link has visual geometry but no collision geometry. Collision geometry will be left empty. Fix your URDF file by explicitly specifying collision geometry.[0m
[33m[WARN] [1788936326.378900599, 162.197000000]: Link ground/wheel3_1_Link has visual geometry but no collision geometry. Collision geometry will be left empty. Fix your URDF file by explicitly specifying collision geometry.[0m
[33m[WARN] [1788936326.378922040, 162.197000000]: Link ground/wheel3_2_Link has visual geometry but no collision geometry. Collision geometry will be left empty. Fix your URDF file by explicitly specifying collision geometry.[0m
[33m[WARN] [1788936326.378943412, 162.197000000]: Link ground/wheel3_3_Link has visual geometry but no collision geometry. Collision geometry will be left empty. Fix your URDF file by explicitly specifying collision geometry.[0m
[33m[WARN] [1788936326.378968903, 162.197000000]: Link ground/wheel3_Link has visual geometry but no collision geometry. Collision geometry will be left empty. Fix your URDF file by explicitly specifying collision geometry.[0m
[33m[WARN] [1788936326.378989437, 162.197000000]: Link ground/wheel4_1_Link has visual geometry but no collision geometry. Collision geometry will be left empty. Fix your URDF file by explicitly specifying collision geometry.[0m
[33m[WARN] [1788936326.379010040, 162.197000000]: Link ground/wheel4_2_Link has visual geometry but no collision geometry. Collision geometry will be left empty. Fix your URDF file by explicitly specifying collision geometry.[0m
[33m[WARN] [1788936326.379033786, 162.197000000]: Link ground/wheel4_3_Link has visual geometry but no collision geometry. Collision geometry will be left empty. Fix your URDF file by explicitly specifying collision geometry.[0m
[33m[WARN] [1788936326.379056204, 162.197000000]: Link ground/wheel4_Link has visual geometry but no collision geometry. Collision geometry will be left empty. Fix your URDF file by explicitly specifying collision geometry.[0m
[33m[WARN] [1788936326.419274491, 162.208000000]: The root link ground/base_link has an inertia specified in the URDF, but KDL does not support a root link with an inertia.  As a workaround, you can add an extra dummy link to your URDF.[0m
[ERROR] [1788936387.526519, 197.993000]: air-ground pick demo failed: MoveIt refined pregrasp planning failed
[INFO] [1788936244.678212, 105.245000]: [air_ground_pick_demo] A5_DECISION {"next_viewpoint": null, "round": 3, "selected_candidate": {"ambiguous_subcell": {"aliased_clear_cell_ids": [779, 780, 781], "coarse_ambiguous_cell_ids": [779, 780, 781], "intersecting_endpoint_indices": [], "legacy_fallback_cell_ids": []}, "candidate_id": "candidate-000000", "confirmed": true, "evaluation_index": 0, "footprint_clipped": false, "free_cells": 105, "mean_unknown_score": 0.22581070238959672, "occupied_cells": 3, "operational": {"ambiguous_cells": 3, "blocked": false, "covered_cells": [459, 460, 461, 462, 463, 464, 465, 466, 467, 468, 469, 470, 499, 500, 501, 502, 503, 504, 505, 506, 507, 508, 509, 510, 539, 540, 541, 542, 543, 544, 545, 546, 547, 548, 549, 550, 579, 580, 581, 582, 583, 584, 585, 586, 587, 588, 589, 590, 619, 620, 621, 622, 623, 624, 625, 626, 627, 628, 629, 630, 659, 660, 661, 662, 663, 664, 665, 666, 667, 668, 669, 670, 699, 700, 701, 702, 703, 704, 705, 706, 707, 708, 709, 710, 739, 740, 741, 742, 743, 744, 745, 746, 747, 748, 749, 750, 779, 780, 781, 782, 783, 784, 785, 786, 787, 788, 789, 790], "environment_cells": 0, "footprint_clipped": false, "ground_missing_cells": 0, "ground_supported": true, "ground_supported_cells": 108, "target_cells": 1, "target_collision": false}, "relevance": 1.0, "representative_blocked": false, "source_id": 624, "unknown_cells": 0, "x": 2.5368278045875257, "y": -0.3799571971654724, "yaw": -3.141592653589793}, "stop_reason": "VIEW_BUDGET_REACHED"}
[INFO] [1788936244.682799, 105.251000]: [air_ground_pick_demo] A5_SELECTED {"ambiguous_subcell": {"aliased_clear_cell_ids": [779, 780, 781], "coarse_ambiguous_cell_ids": [779, 780, 781], "intersecting_endpoint_indices": [], "legacy_fallback_cell_ids": []}, "candidate_id": "candidate-000000", "confirmed": true, "evaluation_index": 0, "footprint_clipped": false, "free_cells": 105, "mean_unknown_score": 0.22581070238959672, "occupied_cells": 3, "operational": {"ambiguous_cells": 3, "blocked": false, "covered_cells": [459, 460, 461, 462, 463, 464, 465, 466, 467, 468, 469, 470, 499, 500, 501, 502, 503, 504, 505, 506, 507, 508, 509, 510, 539, 540, 541, 542, 543, 544, 545, 546, 547, 548, 549, 550, 579, 580, 581, 582, 583, 584, 585, 586, 587, 588, 589, 590, 619, 620, 621, 622, 623, 624, 625, 626, 627, 628, 629, 630, 659, 660, 661, 662, 663, 664, 665, 666, 667, 668, 669, 670, 699, 700, 701, 702, 703, 704, 705, 706, 707, 708, 709, 710, 739, 740, 741, 742, 743, 744, 745, 746, 747, 748, 749, 750, 779, 780, 781, 782, 783, 784, 785, 786, 787, 788, 789, 790], "environment_cells": 0, "footprint_clipped": false, "ground_missing_cells": 0, "ground_supported": true, "ground_supported_cells": 108, "target_cells": 1, "target_collision": false}, "relevance": 1.0, "representative_blocked": false, "source_id": 624, "unknown_cells": 0, "x": 2.5368278045875257, "y": -0.3799571971654724, "yaw": -3.141592653589793}
[INFO] [1788936244.687121, 105.253000]: [air_ground_pick_demo] A5_VIEWPOINT {"goal_map": [-1.4, 0.0, 1.2, 0.0], "rescan": false}
[INFO] [1788936261.509370, 117.434000]: [air_ground_pick_demo] A5_SETTLED {"uav_pose_map": [-1.394141080418863, 0.03850432033337438, 1.226346456117636, 0.00017032831177305778]}
[INFO] [1788936261.514332, 117.437000]: [air_ground_pick_demo] LANDING {}
[INFO] [1788936272.658610, 125.641000]: [air_ground_pick_demo] RM4D_CANDIDATES {"candidate_count": 34, "top_candidate_id": "candidate-000000", "top_candidate_pose_map": [2.5368278045875257, -0.3799571971654724, -3.141592653589793], "top_candidate_score": 1.0}
[INFO] [1788936272.660515, 125.643000]: [air_ground_pick_demo] GROUND_APPROACH {"navigation_goal_map": [2.5368278045875257, -0.3799571971654724, -3.141592653589793], "start_map": [3.034103848354534, -2.5433449650283237, -3.1027751037521147], "target_map": [2.0475227082148337, 0.08493223224280959, 0.06162800651038228, 0.030437180259232033], "top_candidate_id": "candidate-000000", "top_candidate_score": 1.0}
[INFO] [1788936322.489081, 159.857000]: [air_ground_pick_demo] GROUND_STOPPED {"ground_travel": 2.2386094438744744, "navigation_goal_map": [2.5368278045875257, -0.3799571971654724, -3.141592653589793], "target_distance": 0.6812969405645989, "top_candidate_id": "candidate-000000", "top_candidate_score": 1.0}
[INFO] [1788936322.495199, 159.862000]: [air_ground_pick_demo] GROUND_OBSERVE {}
[INFO] [1788936387.532452, 197.998000]: [air_ground_pick_demo] FAILED {"reason": "MoveIt refined pregrasp planning failed"}
[0m[INFO] [1788936326.014159779, 161.989000000]: Loading robot model 'bunker_aubo'...[0m
[0m[INFO] [1788936326.019011616, 161.990000000]: No root/virtual joint specified in SRDF. Assuming fixed joint[0m
[0m[INFO] [1788936327.402861937, 162.834000000]: Ready to take commands for planning group manipulator.[0m
