... logging to /media/lu/P450_PAPER/AGENT/reachability_guided_aerial_perception/outputs/development/operational-batch/launch-11-hard-ours/ros/9fca1832-ac1a-11f1-98f0-252022cc4023/roslaunch-lu-Lenovo-ThinkBook-16p-Gen-2-1596418.log
Checking log directory for disk usage. This may take a while.
Press Ctrl-C to interrupt
Done checking log file disk usage. Usage is <1GB.
]2;/media/lu/P450_PAPER/AGENT/reachability_guided_aerial_perception/outputs/development/operational-batch/launch-11-hard-ours/runtime.launch
[1mstarted roslaunch server http://lu-Lenovo-ThinkBook-16p-Gen-2:45439/[0m

SUMMARY
========

PARAMETERS
 * /air_target_observer/ambiguity_ratio: 0.65
 * /air_target_observer/camera_optical_frame: uav1/camera_link
 * /air_target_observer/color_info_topic: /uav1/camera/colo...
 * /air_target_observer/color_topic: /uav1/camera/colo...
 * /air_target_observer/depth_info_topic: /uav1/camera/dept...
 * /air_target_observer/depth_topic: /uav1/camera/dept...
 * /air_target_observer/max_depth: 4.0
 * /air_target_observer/max_future_skew: 0.1
 * /air_target_observer/max_observation_age: 1.0
 * /air_target_observer/max_position_spread: 0.15
 * /air_target_observer/max_yaw_spread: 0.35
 * /air_target_observer/min_depth: 0.25
 * /air_target_observer/min_pixels: 25
 * /air_target_observer/minimum_points: 25
 * /air_target_observer/output_topic: /air_observer/tar...
 * /air_target_observer/runtime_ready_topic: /ground/runtime_r...
 * /air_target_observer/stable_frames: 3
 * /air_target_observer/status_topic: /air_observer/status
 * /air_target_observer/sync_queue_size: 10
 * /air_target_observer/sync_slop: 0.06
 * /air_target_observer/target_frame: map
 * /air_target_observer/target_height: 0.115
 * /air_target_observer/tf_timeout: 0.25
 * /air_target_observer/top_surface_tolerance: 0.02
 * /gazebo/enable_ros_network: True
 * /gazebo_grasp_confirmation/contact_max_age: 0.3
 * /gazebo_grasp_confirmation/contact_topic: /pick_target/cont...
 * /gazebo_grasp_confirmation/joint_max_age: 0.5
 * /gazebo_grasp_confirmation/joint_state_topic: /ground/joint_states
 * /gazebo_grasp_confirmation/minimum_closed_joint: 0.2
 * /gazebo_grasp_confirmation/output_topic: /ground/gripper/g...
 * /ground/arm_controller/action_monitor_rate: 20
 * /ground/arm_controller/constraints/elbow_joint/goal: 0.05
 * /ground/arm_controller/constraints/goal_time: 2.0
 * /ground/arm_controller/constraints/shoulder_lift_joint/goal: 0.05
 * /ground/arm_controller/constraints/shoulder_pan_joint/goal: 0.05
 * /ground/arm_controller/constraints/stopped_velocity_tolerance: 0.1
 * /ground/arm_controller/constraints/wrist_1_joint/goal: 0.05
 * /ground/arm_controller/constraints/wrist_2_joint/goal: 0.05
 * /ground/arm_controller/constraints/wrist_3_joint/goal: 0.05
 * /ground/arm_controller/joints: ['shoulder_pan_jo...
 * /ground/arm_controller/state_publish_rate: 100
 * /ground/arm_controller/stop_trajectory_duration: 0.5
 * /ground/arm_controller/type: position_controll...
 * /ground/gazebo_ros_control/pid_gains/elbow_joint/d: 20.0
 * /ground/gazebo_ros_control/pid_gains/elbow_joint/i: 1.0
 * /ground/gazebo_ros_control/pid_gains/elbow_joint/i_clamp: 1.0
 * /ground/gazebo_ros_control/pid_gains/elbow_joint/p: 3000.0
 * /ground/gazebo_ros_control/pid_gains/left_outer_knuckle_joint/d: 0.1
 * /ground/gazebo_ros_control/pid_gains/left_outer_knuckle_joint/i: 1.0
 * /ground/gazebo_ros_control/pid_gains/left_outer_knuckle_joint/i_clamp: 1.0
 * /ground/gazebo_ros_control/pid_gains/left_outer_knuckle_joint/p: 10.0
 * /ground/gazebo_ros_control/pid_gains/right_outer_knuckle_joint/d: 0.1
 * /ground/gazebo_ros_control/pid_gains/right_outer_knuckle_joint/i: 1.0
 * /ground/gazebo_ros_control/pid_gains/right_outer_knuckle_joint/i_clamp: 1.0
 * /ground/gazebo_ros_control/pid_gains/right_outer_knuckle_joint/p: 20.0
 * /ground/gazebo_ros_control/pid_gains/shoulder_lift_joint/d: 200.0
 * /ground/gazebo_ros_control/pid_gains/shoulder_lift_joint/i: 1.0
 * /ground/gazebo_ros_control/pid_gains/shoulder_lift_joint/i_clamp: 1.0
 * /ground/gazebo_ros_control/pid_gains/shoulder_lift_joint/p: 12000.0
 * /ground/gazebo_ros_control/pid_gains/shoulder_pan_joint/d: 200.0
 * /ground/gazebo_ros_control/pid_gains/shoulder_pan_joint/i: 1.0
 * /ground/gazebo_ros_control/pid_gains/shoulder_pan_joint/i_clamp: 1.0
 * /ground/gazebo_ros_control/pid_gains/shoulder_pan_joint/p: 5000.0
 * /ground/gazebo_ros_control/pid_gains/wrist_1_joint/d: 1.0
 * /ground/gazebo_ros_control/pid_gains/wrist_1_joint/i: 1.0
 * /ground/gazebo_ros_control/pid_gains/wrist_1_joint/i_clamp: 1.0
 * /ground/gazebo_ros_control/pid_gains/wrist_1_joint/p: 1000.0
 * /ground/gazebo_ros_control/pid_gains/wrist_2_joint/d: 1.0
 * /ground/gazebo_ros_control/pid_gains/wrist_2_joint/i: 1.0
 * /ground/gazebo_ros_control/pid_gains/wrist_2_joint/i_clamp: 1.0
 * /ground/gazebo_ros_control/pid_gains/wrist_2_joint/p: 500.0
 * /ground/gazebo_ros_control/pid_gains/wrist_3_joint/d: 0.1
 * /ground/gazebo_ros_control/pid_gains/wrist_3_joint/i: 0.0
 * /ground/gazebo_ros_control/pid_gains/wrist_3_joint/i_clamp: 1.0
 * /ground/gazebo_ros_control/pid_gains/wrist_3_joint/p: 100.0
 * /ground/gripper_controller/action_monitor_rate: 20
 * /ground/gripper_controller/constraints/goal_time: 1.0
 * /ground/gripper_controller/constraints/left_outer_knuckle_joint/goal: 0.05
 * /ground/gripper_controller/constraints/left_outer_knuckle_joint/trajectory: 0.08
 * /ground/gripper_controller/constraints/stopped_velocity_tolerance: 0.05
 * /ground/gripper_controller/joints: ['left_outer_knuc...
 * /ground/gripper_controller/state_publish_rate: 100
 * /ground/gripper_controller/stop_trajectory_duration: 0.3
 * /ground/gripper_controller/type: position_controll...
 * /ground/joint_state_controller/publish_rate: 100
 * /ground/joint_state_controller/type: joint_state_contr...
 * /ground/move_base/DWAPlannerROS/acc_lim_theta: 1.2
 * /ground/move_base/DWAPlannerROS/acc_lim_x: 0.6
 * /ground/move_base/DWAPlannerROS/acc_lim_y: 0.0
 * /ground/move_base/DWAPlannerROS/angular_sim_granularity: 0.025
 * /ground/move_base/DWAPlannerROS/forward_point_distance: 0.0
 * /ground/move_base/DWAPlannerROS/goal_distance_bias: 20.0
 * /ground/move_base/DWAPlannerROS/holonomic_robot: False
 * /ground/move_base/DWAPlannerROS/latch_xy_goal_tolerance: True
 * /ground/move_base/DWAPlannerROS/max_vel_theta: 0.3
 * /ground/move_base/DWAPlannerROS/max_vel_trans: 0.4
 * /ground/move_base/DWAPlannerROS/max_vel_x: 0.4
 * /ground/move_base/DWAPlannerROS/max_vel_y: 0.0
 * /ground/move_base/DWAPlannerROS/min_vel_theta: 0.2
 * /ground/move_base/DWAPlannerROS/min_vel_trans: 0.0
 * /ground/move_base/DWAPlannerROS/min_vel_x: -0.2
 * /ground/move_base/DWAPlannerROS/min_vel_y: 0.0
 * /ground/move_base/DWAPlannerROS/occdist_scale: 0.01
 * /ground/move_base/DWAPlannerROS/odom_topic: /ground/odom
 * /ground/move_base/DWAPlannerROS/path_distance_bias: 32.0
 * /ground/move_base/DWAPlannerROS/sim_granularity: 0.025
 * /ground/move_base/DWAPlannerROS/sim_time: 1.5
 * /ground/move_base/DWAPlannerROS/vth_samples: 30
 * /ground/move_base/DWAPlannerROS/vx_samples: 10
 * /ground/move_base/DWAPlannerROS/vy_samples: 1
 * /ground/move_base/DWAPlannerROS/xy_goal_tolerance: 0.06
 * /ground/move_base/DWAPlannerROS/yaw_goal_tolerance: 0.08
 * /ground/move_base/base_global_planner: navfn/NavfnROS
 * /ground/move_base/base_local_planner: dwa_local_planner...
 * /ground/move_base/clearing_rotation_allowed: True
 * /ground/move_base/controller_frequency: 15.0
 * /ground/move_base/controller_patience: 8.0
 * /ground/move_base/global_costmap/always_send_full_costmap: True
 * /ground/move_base/global_costmap/footprint: [[-0.5, -0.37], [...
 * /ground/move_base/global_costmap/footprint_padding: 0.02
 * /ground/move_base/global_costmap/global_frame: map
 * /ground/move_base/global_costmap/height: 12.0
 * /ground/move_base/global_costmap/inflation_layer/cost_scaling_factor: 5.0
 * /ground/move_base/global_costmap/inflation_layer/inflation_radius: 0.15
 * /ground/move_base/global_costmap/obstacle_layer/observation_sources: scan
 * /ground/move_base/global_costmap/obstacle_layer/scan/clearing: True
 * /ground/move_base/global_costmap/obstacle_layer/scan/data_type: LaserScan
 * /ground/move_base/global_costmap/obstacle_layer/scan/inf_is_valid: True
 * /ground/move_base/global_costmap/obstacle_layer/scan/marking: True
 * /ground/move_base/global_costmap/obstacle_layer/scan/obstacle_range: 5.5
 * /ground/move_base/global_costmap/obstacle_layer/scan/raytrace_range: 6.0
 * /ground/move_base/global_costmap/obstacle_layer/scan/sensor_frame: ground/lidar_2d_link
 * /ground/move_base/global_costmap/obstacle_layer/scan/topic: /ground/scan
 * /ground/move_base/global_costmap/plugins: [{'name': 'obstac...
 * /ground/move_base/global_costmap/publish_frequency: 2.0
 * /ground/move_base/global_costmap/resolution: 0.05
 * /ground/move_base/global_costmap/robot_base_frame: ground/base_link
 * /ground/move_base/global_costmap/rolling_window: True
 * /ground/move_base/global_costmap/track_unknown_space: False
 * /ground/move_base/global_costmap/transform_tolerance: 0.3
 * /ground/move_base/global_costmap/update_frequency: 5.0
 * /ground/move_base/global_costmap/width: 12.0
 * /ground/move_base/local_costmap/always_send_full_costmap: True
 * /ground/move_base/local_costmap/footprint: [[-0.5, -0.37], [...
 * /ground/move_base/local_costmap/footprint_padding: 0.02
 * /ground/move_base/local_costmap/global_frame: ground/odom
 * /ground/move_base/local_costmap/height: 4.0
 * /ground/move_base/local_costmap/inflation_layer/cost_scaling_factor: 5.0
 * /ground/move_base/local_costmap/inflation_layer/inflation_radius: 0.15
 * /ground/move_base/local_costmap/obstacle_layer/observation_sources: scan
 * /ground/move_base/local_costmap/obstacle_layer/scan/clearing: True
 * /ground/move_base/local_costmap/obstacle_layer/scan/data_type: LaserScan
 * /ground/move_base/local_costmap/obstacle_layer/scan/inf_is_valid: True
 * /ground/move_base/local_costmap/obstacle_layer/scan/marking: True
 * /ground/move_base/local_costmap/obstacle_layer/scan/obstacle_range: 5.5
 * /ground/move_base/local_costmap/obstacle_layer/scan/raytrace_range: 6.0
 * /ground/move_base/local_costmap/obstacle_layer/scan/sensor_frame: ground/lidar_2d_link
 * /ground/move_base/local_costmap/obstacle_layer/scan/topic: /ground/scan
 * /ground/move_base/local_costmap/plugins: [{'name': 'obstac...
 * /ground/move_base/local_costmap/publish_frequency: 5.0
 * /ground/move_base/local_costmap/resolution: 0.05
 * /ground/move_base/local_costmap/robot_base_frame: ground/base_link
 * /ground/move_base/local_costmap/rolling_window: True
 * /ground/move_base/local_costmap/track_unknown_space: False
 * /ground/move_base/local_costmap/transform_tolerance: 0.3
 * /ground/move_base/local_costmap/update_frequency: 10.0
 * /ground/move_base/local_costmap/width: 4.0
 * /ground/move_base/oscillation_distance: 0.05
 * /ground/move_base/oscillation_timeout: 0.0
 * /ground/move_base/planner_frequency: 2.0
 * /ground/move_base/planner_patience: 5.0
 * /ground/move_base/recovery_behavior_enabled: False
 * /ground/move_base/shutdown_costmaps: False
 * /ground/robot_description: <?xml version='1....
 * /ground/spawn_ground_robot/controller_timeout: 30.0
 * /ground/spawn_ground_robot/model_timeout: 30.0
 * /ground/spawn_ground_robot/pitch: 0.0
 * /ground/spawn_ground_robot/roll: 0.0
 * /ground/spawn_ground_robot/x: 3.0590317487041685
 * /ground/spawn_ground_robot/y: -2.420658412418086
 * /ground/spawn_ground_robot/yaw: 3.1731298861769486
 * /ground/spawn_ground_robot/z: 0.36
 * /ground_target_observer/ambiguity_ratio: 0.65
 * /ground_target_observer/camera_optical_frame: ground/d435_color...
 * /ground_target_observer/color_info_topic: /ground/d435/colo...
 * /ground_target_observer/color_topic: /ground/d435/colo...
 * /ground_target_observer/depth_info_topic: /ground/d435/dept...
 * /ground_target_observer/depth_topic: /ground/d435/dept...
 * /ground_target_observer/max_depth: 2.5
 * /ground_target_observer/max_future_skew: 0.1
 * /ground_target_observer/max_observation_age: 1.0
 * /ground_target_observer/max_position_spread: 0.05
 * /ground_target_observer/max_yaw_spread: 0.2
 * /ground_target_observer/min_depth: 0.12
 * /ground_target_observer/min_pixels: 40
 * /ground_target_observer/minimum_points: 40
 * /ground_target_observer/output_topic: /ground_observer/...
 * /ground_target_observer/runtime_ready_topic: /ground/runtime_r...
 * /ground_target_observer/stable_frames: 4
 * /ground_target_observer/status_topic: /ground_observer/...
 * /ground_target_observer/sync_queue_size: 10
 * /ground_target_observer/sync_slop: 0.06
 * /ground_target_observer/target_frame: map
 * /ground_target_observer/target_height: 0.115
 * /ground_target_observer/tf_timeout: 0.25
 * /ground_target_observer/top_surface_tolerance: 0.015
 * /move_group/allow_trajectory_execution: True
 * /move_group/controller_list: [{'name': '/groun...
 * /move_group/manipulator/default_planner_config: RRTConnectkConfig...
 * /move_group/manipulator/longest_valid_segment_fraction: 0.005
 * /move_group/manipulator/planner_configs: ['RRTConnectkConf...
 * /move_group/manipulator/projection_evaluator: joints(shoulder_p...
 * /move_group/moveit_controller_manager: moveit_simple_con...
 * /move_group/planner_configs/RRTConnectkConfigDefault/range: 0.0
 * /move_group/planner_configs/RRTConnectkConfigDefault/type: geometric::RRTCon...
 * /move_group/planning_plugin: ompl_interface/OM...
 * /move_group/planning_scene_monitor/publish_geometry_updates: True
 * /move_group/planning_scene_monitor/publish_planning_scene: True
 * /move_group/planning_scene_monitor/publish_state_updates: True
 * /move_group/planning_scene_monitor/publish_transforms_updates: True
 * /move_group/request_adapters: default_planner_r...
 * /move_group/start_state_max_bounds_error: 0.1
 * /move_group/trajectory_execution/allowed_execution_duration_scaling: 1.5
 * /move_group/trajectory_execution/allowed_goal_duration_margin: 1.0
 * /move_group/trajectory_execution/allowed_start_tolerance: 0.05
 * /p450_flight_facade/action_name: /uav1/runtime/flight
 * /p450_flight_facade/command_topic: /uav1/prometheus/...
 * /p450_flight_facade/control_state_topic: /uav1/prometheus/...
 * /p450_flight_facade/fly_to_position_tolerance: 0.05
 * /p450_flight_facade/odom_frame: uav1/odom
 * /p450_flight_facade/odom_topic: /uav1/prometheus/...
 * /p450_flight_facade/position_tolerance: 0.15
 * /p450_flight_facade/setup_topic: /uav1/prometheus/...
 * /p450_flight_facade/state_topic: /uav1/prometheus/...
 * /robot_description: <?xml version='1....
 * /robot_description_kinematics/manipulator/kinematics_solver: kdl_kinematics_pl...
 * /robot_description_kinematics/manipulator/kinematics_solver_search_resolution: 0.005
 * /robot_description_kinematics/manipulator/kinematics_solver_timeout: 0.08
 * /robot_description_planning/joint_limits/elbow_joint/has_acceleration_limits: True
 * /robot_description_planning/joint_limits/elbow_joint/has_velocity_limits: True
 * /robot_description_planning/joint_limits/elbow_joint/max_acceleration: 2.0
 * /robot_description_planning/joint_limits/elbow_joint/max_velocity: 1.5
 * /robot_description_planning/joint_limits/left_outer_knuckle_joint/has_acceleration_limits: True
 * /robot_description_planning/joint_limits/left_outer_knuckle_joint/has_velocity_limits: True
 * /robot_description_planning/joint_limits/left_outer_knuckle_joint/max_acceleration: 2.0
 * /robot_description_planning/joint_limits/left_outer_knuckle_joint/max_velocity: 1.0
 * /robot_description_planning/joint_limits/shoulder_lift_joint/has_acceleration_limits: True
 * /robot_description_planning/joint_limits/shoulder_lift_joint/has_velocity_limits: True
 * /robot_description_planning/joint_limits/shoulder_lift_joint/max_acceleration: 2.0
 * /robot_description_planning/joint_limits/shoulder_lift_joint/max_velocity: 1.5
 * /robot_description_planning/joint_limits/shoulder_pan_joint/has_acceleration_limits: True
 * /robot_description_planning/joint_limits/shoulder_pan_joint/has_velocity_limits: True
 * /robot_description_planning/joint_limits/shoulder_pan_joint/max_acceleration: 2.0
 * /robot_description_planning/joint_limits/shoulder_pan_joint/max_velocity: 1.5
 * /robot_description_planning/joint_limits/wrist_1_joint/has_acceleration_limits: True
 * /robot_description_planning/joint_limits/wrist_1_joint/has_velocity_limits: True
 * /robot_description_planning/joint_limits/wrist_1_joint/max_acceleration: 2.5
 * /robot_description_planning/joint_limits/wrist_1_joint/max_velocity: 1.8
 * /robot_description_planning/joint_limits/wrist_2_joint/has_acceleration_limits: True
 * /robot_description_planning/joint_limits/wrist_2_joint/has_velocity_limits: True
 * /robot_description_planning/joint_limits/wrist_2_joint/max_acceleration: 2.5
 * /robot_description_planning/joint_limits/wrist_2_joint/max_velocity: 1.8
 * /robot_description_planning/joint_limits/wrist_3_joint/has_acceleration_limits: True
 * /robot_description_planning/joint_limits/wrist_3_joint/has_velocity_limits: True
 * /robot_description_planning/joint_limits/wrist_3_joint/max_acceleration: 2.5
 * /robot_description_planning/joint_limits/wrist_3_joint/max_velocity: 1.8
 * /robot_description_semantic: <?xml version="1....
 * /rosdistro: noetic
 * /rosversion: 1.17.4
 * /spawn_pick_target/air_image_topic: /uav1/camera/colo...
 * /spawn_pick_target/ground_image_topic: /ground/d435/colo...
 * /spawn_pick_target/model_name: pick_target
 * /spawn_pick_target/model_path: /media/lu/P450_PA...
 * /spawn_pick_target/reference_frame: world
 * /spawn_pick_target/runtime_ready_topic: /ground/runtime_r...
 * /spawn_pick_target/x: 2.0118863382997163
 * /spawn_pick_target/y: 0.1325291544290921
 * /spawn_pick_target/yaw: -0.29771096792902724
 * /spawn_pick_target/z: 0.0575
 * /uav1/mavros/cmd/use_comp_id_system_control: False
 * /uav1/mavros/conn/heartbeat_rate: 1.0
 * /uav1/mavros/conn/system_time_rate: 1.0
 * /uav1/mavros/conn/timeout: 10.0
 * /uav1/mavros/conn/timesync_rate: 10.0
 * /uav1/mavros/fcu_url: udp://:14540@loca...
 * /uav1/mavros/gcs_url: 
 * /uav1/mavros/global_position/child_frame_id: base_link
 * /uav1/mavros/global_position/frame_id: map
 * /uav1/mavros/global_position/gps_uere: 1.0
 * /uav1/mavros/global_position/rot_covariance: 99999.0
 * /uav1/mavros/global_position/tf/child_frame_id: map_base_link
 * /uav1/mavros/global_position/tf/frame_id: map
 * /uav1/mavros/global_position/tf/global_frame_id: earth
 * /uav1/mavros/global_position/tf/send: False
 * /uav1/mavros/global_position/use_relative_alt: True
 * /uav1/mavros/imu/angular_velocity_stdev: 0.0003490659 // 0...
 * /uav1/mavros/imu/frame_id: base_link
 * /uav1/mavros/imu/linear_acceleration_stdev: 0.0003
 * /uav1/mavros/imu/magnetic_stdev: 0.0
 * /uav1/mavros/imu/orientation_stdev: 1.0
 * /uav1/mavros/local_position/frame_id: map
 * /uav1/mavros/local_position/tf/child_frame_id: map_base_link
 * /uav1/mavros/local_position/tf/frame_id: map
 * /uav1/mavros/local_position/tf/send: False
 * /uav1/mavros/local_position/tf/send_fcu: False
 * /uav1/mavros/plugin_blacklist: ['actuator_contro...
 * /uav1/mavros/plugin_whitelist: ['altitude', 'com...
 * /uav1/mavros/setpoint_raw/thrust_scaling: 1.0
 * /uav1/mavros/startup_px4_usb_quirk: True
 * /uav1/mavros/sys/disable_diag: False
 * /uav1/mavros/sys/min_voltage: 10.0
 * /uav1/mavros/target_component_id: 1
 * /uav1/mavros/target_system_id: 1
 * /uav1/mavros/time/publish_sim_time: False
 * /uav1/mavros/time/time_ref_source: fcu
 * /uav1/mavros/time/timesync_avg_alpha: 0.6
 * /uav1/mavros/time/timesync_mode: MAVLINK
 * /uav1/mavros/vision_pose/tf/child_frame_id: vision_estimate
 * /uav1/mavros/vision_pose/tf/frame_id: map
 * /uav1/mavros/vision_pose/tf/listen: False
 * /uav1/mavros/vision_pose/tf/rate_limit: 10.0
 * /uav1/mavros/vision_speed/listen_twist: True
 * /uav1/mavros/vision_speed/twist_cov: True
 * /uav1/sdf_p450_D435i_0: <?xml version='1....
 * /uav_control_main_1/BSA_SLAM/offset_pitch: 0.0
 * /uav_control_main_1/BSA_SLAM/offset_roll: 0.0
 * /uav_control_main_1/BSA_SLAM/offset_x: 0.0
 * /uav_control_main_1/BSA_SLAM/offset_y: 0.0
 * /uav_control_main_1/BSA_SLAM/offset_yaw: 0.0
 * /uav_control_main_1/BSA_SLAM/offset_z: 0.0
 * /uav_control_main_1/D435i/offset_pitch: 0.0
 * /uav_control_main_1/D435i/offset_roll: -1.9207963267948966
 * /uav_control_main_1/D435i/offset_x: 0.13614773689465415
 * /uav_control_main_1/D435i/offset_y: 0.0
 * /uav_control_main_1/D435i/offset_yaw: -1.5707963267948966
 * /uav_control_main_1/D435i/offset_z: 0.11272472554168546
 * /uav_control_main_1/Lidar/offset_pitch: 0.35
 * /uav_control_main_1/Lidar/offset_roll: 0.0
 * /uav_control_main_1/Lidar/offset_x: 0.14714489037277256
 * /uav_control_main_1/Lidar/offset_y: 0.0
 * /uav_control_main_1/Lidar/offset_yaw: 0.0
 * /uav_control_main_1/Lidar/offset_z: 0.27696863564236895
 * /uav_control_main_1/T265/offset_pitch: 0.0
 * /uav_control_main_1/T265/offset_roll: 0.0
 * /uav_control_main_1/T265/offset_x: 0.0
 * /uav_control_main_1/T265/offset_y: 0.0
 * /uav_control_main_1/T265/offset_yaw: 0.0
 * /uav_control_main_1/T265/offset_z: 0.0
 * /uav_control_main_1/control/COMMAND_MPC_ACC_HOR: 2.0
 * /uav_control_main_1/control/COMMAND_MPC_XY_VEL_MAX: 1.0
 * /uav_control_main_1/control/Disarm_height: 0.1
 * /uav_control_main_1/control/Land_speed: 0.2
 * /uav_control_main_1/control/Takeoff_height: 1.5
 * /uav_control_main_1/control/enable_external_control: False
 * /uav_control_main_1/control/location_source: 4
 * /uav_control_main_1/control/maximum_safe_vel_xy: 5.0
 * /uav_control_main_1/control/maximum_safe_vel_z: 4.0
 * /uav_control_main_1/control/maximum_vel_error_for_Odom: 0.8
 * /uav_control_main_1/control/maximum_vel_error_for_vision: 2.0
 * /uav_control_main_1/control/pos_controller: 0
 * /uav_control_main_1/enable_px4_params_load: False
 * /uav_control_main_1/flag_printf: False
 * /uav_control_main_1/geo_fence/x_max: 1000.0
 * /uav_control_main_1/geo_fence/x_min: -1000.0
 * /uav_control_main_1/geo_fence/y_max: 1000.0
 * /uav_control_main_1/geo_fence/y_min: -1000.0
 * /uav_control_main_1/geo_fence/z_max: 1000.0
 * /uav_control_main_1/geo_fence/z_min: -50.0
 * /uav_control_main_1/px4_params/EKF2_AID_MASK: 1
 * /uav_control_main_1/px4_params/EKF2_HGT_MODE: 0
 * /uav_control_main_1/px4_params/MC_YAWRATE_MAX: 30.0
 * /uav_control_main_1/px4_params/MPC_ACC_HOR: 3.0
 * /uav_control_main_1/px4_params/MPC_VEL_MANUAL: 3.0
 * /uav_control_main_1/px4_params/MPC_XY_VEL_MAX: 3.0
 * /uav_control_main_1/sim_mode: True
 * /uav_control_main_1/tf_parent_frame: uav1/odom
 * /uav_control_main_1/uav_id: 1
 * /use_sim_time: True

NODES
  /
    air_target_observer (air_ground_pick_demo/red_target_observer.py)
    gazebo (gazebo_ros/gzserver)
    gazebo_grasp_confirmation (ground_manipulator_runtime/gazebo_grasp_confirmation.py)
    ground_target_observer (air_ground_pick_demo/red_target_observer.py)
    move_group (moveit_ros_move_group/move_group)
    p450_flight_facade (p450_flight_facade/p450_flight_facade_node.py)
    sim_localization_ground (tf2_ros/static_transform_publisher)
    sim_localization_uav1 (sim_platform_bringup/sim_uav_localization.py)
    sim_world_to_map (tf2_ros/static_transform_publisher)
    spawn_pick_target (air_ground_pick_demo/spawn_pick_target.py)
    uav_control_main_1 (prometheus_uav_control/uav_control_main)
  /ground/
    controller_spawner (controller_manager/spawner)
    move_base (move_base/move_base)
    robot_state_publisher (robot_state_publisher/robot_state_publisher)
    runtime_stop (bunker_navigation/ground_stop_server.py)
    spawn_ground_robot (ground_manipulator_runtime/spawn_ground_robot.py)
    velocity_guard (bunker_sim_runtime/velocity_guard.py)
  /uav1/
    mavros (mavros/mavros_node)
    p450_D435i_1_spawn (gazebo_ros/spawn_model)
    p450_tf_camera_color_optical (tf2_ros/static_transform_publisher)
    p450_tf_camera_d435i (tf2_ros/static_transform_publisher)
    p450_tf_camera_depth (tf2_ros/static_transform_publisher)
    p450_tf_camera_imu (tf2_ros/static_transform_publisher)
    p450_tf_camera_ired1 (tf2_ros/static_transform_publisher)
    p450_tf_camera_ired2 (tf2_ros/static_transform_publisher)
    p450_tf_depth_optical (tf2_ros/static_transform_publisher)
    sitl_1 (sim_platform_bringup/px4_sitl_node.bash)
[rcS] Info: found model autostart file as SYS_AUTOSTART=1045
INFO  [param] selected parameter default file eeprom/parameters_1045
[rcS] parameter file not found, creating eeprom/parameters_1045
  SYS_AUTOCONFIG: curr: 0 -> new: 1
  SYS_AUTOSTART: curr: 0 -> new: 1045
  CAL_ACC0_ID: curr: 0 -> new: 1310988
  CAL_GYRO0_ID: curr: 0 -> new: 1310988
  CAL_ACC1_ID: curr: 0 -> new: 1310996
  CAL_GYRO1_ID: curr: 0 -> new: 1310996
  CAL_ACC2_ID: curr: 0 -> new: 1311004
  CAL_GYRO2_ID: curr: 0 -> new: 1311004
  CAL_MAG0_ID: curr: 0 -> new: 197388
  CAL_MAG1_ID: curr: 0 -> new: 197644
  SENS_BOARD_X_OFF: curr: 0.0000 -> new: 0.0000
  SENS_DPRES_OFF: curr: 0.0000 -> new: 0.0010
[33m[WARN] [1788936579.472603824]: The root link ground/base_link has an inertia specified in the URDF, but KDL does not support a root link with an inertia.  As a workaround, you can add an extra dummy link to your URDF.[0m
[rcS] COM_DL_LOSS_T set to 10.0
[rcS] COM_RC_LOSS_T set to .5
[rcS] COM_OF_LOSS_T set to .5
  COM_OF_LOSS_T: curr: 1.0000 -> new: 0.5000
[33m[WARN] [1788936579.516471039]: DS: plugin not configured![0m
[rcS] COM_OBC_LOSS_T set to 5.0
[33m[WARN] [1788936579.581167035]: Falling back to using the move_group node's namespace (deprecated Melodic behavior).[0m
[0m[INFO] [1788936579.457194162]: FCU URL: udp://:14540@localhost:14580[0m
[0m[INFO] [1788936579.460451472]: udp0: Bind address: 0.0.0.0:14540[0m
[0m[INFO] [1788936579.460627269]: udp0: Remote address: 127.0.0.1:14580[0m
[0m[INFO] [1788936579.460711711]: GCS bridge disabled[0m
[0m[INFO] [1788936579.464828450]: Plugin 3dr_radio blacklisted[0m
[0m[INFO] [1788936579.464885234]: Plugin actuator_control blacklisted[0m
[0m[INFO] [1788936579.464918619]: Plugin adsb blacklisted[0m
[0m[INFO] [1788936579.474643476]: Plugin altitude loaded[0m
[0m[INFO] [1788936579.479510060]: Plugin altitude initialized[0m
[0m[INFO] [1788936579.479586329]: Plugin cam_imu_sync blacklisted[0m
[0m[INFO] [1788936579.479625093]: Plugin camera blacklisted[0m
[0m[INFO] [1788936579.486120576]: Plugin cellular_status loaded[0m
[0m[INFO] [1788936579.498647501]: Plugin cellular_status initialized[0m
[0m[INFO] [1788936579.499344473]: Plugin command loaded[0m
[0m[INFO] [1788936579.509177867]: Plugin command initialized[0m
[0m[INFO] [1788936579.509339556]: Plugin companion_process_status loaded[0m
[0m[INFO] [1788936579.514391366]: Plugin companion_process_status initialized[0m
[0m[INFO] [1788936579.514456181]: Plugin debug_value blacklisted[0m
[0m[INFO] [1788936579.514641198]: Plugin distance_sensor loaded[0m
[0m[INFO] [1788936579.516543397]: Plugin distance_sensor initialized[0m
[0m[INFO] [1788936579.516571544]: Plugin esc_status blacklisted[0m
[0m[INFO] [1788936579.516589284]: Plugin esc_telemetry blacklisted[0m
[0m[INFO] [1788936579.516606326]: Plugin fake_gps blacklisted[0m
[0m[INFO] [1788936579.516623159]: Plugin ftp blacklisted[0m
[0m[INFO] [1788936579.516640270]: Plugin geofence blacklisted[0m
[0m[INFO] [1788936579.516795114]: Plugin global_position loaded[0m
[0m[INFO] [1788936579.555438284]: Plugin global_position initialized[0m
[0m[INFO] [1788936579.555487803]: Plugin gps_input blacklisted[0m
[0m[INFO] [1788936579.555634685]: Plugin gps_rtk loaded[0m
[0m[INFO] [1788936579.558406021]: Plugin gps_rtk initialized[0m
[0m[INFO] [1788936579.558592505]: Plugin gps_status loaded[0m
[0m[INFO] [1788936579.560664075]: Plugin gps_status initialized[0m
[0m[INFO] [1788936579.560801877]: Plugin guided_target loaded[0m
[0m[INFO] [1788936579.564971768]: Plugin guided_target initialized[0m
[0m[INFO] [1788936579.565011230]: Plugin hil blacklisted[0m
[0m[INFO] [1788936579.565158531]: Plugin home_position loaded[0m
[0m[INFO] [1788936579.580235107]: Plugin home_position initialized[0m
[0m[INFO] [1788936579.580507429]: Plugin imu loaded[0m
[0m[INFO] [1788936579.592739542]: Plugin imu initialized[0m
[0m[INFO] [1788936579.592787735]: Plugin landing_target blacklisted[0m
[0m[INFO] [1788936579.592931823]: Plugin local_position loaded[0m
[0m[INFO] [1788936579.628874966]: Plugin local_position initialized[0m
[0m[INFO] [1788936579.628931609]: Plugin log_transfer blacklisted[0m
[0m[INFO] [1788936579.628954868]: Plugin mag_calibration_status blacklisted[0m
[0m[INFO] [1788936579.628978405]: Plugin manual_control blacklisted[0m
[0m[INFO] [1788936579.628996285]: Plugin mocap_pose_estimate blacklisted[0m
[0m[INFO] [1788936579.629012978]: Plugin mount_control blacklisted[0m
[0m[INFO] [1788936579.629034280]: Plugin nav_controller_output blacklisted[0m
[0m[INFO] [1788936579.629052370]: Plugin obstacle_distance blacklisted[0m
[0m[INFO] [1788936579.629071507]: Plugin odom blacklisted[0m
[0m[INFO] [1788936579.629091412]: Plugin onboard_computer_status blacklisted[0m
[0m[INFO] [1788936579.629242066]: Plugin param loaded[0m
[0m[INFO] [1788936579.634539936]: Plugin param initialized[0m
[0m[INFO] [1788936579.634598256]: Plugin play_tune blacklisted[0m
[0m[INFO] [1788936579.634619767]: Plugin px4flow blacklisted[0m
[0m[INFO] [1788936579.634637019]: Plugin rallypoint blacklisted[0m
[0m[INFO] [1788936579.634655528]: Plugin rangefinder blacklisted[0m
[0m[INFO] [1788936579.634812327]: Plugin rc_io loaded[0m
[0m[INFO] [1788936579.639626109]: Plugin rc_io initialized[0m
[0m[INFO] [1788936[33m[WARN] [1788936579.987971291]: Link ground/wheel1_1_Link has visual geometry but no collision geometry. Collision geometry will be left empty. Fix your URDF file by explicitly specifying collision geometry.[0m
[33m[WARN] [1788936579.989653132]: Link ground/wheel1_2_Link has visual geometry but no collision geometry. Collision geometry will be left empty. Fix your URDF file by explicitly specifying collision geometry.[0m
[33m[WARN] [1788936579.989823970]: Link ground/wheel1_3_Link has visual geometry but no collision geometry. Collision geometry will be left empty. Fix your URDF file by explicitly specifying collision geometry.[0m
[33m[WARN] [1788936579.989911555]: Link ground/wheel1_Link has visual geometry but no collision geometry. Collision geometry will be left empty. Fix your URDF file by explicitly specifying collision geometry.[0m
[33m[WARN] [1788936579.989965125]: Link ground/wheel2_1_Link has visual geometry but no collision geometry. Collision geometry will be left empty. Fix your URDF file by explicitly specifying collision geometry.[0m
[33m[WARN] [1788936579.990046283]: Link ground/wheel2_2_Link has visual geometry but no collision geometry. Collision geometry will be left empty. Fix your URDF file by explicitly specifying collision geometry.[0m
[33m[WARN] [1788936579.990095803]: Link ground/wheel2_3_Link has visual geometry but no collision geometry. Collision geometry will be left empty. Fix your URDF file by explicitly specifying collision geometry.[0m
[33m[WARN] [1788936579.990145462]: Link ground/wheel2_Link has visual geometry but no collision geometry. Collision geometry will be left empty. Fix your URDF file by explicitly specifying collision geometry.[0m
[33m[WARN] [1788936579.990198473]: Link ground/wheel3_1_Link has visual geometry but no collision geometry. Collision geometry will be left empty. Fix your URDF file by explicitly specifying collision geometry.[0m
[33m[WARN] [1788936579.990242894]: Link ground/wheel3_2_Link has visual geometry but no collision geometry. Collision geometry will be left empty. Fix your URDF file by explicitly specifying collision geometry.[0m
[33m[WARN] [1788936579.990287594]: Link ground/wheel3_3_Link has visual geometry but no collision geometry. Collision geometry will be left empty. Fix your URDF file by explicitly specifying collision geometry.[0m
[33m[WARN] [1788936579.990334948]: Link ground/wheel3_Link has visual geometry but no collision geometry. Collision geometry will be left empty. Fix your URDF file by explicitly specifying collision geometry.[0m
[33m[WARN] [1788936579.990383979]: Link ground/wheel4_1_Link has visual geometry but no collision geometry. Collision geometry will be left empty. Fix your URDF file by explicitly specifying collision geometry.[0m
[33m[WARN] [1788936579.990435244]: Link ground/wheel4_2_Link has visual geometry but no collision geometry. Collision geometry will be left empty. Fix your URDF file by explicitly specifying collision geometry.[0m
[33m[WARN] [1788936579.990487138]: Link ground/wheel4_3_Link has visual geometry but no collision geometry. Collision geometry will be left empty. Fix your URDF file by explicitly specifying collision geometry.[0m
[33m[WARN] [1788936579.990570113]: Link ground/wheel4_Link has visual geometry but no collision geometry. Collision geometry will be left empty. Fix your URDF file by explicitly specifying collision geometry.[0m
[33m[WARN] [1788936580.063715262]: The root link ground/base_link has an inertia specified in the URDF, but KDL does not support a root link with an inertia.  As a workaround, you can add an extra dummy link to your URDF.[0m
* SYS_AUTOCONFIG: curr: 1 -> new: 0
  IMU_INTEG_RATE: curr: 200 -> new: 250
PX4 SIM HOST: localhost
[33m[WARN] [1788936580.641772693]: Resolution not specified for Octomap. Assuming resolution = 0.1 instead[0m
[0m[INFO] [1788936580.248185590]: Finished loading Gazebo ROS API Plugin.[0m
[0m[INFO] [1788936580.249562004]: waitForService: Service [/gazebo/set_physics_properties] has not been advertised, waiting...[0m
[0m[INFO] [1788936581.230550588, 0.001000000]: waitForService: Service [/gazebo/set_physics_properties] is now available.[0m
[0m[INFO] [1788936581.258307602, 0.027000000]: Physics dynamic reconfigure ready.[0m
[0m[INFO] [1788936581.611348475, 0.156000000]: <robotNamespace> set to: /ground/[0m
[0m[INFO] [1788936581.611378508, 0.156000000]: <topicName> set to: imu/data[0m
[0m[INFO] [1788936581.611388984, 0.156000000]: <frameName> set to: ground/imu_link[0m
[0m[INFO] [1788936581.611413849, 0.156000000]: <updateRateHZ> set to: 100[0m
[0m[INFO] [1788936581.611426979, 0.156000000]: <gaussianNoise> set to: 0.002[0m
[0m[INFO] [1788936581.611457781, 0.156000000]: <xyzOffset> set to: 0 0 0[0m
[0m[INFO] [1788936581.611487325, 0.156000000]: <rpyOffset> set to: 0 -0 0[0m
[0m[INFO] [1788936581.809668275, 0.156000000]: Laser Plugin: Using the 'robotNamespace' param: '/ground'[0m
[0m[INFO] [1788936581.809704385, 0.156000000]: Starting Laser Plugin (ns = /ground)[0m
[0m[INFO] [1788936581.810370346, 0.156000000]: Laser Plugin (ns = /ground)  <tf_prefix_>, set to ""[0m
[0m[INFO] [1788936583.117636725, 0.156000000]: Camera Plugin: Using the 'robotNamespace' param: '/ground'[0m
[0m[INFO] [1788936583.119760818, 0.156000000]: Camera Plugin (ns = /ground)  <tf_prefix_>, set to ""[0m
[0m[INFO] [1788936583.126187154, 0.156000000]: Camera Plugin: Using the 'robotNamespace' param: '/ground'[0m
[0m[INFO] [1788936583.127994225, 0.156000000]: Camera Plugin (ns = /ground)  <tf_prefix_>, set to ""[0m
[0m[INFO] [1788936583.432966802, 0.156000000]: MimicJointPlugin loaded! Joint: "left_outer_knuckle_joint", Mimic joint: "right_outer_knuckle_joint", Multiplier: 1, Offset: 0, MaxEffort: 50, Sensitiveness: 0[0m
[0m[INFO] [1788936583.445106299, 0.156000000]: BUNKER planar move ready on /ground/cmd_vel[0m
[0m[INFO] [1788936583.456281740, 0.156000000]: Loading gazebo_ros_control plugin[0m
[0m[INFO] [1788936583.456384411, 0.156000000]: Starting gazebo_ros_control plugin in namespace: /ground[0m
[0m[INFO] [1788936583.456989538, 0.156000000]: gazebo_ros_control plugin is waiting for model URDF in parameter [/ground/robot_description] on the ROS param server.[0m
[0m[INFO] [1788936583.659987173, 0.156000000]: Loaded gazebo_ros_control.[0m
[1;33mWarning [parser.cc:833][0m XML Attribute[version] in element[sdf] not defined in SDF, ignoring.
[1;33mWarning [parser.cc:833][0m XML Attribute[version] in element[sdf] not defined in SDF, ignoring.
[INFO] [1788936579.949167, 0.000000]: Loading model XML from ros parameter sdf_p450_D435i_0
[INFO] [1788936579.959877, 0.000000]: Waiting for service /gazebo/spawn_sdf_model
[INFO] [1788936581.473510, 0.156000]: Calling service /gazebo/spawn_sdf_model
[INFO] [1788936584.299598, 0.355000]: Spawn status: SpawnModel: Successfully spawned entity
[0m[INFO] [1788936584.506890886, 0.355000000]: <robotNamespace> set to: /uav1/[0m
[0m[INFO] [1788936584.506967575, 0.355000000]: <topicName> set to: /uav1/camera/imu[0m
[0m[INFO] [1788936584.506982032, 0.355000000]: <frameName> set to: /uav1/camera_imu_link[0m
[0m[INFO] [1788936584.507001938, 0.355000000]: <updateRateHZ> set to: 100[0m
[0m[INFO] [1788936584.507070664, 0.355000000]: <gaussianNoise> set to: 0[0m
[0m[INFO] [1788936584.507098113, 0.355000000]: <xyzOffset> set to: 0 0 0[0m
[0m[INFO] [1788936584.507142813, 0.355000000]: <rpyOffset> set to: 0 -0 0[0m
[0m[INFO] [1788936584.513921511, 0.355000000]: load csv file name:/media/lu/P450_PAPER/SIM/p450_sim_v1/.worktrees/bunker-a-implementation/install/p450-clean/share/sim_platform_assets/models/MID360/scan_mode/mid360.csv[0m
cannot convert str:
data size:800000
[0m[INFO] [1788936585.139828171, 0.355000000]: ros topic name:/uav1/livox/lidar[0m
[0m[INFO] [1788936585.139903184, 0.355000000]: ros frame id: uav1/lidar_link[0m
[0m[INFO] [1788936585.158899392, 0.355000000]: scan info size:800000[0m
[0m[INFO] [1788936585.159398636, 0.355000000]: sample:10000[0m
[0m[INFO] [1788936585.159413932, 0.355000000]: downsample:1[0m
[0m[INFO] [1788936585.159424548, 0.355000000]: publish_pointcloud_type: 2[0m
[0m[INFO] [1788936587.922126146, 0.355000000]: Realsense Gazebo ROS plugin loading.[0m

RealSensePlugin: The realsense_camera plugin is attached to model p450_D435i_0
RealSensePlugin: Camera renderers are ready for model p450_D435i_0
[0m[INFO] [1788936579.612690805]: Loading robot model 'bunker_aubo'...[0m
[0m[INFO] [1788936579.612744235]: No root/virtual joint specified in SRDF. Assuming fixed joint[0m
[0m[INFO] [1788936580.631468971]: Publishing maintained planning scene on 'monitored_planning_scene'[0m
[0m[INFO] [1788936580.633859868]: Listening to 'joint_states' for joint states[0m
[0m[INFO] [1788936580.636733525]: Listening to '/attached_collision_object' for attached collision objects[0m
[0m[INFO] [1788936580.636758809]: Starting planning scene monitor[0m
[0m[INFO] [1788936580.638684685]: Listening to '/planning_scene'[0m
[0m[INFO] [1788936580.638713810]: Starting world geometry update monitor for collision objects, attached objects, octomap updates.[0m
[0m[INFO] [1788936580.640158042]: Listening to '/collision_object'[0m
[0m[INFO] [1788936580.641304669]: Listening to '/planning_scene_world' for planning scene world geometry[0m
[0m[INFO] [1788936580.642120865]: No 3D sensor plugin(s) defined for octomap updates[0m
[0m[INFO] [1788936581.157775339]: Loading planning pipeline ''[0m
[0m[INFO] [1788936581.189436976]: Using planning interface 'OMPL'[0m
[0m[INFO] [1788936581.194070071]: Param 'default_workspace_bounds' was not set. Using default value: 10[0m
[0m[INFO] [1788936581.194617019]: Param 'start_state_max_bounds_error' was set to 0.1[0m
[0m[INFO] [1788936581.194961000]: Param 'start_state_max_dt' was not set. Using default value: 0.5[0m
[0m[INFO] [1788936581.195268802]: Param 'start_state_max_dt' was not set. Using default value: 0.5[0m
[0m[INFO] [1788936581.195560750]: Param 'jiggle_fraction' was not set. Using default value: 0.02[0m
[0m[INFO] [1788936581.195841941]: Param 'max_sampling_attempts' was not set. Using default value: 100[0m
[0m[INFO] [1788936581.195874907]: Using planning request adapter 'Add Time Parameterization'[0m
[0m[INFO] [1788936581.195888667]: Using planning request adapter 'Fix Workspace Bounds'[0m
[0m[INFO] [1788936581.195898515]: Using planning request adapter 'Fix Start State Bounds'[0m
[0m[INFO] [1788936581.195906128]: Using planning request adapter 'Fix Start State In Collision'[0m
[0m[INFO] [1788936581.195913811]: Using planning request adapter 'Fix Start State Path Constraints'[0m
[0m[INFO] [1788936588.374853236, 0.647000000]: Added FollowJointTrajectory controller for /ground/arm_controller[0m
[0m[INFO] [1788936588.806967580, 1.035000000]: Added FollowJointTrajectory controller for /ground/gripper_controller[0m
[0m[INFO] [1788936588.807236339, 1.035000000]: Returned 2 controllers in list[0m
[0m[INFO] [1788936588.818092869, 1.046000000]: Trajectory execution is not managing controllers[0m
[0m[INFO] [1788936588.818126673, 1.046000000]: MoveGroup debug mode is OFF[0m
[96mLoading 'move_group/ApplyPlanningSceneService'...
[0m[96mLoading 'move_group/ClearOctomapService'...
[0m[96mLoading 'move_group/MoveGroupCartesianPathService'...
[0m[96mLoading 'move_group/MoveGroupExecuteTrajectoryAction'...
[0m[96mLoading 'move_group/MoveGroupGetPlanningSceneService'...
[0m[96mLoading 'move_group/MoveGroupKinematicsService'...
[0m[96mLoading 'move_group/MoveGroupMoveAction'...
[0m[96mLoading 'move_group/MoveGroupPickPlaceAction'...
[0m[96mLoading 'move_group/MoveGroupPlanService'...
[0m[96mLoading 'move_group/MoveGroupQueryPlannersService'...
[0m[96mLoading 'move_group/MoveGroupStateValidationService'...
[0m[0m[INFO] [1788936588.880764396, 1.105000000]: 

********************************************************
* MoveGroup using: 
*     - ApplyPlanningSceneService
*     - ClearOctomapService
*     - CartesianPathService
*     - ExecuteTrajectoryAction
*     - GetPlanningSceneService
*     - KinematicsService
*     - MoveAction
*     - PickPlaceAction
*     - MotionPlanService
*     - QueryPlannersService
*     - StateValidationService
********************************************************
[0m
[0m[INFO] [1788936588.881032178, 1.105000000]: MoveGroup context using planning plugin ompl_interface/OMPLPlanner[0m
[0m[INFO] [1788936588.881053969, 1.105000000]: MoveGroup context initialization complete[0m
[92m
You can start planning now!

[0m[0;1;32m>>>>>>>>>>>>>>>> UAV estimator Param <<<<<<<<<<<<<<<<[0m
[0;1;32muav_id                        : 1 [0m
[0;1;32mmaximum_safe_vel_xy           : 5 [m/s] [0m
[0;1;32mmaximum_safe_vel_z            : 4 [m/s] [0m
[0;1;32mmaximum_vel_error_for_vision  : 2 [m/s] [0m
[0;1;32mmaximum_vel_error_for_Odom    : 0.8 [m/s] [0m
[0;1;32mlocation_source: [GPS] [0m
[0;1;32m[uav_estimator_uav1] init! [0m
[0;1;32m>>>>>>>>>>>>>>>> UAV controller Param <<<<<<<<<<<<<<<<[0m
[0;1;32muav_id                    : 1 [0m
[0;1;32msim_mode                  : 1 [0m
[0;1;32mpos_controller            : 0[0m
[0;1;32menable_external_control   : 0[0m
[0;1;32mTakeoff_height            : 1.5 [m] [0m
[0;1;32mDisarm_height             : 0.1 [m] [0m
[0;1;32mLand_speed                : 0.2 [m/s] [0m
[0;1;32mgeo_fence_x : -1000 [m]  to  -1000 [m][0m
[0;1;32mgeo_fence_y : -1000 [m]  to  1000 [m][0m
[0;1;32mgeo_fence_z : -50 [m]  to  1000 [m][0m
[0;1;32m[uav_controller_uav1] init! [0m
[0;1;32m[uav_controller_uav1] Using the PX4 original controller... [0m
[31m[ERROR] [1788936589.020615556, 1.230000000]: Waiting for connect PX4![0m
[31m[ERROR] [1788936597.931247592, 8.732000000]: GetModelState: model [pick_target] does not exist[0m
[INFO] [1788936598.217002, 8.905000]: Spawned pick_target after ground runtime and both D435 streams became ready
[WARN] [1788936598.096732, 8.873000]: red target observation rejected: no usable red target component
[WARN] [1788936600.713583, 11.004000]: red target observation rejected: Could not find a connection between 'map' and 'uav1/camera_link' because they are not part of the same tree.Tf has two or more unconnected trees.
[WARN] [1788936603.234097, 13.191000]: red target observation rejected: Could not find a connection between 'map' and 'uav1/camera_link' because they are not part of the same tree.Tf has two or more unconnected trees.
[WARN] [1788936605.884809, 15.371000]: red target observation rejected: Could not find a connection between 'map' and 'uav1/camera_link' because they are not part of the same tree.Tf has two or more unconnected trees.
[WARN] [1788936608.385909, 17.549000]: red target observation rejected: Could not find a connection between 'map' and 'uav1/camera_link' because they are not part of the same tree.Tf has two or more unconnected trees.
[WARN] [1788936610.853940, 19.688000]: red target observation rejected: Could not find a connection between 'map' and 'uav1/camera_link' because they are not part of the same tree.Tf has two or more unconnected trees.
[WARN] [1788936613.458338, 21.928000]: red target observation rejected: Could not find a connection between 'map' and 'uav1/camera_link' because they are not part of the same tree.Tf has two or more unconnected trees.
[WARN] [1788936615.960574, 24.084000]: red target observation rejected: Could not find a connection between 'map' and 'uav1/camera_link' because they are not part of the same tree.Tf has two or more unconnected trees.
[WARN] [1788936618.934888, 26.259000]: red target observation rejected: Could not find a connection between 'map' and 'uav1/camera_link' because they are not part of the same tree.Tf has two or more unconnected trees.
[WARN] [1788936621.556653, 28.478000]: red target observation rejected: Could not find a connection between 'map' and 'uav1/camera_link' because they are not part of the same tree.Tf has two or more unconnected trees.
[WARN] [1788936624.068797, 30.566000]: red target observation rejected: Could not find a connection between 'map' and 'uav1/camera_link' because they are not part of the same tree.Tf has two or more unconnected trees.
[WARN] [1788936626.719480, 32.729000]: red target observation rejected: Could not find a connection between 'map' and 'uav1/camera_link' because they are not part of the same tree.Tf has two or more unconnected trees.
[WARN] [1788936629.294506, 34.943000]: red target observation rejected: Could not find a connection between 'map' and 'uav1/camera_link' because they are not part of the same tree.Tf has two or more unconnected trees.
[WARN] [1788936631.765946, 37.148000]: red target observation rejected: Could not find a connection between 'map' and 'uav1/camera_link' because they are not part of the same tree.Tf has two or more unconnected trees.
[WARN] [1788936634.299906, 39.418000]: red target observation rejected: Could not find a connection between 'map' and 'uav1/camera_link' because they are not part of the same tree.Tf has two or more unconnected trees.
[WARN] [1788936636.782638, 41.566000]: red target observation rejected: Could not find a connection between 'map' and 'uav1/camera_link' because they are not part of the same tree.Tf has two or more unconnected trees.
[WARN] [1788936639.225009, 43.680000]: red target observation rejected: Could not find a connection between 'map' and 'uav1/camera_link' because they are not part of the same tree.Tf has two or more unconnected trees.
[WARN] [1788936641.626116, 45.798000]: red target observation rejected: Could not find a connection between 'map' and 'uav1/camera_link' because they are not part of the same tree.Tf has two or more unconnected trees.
[WARN] [1788936644.095285, 47.951000]: red target observation rejected: Could not find a connection between 'map' and 'uav1/camera_link' because they are not part of the same tree.Tf has two or more unconnected trees.
[WARN] [1788936646.705076, 50.078000]: red target observation rejected: Could not find a connection between 'map' and 'uav1/camera_link' because they are not part of the same tree.Tf has two or more unconnected trees.
[WARN] [1788936649.101441, 52.170000]: red target observation rejected: Could not find a connection between 'map' and 'uav1/camera_link' because they are not part of the same tree.Tf has two or more unconnected trees.
[WARN] [1788936651.588429, 54.325000]: red target observation rejected: Could not find a connection between 'map' and 'uav1/camera_link' because they are not part of the same tree.Tf has two or more unconnected trees.
[WARN] [1788936654.127017, 56.521000]: red target observation rejected: Could not find a connection between 'map' and 'uav1/camera_link' because they are not part of the same tree.Tf has two or more unconnected trees.
[WARN] [1788936656.644726, 58.682000]: red target observation rejected: Could not find a connection between 'map' and 'uav1/camera_link' because they are not part of the same tree.Tf has two or more unconnected trees.
[WARN] [1788936659.323103, 60.886000]: red target observation rejected: Could not find a connection between 'map' and 'uav1/camera_link' because they are not part of the same tree.Tf has two or more unconnected trees.
[WARN] [1788936661.989249, 63.123000]: red target observation rejected: Could not find a connection between 'map' and 'uav1/camera_link' because they are not part of the same tree.Tf has two or more unconnected trees.
[WARN] [1788936664.699383, 65.343000]: red target observation rejected: Could not find a connection between 'map' and 'uav1/camera_link' because they are not part of the same tree.Tf has two or more unconnected trees.
[WARN] [1788936667.366608, 67.581000]: red target observation rejected: Could not find a connection between 'map' and 'uav1/camera_link' because they are not part of the same tree.Tf has two or more unconnected trees.
[WARN] [1788936670.190727, 69.786000]: red target observation rejected: Could not find a connection between 'map' and 'uav1/camera_link' because they are not part of the same tree.Tf has two or more unconnected trees.
[WARN] [1788936672.942864, 72.042000]: red target observation rejected: Could not find a connection between 'map' and 'uav1/camera_link' because they are not part of the same tree.Tf has two or more unconnected trees.
[WARN] [1788936675.456980, 74.155000]: red target observation rejected: Could not find a connection between 'map' and 'uav1/camera_link' because they are not part of the same tree.Tf has two or more unconnected trees.
[WARN] [1788936678.012834, 76.273000]: red target observation rejected: Could not find a connection between 'map' and 'uav1/camera_link' because they are not part of the same tree.Tf has two or more unconnected trees.
[WARN] [1788936680.701073, 78.394000]: red target observation rejected: Could not find a connection between 'map' and 'uav1/camera_link' because they are not part of the same tree.Tf has two or more unconnected trees.
[WARN] [1788936683.220998, 80.573000]: red target observation rejected: Could not find a connection between 'map' and 'uav1/camera_link' because they are not part of the same tree.Tf has two or more unconnected trees.
[WARN] [1788936685.785855, 82.769000]: red target observation rejected: Could not find a connection between 'map' and 'uav1/camera_link' because they are not part of the same tree.Tf has two or more unconnected trees.
[WARN] [1788936688.236268, 84.955000]: red target observation rejected: Could not find a connection between 'map' and 'uav1/camera_link' because they are not part of the same tree.Tf has two or more unconnected trees.
[WARN] [1788936690.813052, 87.149000]: red target observation rejected: Could not find a connection between 'map' and 'uav1/camera_link' because they are not part of the same tree.Tf has two or more unconnected trees.
[WARN] [1788936693.253825, 89.280000]: red target observation rejected: Could not find a connection between 'map' and 'uav1/camera_link' because they are not part of the same tree.Tf has two or more unconnected trees.
[0m[INFO] [1788936583.724786169, 0.220000000]: global_costmap: Using plugin "obstacle_layer"[0m
[0m[INFO] [1788936583.730592431, 0.226000000]:     Subscribed to Topics: scan[0m
[0m[INFO] [1788936583.746290055, 0.241000000]: global_costmap: Using plugin "inflation_layer"[0m
[0m[INFO] [1788936583.777278601, 0.272000000]: local_costmap: Using plugin "obstacle_layer"[0m
[0m[INFO] [1788936583.780625241, 0.275000000]:     Subscribed to Topics: scan[0m
[0m[INFO] [1788936583.794456706, 0.289000000]: local_costmap: Using plugin "inflation_layer"[0m
[0m[INFO] [1788936583.822207360, 0.316000000]: Created local_planner dwa_local_planner/DWAPlannerROS[0m
[0m[INFO] [1788936583.824480220, 0.318000000]: Sim period is set to 0.07[0m
[0m[INFO] [1788936588.233624893, 0.522000000]: Recovery behavior will clear layer 'obstacles'[0m
[0m[INFO] [1788936588.240636658, 0.529000000]: Recovery behavior will clear layer 'obstacles'[0m
[0m[INFO] [1788936588.271054150, 0.559000000]: odom received![0m
[0m[INFO] [1788936758.443608852, 144.495000000]: [uav_controller_node] exit...[0m
[WARN] [1788936598.069262, 8.849000]: red target observation rejected: no usable red target component
[WARN] [1788936600.595321, 10.886000]: red target observation rejected: no usable red target component
[WARN] [1788936602.889152, 12.898000]: red target observation rejected: no usable red target component
[WARN] [1788936605.303878, 14.910000]: red target observation rejected: no usable red target component
[WARN] [1788936607.728029, 16.964000]: red target observation rejected: no usable red target component
[WARN] [1788936610.089702, 19.027000]: red target observation rejected: no usable red target component
[WARN] [1788936612.505002, 21.088000]: red target observation rejected: no usable red target component
[WARN] [1788936614.878351, 23.164000]: red target observation rejected: no usable red target component
[WARN] [1788936617.735880, 25.226000]: red target observation rejected: no usable red target component
[WARN] [1788936620.044134, 27.231000]: red target observation rejected: no usable red target component
[WARN] [1788936622.457016, 29.235000]: red target observation rejected: no usable red target component
[WARN] [1788936624.931341, 31.237000]: red target observation rejected: no usable red target component
[WARN] [1788936627.294358, 33.238000]: red target observation rejected: no usable red target component
[WARN] [1788936629.710704, 35.316000]: red target observation rejected: no usable red target component
[WARN] [1788936632.012971, 37.370000]: red target observation rejected: no usable red target component
[WARN] [1788936634.328154, 39.429000]: red target observation rejected: no usable red target component
[WARN] [1788936636.646909, 41.440000]: red target observation rejected: no usable red target component
[WARN] [1788936638.963516, 43.443000]: red target observation rejected: no usable red target component
[WARN] [1788936641.279830, 45.507000]: red target observation rejected: no usable red target component
[WARN] [1788936643.665642, 47.574000]: red target observation rejected: no usable red target component
[WARN] [1788936646.104511, 49.628000]: red target observation rejected: no usable red target component
[WARN] [1788936648.491839, 51.637000]: red target observation rejected: no usable red target component
[WARN] [1788936650.817202, 53.641000]: red target observation rejected: no usable red target component
[WARN] [1788936653.136165, 55.647000]: red target observation rejected: no usable red target component
[WARN] [1788936655.510313, 57.709000]: red target observation rejected: no usable red target component
[WARN] [1788936657.867252, 59.713000]: red target observation rejected: no usable red target component
[WARN] [1788936660.332564, 61.774000]: red target observation rejected: no usable red target component
[WARN] [1788936662.869173, 63.788000]: red target observation rejected: no usable red target component
[WARN] [1788936665.298679, 65.842000]: red target observation rejected: no usable red target component
[WARN] [1788936667.723725, 67.895000]: red target observation rejected: no usable red target component
[WARN] [1788936670.394329, 69.960000]: red target observation rejected: no usable red target component
[WARN] [1788936672.854404, 71.961000]: red target observation rejected: no usable red target component
[WARN] [1788936675.320996, 74.024000]: red target observation rejected: no usable red target component
[WARN] [1788936677.630540, 76.025000]: red target observation rejected: no usable red target component
[WARN] [1788936680.247650, 78.096000]: red target observation rejected: no usable red target component
[WARN] [1788936682.674221, 80.167000]: red target observation rejected: no usable red target component
[WARN] [1788936685.031858, 82.176000]: red target observation rejected: no usable red target component
[WARN] [1788936687.416398, 84.227000]: red target observation rejected: no usable red target component
[WARN] [1788936689.664427, 86.235000]: red target observation rejected: no usable red target component
[WARN] [1788936692.138218, 88.307000]: red target observation rejected: no usable red target component
[WARN] [1788936694.609473, 90.369000]: red target observation rejected: no usable red target component
[WARN] [1788936697.029837, 92.371000]: red target observation rejected: no usable red target component
[WARN] [1788936699.414729, 94.374000]: red target observation rejected: no usable red target component
[WARN] [1788936701.858057, 96.438000]: red target observation rejected: no usable red target component
[WARN] [1788936704.215523, 98.439000]: red target observation rejected: no usable red target component
[WARN] [1788936706.731987, 100.504000]: red target observation rejected: no usable red target component
[WARN] [1788936709.174203, 102.572000]: red target observation rejected: no usable red target component
[WARN] [1788936711.849688, 104.575000]: red target observation rejected: no usable red target component
[WARN] [1788936714.185660, 106.582000]: red target observation rejected: no usable red target component
[WARN] [1788936716.543989, 108.648000]: red target observation rejected: no usable red target component
[WARN] [1788936718.969739, 110.710000]: red target observation rejected: no usable red target component
[WARN] [1788936721.244601, 112.711000]: red target observation rejected: no usable red target component
[WARN] [1788936723.522080, 114.718000]: red target observation rejected: no usable red target component
[WARN] [1788936725.917018, 116.779000]: red target observation rejected: no usable red target component
[WARN] [1788936728.322891, 118.781000]: red target observation rejected: no usable red target component
[WARN] [1788936730.852777, 120.785000]: red target observation rejected: no usable red target component
[WARN] [1788936733.185279, 122.842000]: red target observation rejected: no usable red target component
[WARN] [1788936735.437060, 124.848000]: red target observation rejected: no usable red target component
[WARN] [1788936737.791525, 126.850000]: red target observation rejected: no usable red target component
[WARN] [1788936740.138194, 128.901000]: red target observation rejected: no usable red target component
[WARN] [1788936742.531283, 130.910000]: red target observation rejected: no usable red target component
[WARN] [1788936744.931401, 132.919000]: red target observation rejected: no usable red target component
[WARN] [1788936747.428118, 134.985000]: red target observation rejected: no usable red target component
[WARN] [1788936749.692451, 136.993000]: red target observation rejected: no usable red target component
[WARN] [1788936752.100932, 139.054000]: red target observation rejected: no usable red target component
[WARN] [1788936754.478168, 141.056000]: red target observation rejected: no usable red target component
[WARN] [1788936756.852704, 143.131000]: red target observation rejected: no usable red target component
[WARN] [1788936695.962861, 91.454000]: red target observation rejected: Could not find a connection between 'map' and 'uav1/camera_link' because they are not part of the same tree.Tf has two or more unconnected trees.
[WARN] [1788936698.583344, 93.656000]: red target observation rejected: Could not find a connection between 'map' and 'uav1/camera_link' because they are not part of the same tree.Tf has two or more unconnected trees.
[WARN] [1788936701.208248, 95.875000]: red target observation rejected: Could not find a connection between 'map' and 'uav1/camera_link' because they are not part of the same tree.Tf has two or more unconnected trees.
[WARN] [1788936703.766510, 98.060000]: red target observation rejected: Could not find a connection between 'map' and 'uav1/camera_link' because they are not part of the same tree.Tf has two or more unconnected trees.
[WARN] [1788936706.422867, 100.248000]: red target observation rejected: Could not find a connection between 'map' and 'uav1/camera_link' because they are not part of the same tree.Tf has two or more unconnected trees.
[WARN] [1788936709.011335, 102.434000]: red target observation rejected: Could not find a connection between 'map' and 'uav1/camera_link' because they are not part of the same tree.Tf has two or more unconnected trees.
[WARN] [1788936711.823179, 104.559000]: red target observation rejected: Could not find a connection between 'map' and 'uav1/camera_link' because they are not part of the same tree.Tf has two or more unconnected trees.
[WARN] [1788936714.271163, 106.656000]: red target observation rejected: Could not find a connection between 'map' and 'uav1/camera_link' because they are not part of the same tree.Tf has two or more unconnected trees.
[WARN] [1788936716.685245, 108.780000]: red target observation rejected: Could not find a connection between 'map' and 'uav1/camera_link' because they are not part of the same tree.Tf has two or more unconnected trees.
[WARN] [1788936719.229317, 110.954000]: red target observation rejected: Could not find a connection between 'map' and 'uav1/camera_link' because they are not part of the same tree.Tf has two or more unconnected trees.
[WARN] [1788936721.710261, 113.131000]: red target observation rejected: Could not find a connection between 'map' and 'uav1/camera_link' because they are not part of the same tree.Tf has two or more unconnected trees.
[WARN] [1788936724.157620, 115.277000]: red target observation rejected: Could not find a connection between 'map' and 'uav1/camera_link' because they are not part of the same tree.Tf has two or more unconnected trees.
[WARN] [1788936726.613799, 117.389000]: red target observation rejected: Could not find a connection between 'map' and 'uav1/camera_link' because they are not part of the same tree.Tf has two or more unconnected trees.
[WARN] [1788936729.330429, 119.566000]: red target observation rejected: Could not find a connection between 'map' and 'uav1/camera_link' because they are not part of the same tree.Tf has two or more unconnected trees.
[WARN] [1788936731.882055, 121.684000]: red target observation rejected: Could not find a connection between 'map' and 'uav1/camera_link' because they are not part of the same tree.Tf has two or more unconnected trees.
[WARN] [1788936734.314639, 123.860000]: red target observation rejected: Could not find a connection between 'map' and 'uav1/camera_link' because they are not part of the same tree.Tf has two or more unconnected trees.
[WARN] [1788936736.850532, 126.108000]: red target observation rejected: Could not find a connection between 'map' and 'uav1/camera_link' because they are not part of the same tree.Tf has two or more unconnected trees.
[WARN] [1788936739.399229, 128.278000]: red target observation rejected: Could not find a connection between 'map' and 'uav1/camera_link' because they are not part of the same tree.Tf has two or more unconnected trees.
[WARN] [1788936741.871071, 130.439000]: red target observation rejected: Could not find a connection between 'map' and 'uav1/camera_link' because they are not part of the same tree.Tf has two or more unconnected trees.
[WARN] [1788936744.586025, 132.607000]: red target observation rejected: Could not find a connection between 'map' and 'uav1/camera_link' because they are not part of the same tree.Tf has two or more unconnected trees.
[WARN] [1788936747.194983, 134.786000]: red target observation rejected: Could not find a connection between 'map' and 'uav1/camera_link' because they are not part of the same tree.Tf has two or more unconnected trees.
[WARN] [1788936749.632700, 136.935000]: red target observation rejected: Could not find a connection between 'map' and 'uav1/camera_link' because they are not part of the same tree.Tf has two or more unconnected trees.
[WARN] [1788936752.117497, 139.071000]: red target observation rejected: Could not find a connection between 'map' and 'uav1/camera_link' because they are not part of the same tree.Tf has two or more unconnected trees.
[WARN] [1788936754.722555, 141.275000]: red target observation rejected: Could not find a connection between 'map' and 'uav1/camera_link' because they are not part of the same tree.Tf has two or more unconnected trees.
[WARN] [1788936757.187716, 143.425000]: red target observation rejected: Could not find a connection between 'map' and 'uav1/camera_link' because they are not part of the same tree.Tf has two or more unconnected trees.
[INFO] [1788936580.097722, 0.000000]: Waiting for service /gazebo/spawn_urdf_model
[INFO] [1788936581.309999, 0.077000]: Calling service /gazebo/spawn_urdf_model
[INFO] [1788936583.130607, 0.156000]: Spawn status: SpawnModel: Successfully spawned entity
[INFO] [1788936588.459168, 0.719000]: Ground arm home feedback: desired=[0.00040036403501557925, -0.00043220846870340335, 0.00012331998459305763, 0.0006348466026705193, -0.0027473168966458796, -0.0054774972289438105] actual=[0.00038804003815240407, -0.000379603484020663, -3.326163892491962e-05, 0.0007264638425086289, -0.0028974604315203933, -0.005466341895926874] error=[1.2323996863017328e-05, -5.2604984682957934e-05, 0.00015658162351783744, -9.161723983819314e-05, 0.00015014353487430299, -1.1155333016876767e-05]
[INFO] [1788936588.459676, 0.719000]: Ground gripper home feedback: desired=[-0.0018766031847572708] actual=[5.468503736860697e-05] error=[-0.0019312882221260708]
[INFO] [1788936589.227290, 1.419000]: Ground arm home feedback: desired=[0.0008703813203362056, -0.0007498270312329779, 0.09077664788842983, 0.001678111032646826, 0.08429551809863023, -0.012789134745845974] actual=[0.0008464563837593531, -0.0009229647826956011, 0.09158667462116643, 0.001194380384077931, 0.08468248794685795, -0.012842500650997124] error=[2.3924936576769085e-05, 0.0001731377514624377, -0.0008100267327364463, 0.0004837306485687698, -0.00038696984822772507, 5.3365905151370185e-05]
[INFO] [1788936589.228175, 1.420000]: Ground gripper home feedback: desired=[-0.002488182916999506] actual=[0.0004966525112166664] error=[-0.002984835428216037]
[INFO] [1788936590.009686, 2.118000]: Ground arm home feedback: desired=[0.0009049294039256766, -0.00074319758031899, 0.29716096817543913, 0.0018018584482338749, 0.2903764769125986, -0.013465749952767187] actual=[0.0008981130082545974, -0.0014648530871337329, 0.30009037058311794, 9.469781086579587e-05, 0.29182755862153265, -0.01363434211470338] error=[6.816395671016551e-06, 0.000721655506814578, -0.002929402407678694, 0.001707160637367977, -0.0014510817089341543, 0.00016859216193632065]
[INFO] [1788936590.010389, 2.118000]: Ground gripper home feedback: desired=[-0.000815706655884426] actual=[0.0020359813637016444] error=[-0.0028516880195859073]
[INFO] [1788936590.766036, 2.719000]: Ground arm home feedback: desired=[0.0007143152932692117, -0.0005758452681915402, 0.5172004530214263, 0.0014392804387636945, 0.511831355989809, -0.010679498609004183] actual=[0.0007211442687360403, -0.0018341812691913262, 0.5222023169789134, -0.001379968133930376, 0.5141218950021527, -0.01093569730184818] error=[-6.82897546688821e-06, 0.0012583360009998934, -0.005001863957486918, 0.0028192485726941108, -0.002290539012343551, 0.0002561986928442117]
[INFO] [1788936591.524986, 3.419000]: Ground arm home feedback: desired=[0.00038243399754299976, -0.0003044585186281763, 0.7671055164811313, 0.0007765998020911329, 0.764226114443323, -0.0057354806369735375] actual=[0.0003989707841824952, -0.0020713607727431693, 0.774090369938369, -0.002936162780191154, 0.7669132364108009, -0.006030387349308164] error=[-1.6536786639598233e-05, 0.0017669022541149104, -0.006984853457237428, 0.0037127625822823696, -0.002687121967477779, 0.00029490671233478594]
[INFO] [1788936592.290212, 4.119000]: Ground arm home feedback: desired=[9.140564890028433e-05, -7.219653780904606e-05, 0.9481480802051832, 0.00018651366198978604, 0.9474591486899631, -0.0013734953975910666] actual=[0.0001120417587294753, -0.0021255420091144117, 0.9562678716272659, -0.003888612250969814, 0.9499950998260713, -0.0016476695500227123] error=[-2.063610982938613e-05, 0.0020533454713054233, -0.008119791422082745, 0.004075125912959443, -0.002535951136108494, 0.0002741741524316943]
[INFO] [1788936593.054585, 4.719000]: Ground arm home feedback: desired=[0.0, -0.0002232554843749955, 1.0, 0.0, 1.0, 0.0] actual=[1.4860614561129637e-05, -0.0022437558609604835, 1.00810714162031, -0.003980003306978119, 1.0023116313837335, -0.0002531436372343876] error=[-1.4860614561129637e-05, 0.00202050037658541, -0.00810714162031001, 0.003980003306978119, -0.00231163138373347, 0.0002531436372343876]
[INFO] [1788936593.832891, 5.219000]: Ground arm home feedback: desired=[0.0, -0.025670888296874965, 1.0, 0.0, 1.0, 0.0] actual=[-2.2234844309743096e-05, -0.02783233889472303, 1.0082735437452746, -0.004026270890786776, 1.002383759142492, -0.0002536511707793565] error=[2.2234844309743096e-05, 0.0021614505978480025, -0.008273543745274559, 0.004026270890786776, -0.0023837591424920035, 0.0002536511707793565]
[INFO] [1788936594.596766, 5.919000]: Ground arm home feedback: desired=[0.0, -0.11580569923437498, 1.0, 0.0, 1.0, 0.0] actual=[-1.3178984823447593e-05, -0.11849757868985211, 1.0086387846576566, -0.003999071421483258, 1.0025243906784542, -0.0002710509930246019] error=[1.3178984823447593e-05, 0.0026918794554773307, -0.00863878465765655, 0.003999071421483258, -0.0025243906784542247, 0.0002710509930246019]
[INFO] [1788936595.356077, 6.569000]: Ground arm home feedback: desired=[0.0, -0.23107859845312506, 1.0, 0.0, 1.0, 0.0] actual=[-1.3306535721291368e-05, -0.23441494248464156, 1.008996110549977, -0.0039189626984530435, 1.0026490763078462, -0.0002847778465673301] error=[1.3306535721291368e-05, 0.0033363440315166137, -0.008996110549976954, 0.0039189626984530435, -0.0026490763078461654, 0.0002847778465673301]
[INFO] [1788936596.128766, 7.270000]: Ground arm home feedback: desired=[0.0, -0.358954346890625, 1.0, 0.0, 1.0, 0.0] actual=[1.0572384907092669e-05, -0.362952182000023, 1.0092531429049716, -0.0037689827628142325, 1.0027490941124997, -0.00029033299472658314] error=[-1.0572384907092669e-05, 0.003997835109398107, -0.00925314290497159, 0.0037689827628142325, -0.0027490941124996837, 0.00029033299472658314]
[INFO] [1788936596.931616, 7.819000]: Ground arm home feedback: desired=[0.0, -0.4417357664218752, 1.0, 0.0, 1.0, 0.0] actual=[1.2371576783465343e-05, -0.4461355718706246, 1.009349336927242, -0.003641683187678879, 1.0027883423939317, -0.00029489449595931916] error=[-1.2371576783465343e-05, 0.004399805448749294, -0.009349336927241936, 0.003641683187678879, -0.0027883423939316643, 0.00029489449595931916]
[INFO] [1788936597.702643, 8.519000]: Ground arm home feedback: desired=[0.0, -0.49791620235937506, 1.0, 0.0, 1.0, 0.0] actual=[2.0749264868946682e-05, -0.502587196270059, 1.0093959946967326, -0.0035512109388049495, 1.0028234500646631, -0.00030765132649079874] error=[-2.0749264868946682e-05, 0.004670993910683929, -0.00939599469673258, 0.0035512109388049495, -0.0028234500646631133, 0.00030765132649079874]
[INFO] [1788936597.919501, 8.720000]: Ground robot model and controller-driven home pose are ready
[INFO] [1788936580.031071, 0.000000]: Controller Spawner: Waiting for service controller_manager/load_controller
[INFO] [1788936583.959415, 0.355000]: Controller Spawner: Waiting for service controller_manager/switch_controller
[INFO] [1788936583.961766, 0.355000]: Controller Spawner: Waiting for service controller_manager/unload_controller
[INFO] [1788936583.975162, 0.355000]: Loading controller: joint_state_controller
[INFO] [1788936588.050212, 0.356000]: Loading controller: arm_controller
[INFO] [1788936588.109501, 0.413000]: Loading controller: gripper_controller
[INFO] [1788936588.138225, 0.441000]: Controller Spawner: Loaded controllers: joint_state_controller, arm_controller, gripper_controller
[INFO] [1788936588.144999, 0.448000]: Started controllers: joint_state_controller, arm_controller, gripper_controller
[INFO] [1788936758.141124, 144.247000]: Shutting down spawner. Stopping and unloading controllers...
[INFO] [1788936758.153857, 144.258000]: Stopping all controllers...
[INFO] [1788936758.163140, 144.267000]: Unloading all loaded controllers...
[INFO] [1788936758.167613, 144.269000]: Trying to unload gripper_controller
[INFO] [1788936758.195651, 144.289000]: Succeeded in unloading gripper_controller
[INFO] [1788936758.199550, 144.293000]: Trying to unload arm_controller
[INFO] [1788936758.243285, 144.316000]: Succeeded in unloading arm_controller
[INFO] [1788936758.247418, 144.316000]: Trying to unload joint_state_controller
[INFO] [1788936758.256369, 144.319000]: Succeeded in unloading joint_state_controller
INFO  [px4] Creating symlink /media/lu/P450_PAPER/P450-PAPER/workspaces/dependencies/px4/ROMFS/px4fmu_common -> /media/lu/P450_PAPER/SIM/p450_sim_v1/.worktrees/bunker-a-implementation/logs/ros/sitl_a6_1788936577301612580_1595929/etc

██████  ██████   ██████  ███    ███ ███████ ████████ ██   ██ ███████ ██    ██ ███████
██   ██ ██   ██ ██    ██ ████  ████ ██         ██    ██   ██ ██      ██    ██ ██      
██████  ██████  ██    ██ ██ ████ ██ █████      ██    ███████ █████   ██    ██ ███████ 
██      ██   ██ ██    ██ ██  ██  ██ ██         ██    ██   ██ ██      ██    ██      ██ 
██      ██   ██  ██████  ██      ██ ███████    ██    ██   ██ ███████  ██████  ███████ 

px4 starting.

INFO  [px4] Calling startup script: /bin/sh etc/init.d-posix/rcS 0
INFO  [dataman] Unknown restart, data manager file './dataman' size is 11798680 bytes
INFO  [simulator] Waiting for simulator to accept connection on TCP port 4560
INFO  [simulator] Simulator connected on TCP port 4560.
ERROR [simulator] poll timeout 0, 25
ERROR [simulator] poll timeout 0, 25
ERROR [simulator] poll timeout 0, 25
ERROR [simulator] poll timeout 0, 25
ERROR [simulator] poll timeout 0, 25
ERROR [simulator] poll timeout 0, 25
ERROR [simulator] poll timeout 0, 25
ERROR [simulator] poll timeout 0, 25
ERROR [simulator] poll timeout 0, 25
ERROR [simulator] poll timeout 0, 25
ERROR [simulator] poll timeout 0, 25
ERROR [simulator] poll timeout 0, 25
ERROR [simulator] poll timeout 0, 25
ERROR [simulator] poll timeout 0, 25
ERROR [simulator] poll timeout 0, 25
ERROR [simulator] poll timeout 0, 25
ERROR [simulator] poll timeout 0, 25
ERROR [simulator] poll timeout 0, 25
ERROR [simulator] poll timeout 0, 25
ERROR [simulator] poll timeout 0, 25
ERROR [simulator] poll timeout 0, 25
ERROR [simulator] poll timeout 0, 25
ERROR [simulator] poll timeout 0, 25
ERROR [simulator] poll timeout 0, 25
ERROR [px4] Startup script returned with return value: 2
579.639692531]: Plugin safety_area blacklisted[0m
[0m[INFO] [1788936579.639757835]: Plugin setpoint_accel blacklisted[0m
[0m[INFO] [1788936579.639773899]: Plugin setpoint_attitude blacklisted[0m
[0m[INFO] [1788936579.639790801]: Plugin setpoint_position blacklisted[0m
[0m[INFO] [1788936579.639994815]: Plugin setpoint_raw loaded[0m
[0m[INFO] [1788936579.666085288]: Plugin setpoint_raw initialized[0m
[0m[INFO] [1788936579.666170637]: Plugin setpoint_trajectory blacklisted[0m
[0m[INFO] [1788936579.666200670]: Plugin setpoint_velocity blacklisted[0m
[0m[INFO] [1788936579.666453645]: Plugin sys_status loaded[0m
[0m[INFO] [1788936579.678731576]: Plugin sys_status initialized[0m
[0m[INFO] [1788936579.678933913]: Plugin sys_time loaded[0m
[0m[INFO] [1788936579.685031007]: TM: Timesync mode: MAVLINK[0m
[0m[INFO] [1788936579.686281982]: TM: Not publishing sim time[0m
[0m[INFO] [1788936579.688142693]: Plugin sys_time initialized[0m
[0m[INFO] [1788936579.688387915]: Plugin terrain loaded[0m
[0m[INFO] [1788936579.689765866]: Plugin terrain initialized[0m
[0m[INFO] [1788936579.689824116]: Plugin trajectory blacklisted[0m
[0m[INFO] [1788936579.689843742]: Plugin tunnel blacklisted[0m
[0m[INFO] [1788936579.689877616]: Plugin vfr_hud blacklisted[0m
[0m[INFO] [1788936579.689899058]: Plugin vibration blacklisted[0m
[0m[INFO] [1788936579.689920011]: Plugin vision_pose_estimate blacklisted[0m
[0m[INFO] [1788936579.689940126]: Plugin vision_speed_estimate blacklisted[0m
[0m[INFO] [1788936579.690087916]: Plugin waypoint loaded[0m
[0m[INFO] [1788936579.695464989]: Plugin waypoint initialized[0m
[0m[INFO] [1788936579.695521144]: Plugin wheel_odometry blacklisted[0m
[0m[INFO] [1788936579.695541608]: Plugin wind_estimation blacklisted[0m
[0m[INFO] [1788936579.695655314]: Autostarting mavlink via USB on PX4[0m
[0m[INFO] [1788936579.695695055]: Built-in SIMD instructions: SSE, SSE2[0m
[0m[INFO] [1788936579.695712097]: Built-in MAVLink package version: 2025.5.5[0m
[0m[INFO] [1788936579.695733190]: Known MAVLink dialects: common ardupilotmega ASLUAV AVSSUAS all csAirLink cubepilot development icarous loweheiser matrixpilot paparazzi standard storm32 uAvionix ualberta[0m
[0m[INFO] [1788936579.695754143]: MAVROS started. MY ID 1.240, TARGET ID 1.1[0m

auto-starting new master
[1mprocess[master]: started with pid [1596538][0m
[1mROS_MASTER_URI=http://127.0.0.1:11951[0m
]2;/media/lu/P450_PAPER/AGENT/reachability_guided_aerial_perception/outputs/development/operational-batch/launch-11-hard-ours/runtime.launch http://127.0.0.1:11951
[1msetting /run_id to 9fca1832-ac1a-11f1-98f0-252022cc4023[0m
[1mprocess[rosout-1]: started with pid [1596573][0m
started core service [/rosout]
[1mprocess[gazebo-2]: started with pid [1596586][0m
[1mprocess[sim_world_to_map-3]: started with pid [1596589][0m
[1mprocess[sim_localization_uav1-4]: started with pid [1596592][0m
[1mprocess[sim_localization_ground-5]: started with pid [1596597][0m
[1mprocess[uav1/p450_D435i_1_spawn-6]: started with pid [1596599][0m
[1mprocess[uav1/sitl_1-7]: started with pid [1596604][0m
[1mprocess[uav1/mavros-8]: started with pid [1596608][0m
[1mprocess[uav1/p450_tf_camera_depth-9]: started with pid [1596625][0m
[1mprocess[uav1/p450_tf_camera_ired1-10]: started with pid [1596630][0m
[1mprocess[uav1/p450_tf_camera_ired2-11]: started with pid [1596645][0m
[1mprocess[uav1/p450_tf_camera_imu-12]: started with pid [1596664][0m
[1mprocess[uav1/p450_tf_camera_d435i-13]: started with pid [1596674][0m
[1mprocess[uav1/p450_tf_camera_color_optical-14]: started with pid [1596682][0m
[1mprocess[uav1/p450_tf_depth_optical-15]: started with pid [1596695][0m
[1mprocess[uav_control_main_1-16]: started with pid [1596713][0m
[1mprocess[ground/velocity_guard-17]: started with pid [1596718][0m
[1mprocess[ground/spawn_ground_robot-18]: started with pid [1596727][0m
[1mprocess[ground/controller_spawner-19]: started with pid [1596735][0m
[1mprocess[ground/robot_state_publisher-20]: started with pid [1596747][0m
[1mprocess[p450_flight_facade-21]: started with pid [1596755][0m
[1mprocess[ground/move_base-22]: started with pid [1596762][0m
[1mprocess[ground/runtime_stop-23]: started with pid [1596774][0m
[1mprocess[move_group-24]: started with pid [1596779][0m
[1mprocess[air_target_observer-25]: started with pid [1596784][0m
[1mprocess[ground_target_observer-26]: started with pid [1596791][0m
[1mprocess[gazebo_grasp_confirmation-27]: started with pid [1596817][0m
[1mprocess[spawn_pick_target-28]: started with pid [1596833][0m
[1m[uav1/p450_D435i_1_spawn-6] process has finished cleanly
log file: /media/lu/P450_PAPER/AGENT/reachability_guided_aerial_perception/outputs/development/operational-batch/launch-11-hard-ours/ros/9fca1832-ac1a-11f1-98f0-252022cc4023/uav1-p450_D435i_1_spawn-6*.log[0m
[1m[spawn_pick_target-28] process has finished cleanly
log file: /media/lu/P450_PAPER/AGENT/reachability_guided_aerial_perception/outputs/development/operational-batch/launch-11-hard-ours/ros/9fca1832-ac1a-11f1-98f0-252022cc4023/spawn_pick_target-28*.log[0m
[gazebo_grasp_confirmation-27] killing on exit
[ground_target_observer-26] killing on exit
[air_target_observer-25] killing on exit
[move_group-24] killing on exit
[ground/runtime_stop-23] killing on exit
[ground/move_base-22] killing on exit
[ground/controller_spawner-19] killing on exit
[p450_flight_facade-21] killing on exit
[ground/robot_state_publisher-20] killing on exit
[ground/spawn_ground_robot-18] killing on exit
[ground/velocity_guard-17] killing on exit
[uav_control_main_1-16] killing on exit
[uav1/p450_tf_depth_optical-15] killing on exit
[uav1/p450_tf_camera_color_optical-14] killing on exit
[uav1/p450_tf_camera_d435i-13] killing on exit
[uav1/p450_tf_camera_imu-12] killing on exit
[uav1/p450_tf_camera_ired2-11] killing on exit
[uav1/p450_tf_camera_ired1-10] killing on exit
[uav1/p450_tf_camera_depth-9] killing on exit
[uav1/mavros-8] killing on exit
[uav1/sitl_1-7] killing on exit
[sim_localization_ground-5] killing on exit
[sim_localization_uav1-4] killing on exit
[sim_world_to_map-3] killing on exit
[gazebo-2] killing on exit
[rosout-1] killing on exit
[master] killing on exit
shutting down processing monitor...
... shutting down processing monitor complete
[1mdone[0m
