[INFO] [1788891950.244371, 419.468000]: A5 adapter ready; waiting for status subscriber
[INFO] [1788891952.420472, 421.463000]: [air_ground_pick_demo] PREFLIGHT {}
[INFO] [1788891952.422185, 421.465000]: [air_ground_pick_demo] ARMING {}
[INFO] [1788891952.424124, 421.467000]: [air_ground_pick_demo] COMMAND_CONTROL {}
[INFO] [1788891952.425992, 421.469000]: [air_ground_pick_demo] TAKEOFF {}
[INFO] [1788891966.870853, 434.772000]: [air_ground_pick_demo] AIR_VIEW {}
[INFO] [1788891966.874237, 434.775000]: [air_ground_pick_demo] A5_VIEWPOINT {"goal_map": [-0.5, 0.0, 1.5, 0.0], "rescan": false}
[INFO] [1788891970.833938, 438.474000]: [air_ground_pick_demo] A5_SETTLED {"uav_pose_map": [-0.5160340949569195, 0.00037610295190151303, 1.5422890165260736, -0.0007882705689196062]}
[INFO] [1788891970.836846, 438.477000]: [air_ground_pick_demo] AIR_OBSERVE {}
[INFO] [1788891971.059114, 438.681000]: [air_ground_pick_demo] AIR_HANDOFF {"observation_stamp": 438.325, "target_map": [1.9930620816835394, 0.0007326276523584068, 0.05959720943262217, 0.0008189250753363188]}
[INFO] [1788891971.061086, 438.683000]: [air_ground_pick_demo] TARGET_REFERENCE {"frame_id": "map", "mask_pixels": 370, "perceived_target": {"center_xyz": [1.9930620816835394, 0.0007326276523584068, 0.05959720943262217], "size_xyz": [0.24, 0.053, 0.115], "yaw_rad": 0.0008189250753363188}, "points": 175, "reason": null, "reference_file": "/media/lu/P450_PAPER/AGENT/reachability_guided_aerial_perception/outputs/a6/v12-integration/natural-attempt-02/target_reference.npz", "stamp_s": 438.325, "status": "AVAILABLE"}
[INFO] [1788891971.063680, 438.684000]: [air_ground_pick_demo] A5_CORE {"label": "init", "operation": "init"}
[INFO] [1788891992.708730, 458.510000]: [air_ground_pick_demo] A5_CAPTURE_ANCHOR {"capture_anchor_map": [-0.47900103332410743, 0.10215460409273767, 1.5011824231176032, -0.00473674262940823], "position_discrepancy_m": 0.10429725721814675, "requested_viewpoint": [-0.5, 0.0, 1.5, 0.0], "yaw_discrepancy_rad": -0.00473674262940823}
[INFO] [1788891993.217093, 458.982000]: [air_ground_pick_demo] A5_SETTLED {"uav_pose_map": [-0.45929149162101013, 0.10571677283771849, 1.5056115685349847, -0.006478658468648166]}
[INFO] [1788891998.950364, 464.320000]: [air_ground_pick_demo] A5_OBSERVATION {"capture_anchor_map": [-0.47900103332410743, 0.10215460409273767, 1.5011824231176032, -0.00473674262940823], "chunk_count": 52, "observation_file": "/media/lu/P450_PAPER/AGENT/reachability_guided_aerial_perception/outputs/a6/v12-integration/natural-attempt-02/observation_01.npz", "point_count": 87377, "requested_viewpoint": [-0.5, 0.0, 1.5, 0.0], "round": 1, "sensor_frame": "uav1/lidar_link", "stamp_s": 464.153, "uav_pose_map": [-0.5044084696727374, 0.08450028368627682, 1.3863277760739474, -0.008695018443272895], "window_duration_s": 5.091000000000008}
[INFO] [1788891998.952741, 464.322000]: [air_ground_pick_demo] A5_CORE {"label": "round-01", "operation": "observe"}
[INFO] [1788892002.146585, 467.213000]: [air_ground_pick_demo] A5_DECISION {"next_viewpoint": [-2.5044084696727373, 0.08450028368627682, 1.3863277760739474, -0.008695018443273028], "round": 1, "selected_candidate": null, "stop_reason": null}
[INFO] [1788892002.149870, 467.216000]: [air_ground_pick_demo] A5_VIEWPOINT {"goal_map": [-2.5044084696727373, 0.08450028368627682, 1.3863277760739474, -0.008695018443273028], "rescan": false}
[INFO] [1788892013.487460, 477.838000]: [air_ground_pick_demo] A5_SETTLED {"uav_pose_map": [-2.513540983952245, 0.07816048588598669, 1.3544357195625123, -0.009850254133775776]}
[INFO] [1788892013.491527, 477.843000]: [air_ground_pick_demo] A5_CAPTURE_ANCHOR {"capture_anchor_map": [-2.513540983952245, 0.07816048588598669, 1.3544357195625123, -0.009850254133775776], "position_discrepancy_m": 0.033774237544947544, "requested_viewpoint": [-2.5044084696727373, 0.08450028368627682, 1.3863277760739474, -0.008695018443273028], "yaw_discrepancy_rad": -0.001155235690502748}
[INFO] [1788892014.000143, 478.316000]: [air_ground_pick_demo] A5_SETTLED {"uav_pose_map": [-2.494489890545023, 0.07289238238082724, 1.339648226332812, -0.010148066906631649]}
[INFO] [1788892017.706477, 481.773000]: [air_ground_pick_demo] A5_CAPTURE_RETRY {"capture_anchor_map": [-2.513540983952245, 0.07816048588598669, 1.3544357195625123, -0.009850254133775776], "discarded_chunks": 34, "flight_health_age_s": 0.008950083996751346, "goal_map": [-2.513540983952245, 0.07816048588598669, 1.3544357195625123, -0.009850254133775776], "reason": "current_hover_unsettled", "requested_viewpoint": [-2.5044084696727373, 0.08450028368627682, 1.3863277760739474, -0.008695018443273028], "stamped_uav_pose_map": null, "uav_pose_map": [-2.424850306513913, 0.010366243765565178, 1.2600322172953258, -0.01281626024250151], "velocity_xyz": [-0.07372678816318512, 0.03742418810725212, 0.060608357191085815]}
[INFO] [1788892018.466386, 482.477000]: [air_ground_pick_demo] A5_CAPTURE_RETRY {"capture_anchor_map": [-2.513540983952245, 0.07816048588598669, 1.3544357195625123, -0.009850254133775776], "discarded_chunks": 0, "flight_health_age_s": 0.013407631005975418, "goal_map": [-2.513540983952245, 0.07816048588598669, 1.3544357195625123, -0.009850254133775776], "reason": "current_hover_unsettled", "requested_viewpoint": [-2.5044084696727373, 0.08450028368627682, 1.3863277760739474, -0.008695018443273028], "stamped_uav_pose_map": null, "uav_pose_map": [-2.410915790207168, -0.0063418080799913235, 1.2610396523571492, -0.01371033754800225], "velocity_xyz": [-0.06959164142608643, 0.042159292846918106, 0.06039290130138397]}
[INFO] [1788892030.480459, 493.743000]: [air_ground_pick_demo] A5_OBSERVATION {"capture_anchor_map": [-2.513540983952245, 0.07816048588598669, 1.3544357195625123, -0.009850254133775776], "chunk_count": 52, "observation_file": "/media/lu/P450_PAPER/AGENT/reachability_guided_aerial_perception/outputs/a6/v12-integration/natural-attempt-02/observation_02.npz", "point_count": 88393, "requested_viewpoint": [-2.5044084696727373, 0.08450028368627682, 1.3863277760739474, -0.008695018443273028], "round": 2, "sensor_frame": "uav1/lidar_link", "stamp_s": 493.568, "uav_pose_map": [-2.544168097823403, 0.09702945334690147, 1.3344522723940941, -0.010014758390251921], "window_duration_s": 5.09499999999997}
[INFO] [1788892030.482809, 493.745000]: [air_ground_pick_demo] A5_CORE {"label": "round-02", "operation": "observe"}
[INFO] [1788892033.627667, 496.596000]: [air_ground_pick_demo] A5_DECISION {"next_viewpoint": [-2.544168097823403, -1.9029705466530986, 1.3344522723940941, -0.010014758390251899], "round": 2, "selected_candidate": null, "stop_reason": null}
[INFO] [1788892033.630277, 496.600000]: [air_ground_pick_demo] A5_VIEWPOINT {"goal_map": [-2.544168097823403, -1.9029705466530986, 1.3344522723940941, -0.010014758390251899], "rescan": false}
[INFO] [1788892048.366368, 510.277000]: [air_ground_pick_demo] A5_SETTLED {"uav_pose_map": [-2.5586541858871943, -1.9314119847470892, 1.3013794519131825, -0.009912297688418356]}
[INFO] [1788892048.370984, 510.282000]: [air_ground_pick_demo] A5_CAPTURE_ANCHOR {"capture_anchor_map": [-2.5586541858871943, -1.9314119847470892, 1.3013794519131825, -0.009912297688418356], "position_discrepancy_m": 0.04596274146315491, "requested_viewpoint": [-2.544168097823403, -1.9029705466530986, 1.3344522723940941, -0.010014758390251899], "yaw_discrepancy_rad": 0.00010246070183354307}
[INFO] [1788892048.878299, 510.755000]: [air_ground_pick_demo] A5_SETTLED {"uav_pose_map": [-2.558651877339926, -1.932039826809945, 1.2942701908577292, -0.00996349509703032]}
[INFO] [1788892054.583373, 516.113000]: [air_ground_pick_demo] A5_OBSERVATION {"capture_anchor_map": [-2.5586541858871943, -1.9314119847470892, 1.3013794519131825, -0.009912297688418356], "chunk_count": 52, "observation_file": "/media/lu/P450_PAPER/AGENT/reachability_guided_aerial_perception/outputs/a6/v12-integration/natural-attempt-02/observation_03.npz", "point_count": 88333, "requested_viewpoint": [-2.544168097823403, -1.9029705466530986, 1.3344522723940941, -0.010014758390251899], "round": 3, "sensor_frame": "uav1/lidar_link", "stamp_s": 515.945, "uav_pose_map": [-2.642470224423857, -2.0226964623733887, 1.3777490271341999, -0.007776302522615744], "window_duration_s": 5.08600000000007}
[INFO] [1788892054.585455, 516.115000]: [air_ground_pick_demo] A5_CORE {"label": "round-03", "operation": "observe"}
[INFO] [1788892057.525539, 518.711000]: [air_ground_pick_demo] A5_DECISION {"next_viewpoint": null, "round": 3, "selected_candidate": {"candidate_id": "candidate-000008", "confirmed": true, "evaluation_index": 8, "footprint_clipped": false, "free_cells": 107, "mean_unknown_score": 0.3678794411714423, "occupied_cells": 0, "operational": {"ambiguous_cells": 0, "blocked": false, "covered_cells": [302, 303, 304, 342, 343, 344, 345, 381, 382, 383, 384, 385, 386, 387, 421, 422, 423, 424, 425, 426, 427, 428, 429, 460, 461, 462, 463, 464, 465, 466, 467, 468, 469, 500, 501, 502, 503, 504, 505, 506, 507, 508, 509, 539, 540, 541, 542, 543, 544, 545, 546, 547, 548, 549, 578, 579, 580, 581, 582, 583, 584, 585, 586, 587, 588, 618, 619, 620, 621, 622, 623, 624, 625, 626, 627, 658, 659, 660, 661, 662, 663, 664, 665, 666, 667, 698, 699, 700, 701, 702, 703, 704, 705, 706, 740, 741, 742, 743, 744, 745, 746, 782, 783, 784, 785, 824, 825], "environment_cells": 0, "footprint_clipped": false, "ground_missing_cells": 0, "ground_supported": true, "ground_supported_cells": 107, "target_cells": 0, "target_collision": false}, "relevance": 1.0, "representative_blocked": false, "source_id": 544, "unknown_cells": 0, "x": 2.3934511620720507, "y": -0.6039048728552128, "yaw": 2.094395102393195}, "stop_reason": "VIEW_BUDGET_REACHED"}
[INFO] [1788892057.527890, 518.715000]: [air_ground_pick_demo] A5_SELECTED {"candidate_id": "candidate-000008", "confirmed": true, "evaluation_index": 8, "footprint_clipped": false, "free_cells": 107, "mean_unknown_score": 0.3678794411714423, "occupied_cells": 0, "operational": {"ambiguous_cells": 0, "blocked": false, "covered_cells": [302, 303, 304, 342, 343, 344, 345, 381, 382, 383, 384, 385, 386, 387, 421, 422, 423, 424, 425, 426, 427, 428, 429, 460, 461, 462, 463, 464, 465, 466, 467, 468, 469, 500, 501, 502, 503, 504, 505, 506, 507, 508, 509, 539, 540, 541, 542, 543, 544, 545, 546, 547, 548, 549, 578, 579, 580, 581, 582, 583, 584, 585, 586, 587, 588, 618, 619, 620, 621, 622, 623, 624, 625, 626, 627, 658, 659, 660, 661, 662, 663, 664, 665, 666, 667, 698, 699, 700, 701, 702, 703, 704, 705, 706, 740, 741, 742, 743, 744, 745, 746, 782, 783, 784, 785, 824, 825], "environment_cells": 0, "footprint_clipped": false, "ground_missing_cells": 0, "ground_supported": true, "ground_supported_cells": 107, "target_cells": 0, "target_collision": false}, "relevance": 1.0, "representative_blocked": false, "source_id": 544, "unknown_cells": 0, "x": 2.3934511620720507, "y": -0.6039048728552128, "yaw": 2.094395102393195}
[INFO] [1788892057.530537, 518.717000]: [air_ground_pick_demo] A5_VIEWPOINT {"goal_map": [-0.5, 0.0, 1.5, 0.0], "rescan": false}
[INFO] [1788892071.601630, 531.841000]: [air_ground_pick_demo] A5_SETTLED {"uav_pose_map": [-0.4902767105752988, 0.03354492272856462, 1.4942525848399153, 0.0002934693349010255]}
[INFO] [1788892071.605760, 531.845000]: [air_ground_pick_demo] LANDING {}
[INFO] [1788892080.881611, 540.349000]: [air_ground_pick_demo] RM4D_CANDIDATES {"candidate_count": 37, "top_candidate_id": "candidate-000008", "top_candidate_pose_map": [2.3934511620720507, -0.6039048728552128, 2.094395102393195], "top_candidate_score": 1.0}
[INFO] [1788892080.883260, 540.351000]: [air_ground_pick_demo] GROUND_APPROACH {"navigation_goal_map": [2.3934511620720507, -0.6039048728552128, 2.094395102393195], "start_map": [2.9998311607912647, -2.499717073325303, -3.1414278201207764], "target_map": [1.9930620816835394, 0.0007326276523584068, 0.05959720943262217, 0.0008189250753363188], "top_candidate_id": "candidate-000008", "top_candidate_score": 1.0}
[INFO] [1788892106.221246, 563.429000]: [air_ground_pick_demo] GROUND_STOPPED {"ground_travel": 1.9619131323686272, "navigation_goal_map": [2.3934511620720507, -0.6039048728552128, 2.094395102393195], "target_distance": 0.7604040863135904, "top_candidate_id": "candidate-000008", "top_candidate_score": 1.0}
[INFO] [1788892106.222850, 563.430000]: [air_ground_pick_demo] GROUND_OBSERVE {}
[0m[INFO] [1788892108.536004724, 565.543000000]: Loading robot model 'bunker_aubo'...[0m
[0m[INFO] [1788892108.537065402, 565.544000000]: No root/virtual joint specified in SRDF. Assuming fixed joint[0m
[33m[WARN] [1788892108.749097059, 565.735000000]: Link ground/wheel1_1_Link has visual geometry but no collision geometry. Collision geometry will be left empty. Fix your URDF file by explicitly specifying collision geometry.[0m
[33m[WARN] [1788892108.749126183, 565.735000000]: Link ground/wheel1_2_Link has visual geometry but no collision geometry. Collision geometry will be left empty. Fix your URDF file by explicitly specifying collision geometry.[0m
[33m[WARN] [1788892108.749137427, 565.735000000]: Link ground/wheel1_3_Link has visual geometry but no collision geometry. Collision geometry will be left empty. Fix your URDF file by explicitly specifying collision geometry.[0m
[33m[WARN] [1788892108.749148322, 565.735000000]: Link ground/wheel1_Link has visual geometry but no collision geometry. Collision geometry will be left empty. Fix your URDF file by explicitly specifying collision geometry.[0m
[33m[WARN] [1788892108.749166760, 565.735000000]: Link ground/wheel2_1_Link has visual geometry but no collision geometry. Collision geometry will be left empty. Fix your URDF file by explicitly specifying collision geometry.[0m
[33m[WARN] [1788892108.749192532, 565.735000000]: Link ground/wheel2_2_Link has visual geometry but no collision geometry. Collision geometry will be left empty. Fix your URDF file by explicitly specifying collision geometry.[0m
[33m[WARN] [1788892108.749217814, 565.735000000]: Link ground/wheel2_3_Link has visual geometry but no collision geometry. Collision geometry will be left empty. Fix your URDF file by explicitly specifying collision geometry.[0m
[33m[WARN] [1788892108.749239186, 565.735000000]: Link ground/wheel2_Link has visual geometry but no collision geometry. Collision geometry will be left empty. Fix your URDF file by explicitly specifying collision geometry.[0m
[33m[WARN] [1788892108.749260208, 565.735000000]: Link ground/wheel3_1_Link has visual geometry but no collision geometry. Collision geometry will be left empty. Fix your URDF file by explicitly specifying collision geometry.[0m
[33m[WARN] [1788892108.749279344, 565.735000000]: Link ground/wheel3_2_Link has visual geometry but no collision geometry. Collision geometry will be left empty. Fix your URDF file by explicitly specifying collision geometry.[0m
[33m[WARN] [1788892108.749300646, 565.735000000]: Link ground/wheel3_3_Link has visual geometry but no collision geometry. Collision geometry will be left empty. Fix your URDF file by explicitly specifying collision geometry.[0m
[33m[WARN] [1788892108.749320271, 565.735000000]: Link ground/wheel3_Link has visual geometry but no collision geometry. Collision geometry will be left empty. Fix your URDF file by explicitly specifying collision geometry.[0m
[33m[WARN] [1788892108.749339827, 565.735000000]: Link ground/wheel4_1_Link has visual geometry but no collision geometry. Collision geometry will be left empty. Fix your URDF file by explicitly specifying collision geometry.[0m
[33m[WARN] [1788892108.749404011, 565.735000000]: Link ground/wheel4_2_Link has visual geometry but no collision geometry. Collision geometry will be left empty. Fix your URDF file by explicitly specifying collision geometry.[0m
[33m[WARN] [1788892108.749453947, 565.735000000]: Link ground/wheel4_3_Link has visual geometry but no collision geometry. Collision geometry will be left empty. Fix your URDF file by explicitly specifying collision geometry.[0m
[33m[WARN] [1788892108.749492500, 565.735000000]: Link ground/wheel4_Link has visual geometry but no collision geometry. Collision geometry will be left empty. Fix your URDF file by explicitly specifying collision geometry.[0m
[33m[WARN] [1788892108.796435228, 565.773000000]: The root link ground/base_link has an inertia specified in the URDF, but KDL does not support a root link with an inertia.  As a workaround, you can add an extra dummy link to your URDF.[0m
[0m[INFO] [1788892109.828315359, 566.733000000]: Ready to take commands for planning group manipulator.[0m
[INFO] [1788892118.397008, 574.357000]: [air_ground_pick_demo] GROUND_REFINED {"measured_gripper_opening": 0.0952, "observation_stamp": 573.835, "target_map": [2.0433855839831487, 0.000785933100806896, 0.0593828056791153, -0.004384825816911908]}
[INFO] [1788892118.403899, 574.361000]: [air_ground_pick_demo] PREGRASP {}
[INFO] [1788892119.596486, 575.390000]: [air_ground_pick_demo] GRASP {}
[INFO] [1788892127.401285, 582.178000]: AG95 confirmed grasp stall accepted at 0.4716 rad
[INFO] [1788892127.404613, 582.180000]: [air_ground_pick_demo] LIFTING {}
[INFO] [1788892134.924336, 588.450000]: [air_ground_pick_demo] LIFT {"grasp_confirmed": true, "target_map": [2.0433855839831487, 0.000785933100806896, 0.0593828056791153, -0.004384825816911908], "tcp_lift": 0.14955340510915258}
