[INFO] [1788924733.946306, 42.290000]: A5 adapter ready; waiting for status subscriber
[INFO] [1788924734.421921, 42.703000]: [air_ground_pick_demo] PREFLIGHT {}
[INFO] [1788924734.424222, 42.705000]: [air_ground_pick_demo] ARMING {}
[INFO] [1788924734.427140, 42.707000]: [air_ground_pick_demo] COMMAND_CONTROL {}
[INFO] [1788924734.429341, 42.711000]: [air_ground_pick_demo] TAKEOFF {}
[INFO] [1788924748.999007, 55.715000]: [air_ground_pick_demo] AIR_VIEW {}
[INFO] [1788924749.001333, 55.717000]: [air_ground_pick_demo] A5_VIEWPOINT {"goal_map": [-0.5, 0.0, 1.5, 0.0], "rescan": false}
[INFO] [1788924759.401587, 65.226000]: [air_ground_pick_demo] A5_SETTLED {"uav_pose_map": [-0.5034641678790338, 0.03975995280936358, 1.4993303788692913, 0.0003277997080739764]}
[INFO] [1788924759.405855, 65.231000]: [air_ground_pick_demo] AIR_OBSERVE {}
[INFO] [1788924759.650061, 65.423000]: [air_ground_pick_demo] AIR_HANDOFF {"observation_stamp": 64.85, "target_map": [1.9978925425794696, 0.003722959827546019, 0.06065844967159357, -0.007908641768400448]}
[INFO] [1788924759.651145, 65.423000]: [air_ground_pick_demo] TARGET_REFERENCE {"frame_id": "map", "mask_pixels": 365, "perceived_target": {"center_xyz": [1.9978925425794696, 0.003722959827546019, 0.06065844967159357], "size_xyz": [0.24, 0.053, 0.115], "yaw_rad": -0.007908641768400448}, "points": 171, "reason": null, "reference_file": "/media/lu/P450_PAPER/AGENT/reachability_guided_aerial_perception/outputs/a6/v13-development/natural-attempt-04/target_reference.npz", "stamp_s": 64.85, "status": "AVAILABLE"}
[INFO] [1788924759.652293, 65.423000]: [air_ground_pick_demo] A5_CORE {"label": "init", "operation": "init"}
[INFO] [1788924783.816650, 86.275000]: [air_ground_pick_demo] A5_SETTLED {"uav_pose_map": [-0.5570992002164508, 0.09718430851555973, 1.4598917783493792, 0.008970842182968519]}
[INFO] [1788924783.818578, 86.277000]: [air_ground_pick_demo] A5_CAPTURE_ANCHOR {"capture_anchor_map": [-0.5570992002164508, 0.09718430851555973, 1.4598917783493792, 0.008489724783719576], "position_discrepancy_m": 0.11964020198487275, "requested_viewpoint": [-0.5, 0.0, 1.5, 0.0], "yaw_discrepancy_rad": 0.008489724783719576}
[INFO] [1788924789.629647, 91.583000]: [air_ground_pick_demo] A5_OBSERVATION {"capture_anchor_map": [-0.5570992002164508, 0.09718430851555973, 1.4598917783493792, 0.008489724783719576], "chunk_count": 51, "observation_file": "/media/lu/P450_PAPER/AGENT/reachability_guided_aerial_perception/outputs/a6/v13-development/natural-attempt-04/observation_01.npz", "point_count": 86014, "requested_viewpoint": [-0.5, 0.0, 1.5, 0.0], "round": 1, "sensor_frame": "uav1/lidar_link", "stamp_s": 91.436, "uav_pose_map": [-0.5186752665000744, 0.028426875709543265, 1.387440911153683, 0.007986995944283875], "window_duration_s": 5.025000000000006}
[INFO] [1788924789.631997, 91.584000]: [air_ground_pick_demo] A5_CORE {"label": "round-01", "operation": "observe"}
[INFO] [1788924793.334993, 94.891000]: [air_ground_pick_demo] A5_DECISION {"next_viewpoint": [-2.5186752665000744, 0.028426875709543265, 1.387440911153683, 0.007986995944283759], "round": 1, "selected_candidate": null, "stop_reason": null}
[INFO] [1788924793.341223, 94.896000]: [air_ground_pick_demo] A5_VIEWPOINT {"goal_map": [-2.5186752665000744, 0.028426875709543265, 1.387440911153683, 0.007986995944283759], "rescan": false}
[INFO] [1788924803.328580, 104.023000]: [air_ground_pick_demo] A5_SETTLED {"uav_pose_map": [-2.5412606025426716, 0.02948725270139845, 1.3379530314239414, 0.007710224723844766]}
[INFO] [1788924803.841748, 104.442000]: [air_ground_pick_demo] A5_SETTLED {"uav_pose_map": [-2.5409621953427552, 0.030277355054242488, 1.319708612484241, 0.007975184316853626]}
[INFO] [1788924803.844801, 104.445000]: [air_ground_pick_demo] A5_CAPTURE_ANCHOR {"capture_anchor_map": [-2.5409621953427552, 0.030277355054242488, 1.319708612484241, 0.007710224723844766], "position_discrepancy_m": 0.07132878629340587, "requested_viewpoint": [-2.5186752665000744, 0.028426875709543265, 1.387440911153683, 0.007986995944283759], "yaw_discrepancy_rad": -0.0002767712204389929}
[INFO] [1788924809.795803, 109.732000]: [air_ground_pick_demo] A5_OBSERVATION {"capture_anchor_map": [-2.5409621953427552, 0.030277355054242488, 1.319708612484241, 0.007710224723844766], "chunk_count": 51, "observation_file": "/media/lu/P450_PAPER/AGENT/reachability_guided_aerial_perception/outputs/a6/v13-development/natural-attempt-04/observation_02.npz", "point_count": 86778, "requested_viewpoint": [-2.5186752665000744, 0.028426875709543265, 1.387440911153683, 0.007986995944283759], "round": 2, "sensor_frame": "uav1/lidar_link", "stamp_s": 109.527, "uav_pose_map": [-2.6759620151638095, -0.06825033138074274, 1.337975249251272, 0.0090590303646946], "window_duration_s": 5.021000000000001}
[INFO] [1788924809.797511, 109.732000]: [air_ground_pick_demo] A5_CORE {"label": "round-02", "operation": "observe"}
[INFO] [1788924813.448998, 112.681000]: [air_ground_pick_demo] A5_DECISION {"next_viewpoint": [-2.6759620151638095, -2.0682503313807428, 1.337975249251272, 0.009059030364694465], "round": 2, "selected_candidate": null, "stop_reason": null}
[INFO] [1788924813.451589, 112.685000]: [air_ground_pick_demo] A5_VIEWPOINT {"goal_map": [-2.6759620151638095, -2.0682503313807428, 1.337975249251272, 0.009059030364694465], "rescan": false}
[INFO] [1788924830.283280, 127.854000]: [air_ground_pick_demo] A5_SETTLED {"uav_pose_map": [-2.6709526347833275, -2.1054216004584134, 1.3590469723422474, 0.008886649700889046]}
[INFO] [1788924830.797642, 128.319000]: [air_ground_pick_demo] A5_SETTLED {"uav_pose_map": [-2.6820523466451505, -2.0998795659826577, 1.3625914339071072, 0.008303755234892194]}
[INFO] [1788924830.799469, 128.321000]: [air_ground_pick_demo] A5_CAPTURE_ANCHOR {"capture_anchor_map": [-2.6820523466451505, -2.0998795659826577, 1.3625914339071072, 0.008886649700889046], "position_discrepancy_m": 0.040539575306924015, "requested_viewpoint": [-2.6759620151638095, -2.0682503313807428, 1.337975249251272, 0.009059030364694465], "yaw_discrepancy_rad": -0.00017238066380541837}
[INFO] [1788924836.711691, 133.692000]: [air_ground_pick_demo] A5_OBSERVATION {"capture_anchor_map": [-2.6820523466451505, -2.0998795659826577, 1.3625914339071072, 0.008886649700889046], "chunk_count": 52, "observation_file": "/media/lu/P450_PAPER/AGENT/reachability_guided_aerial_perception/outputs/a6/v13-development/natural-attempt-04/observation_03.npz", "point_count": 88059, "requested_viewpoint": [-2.6759620151638095, -2.0682503313807428, 1.337975249251272, 0.009059030364694465], "round": 3, "sensor_frame": "uav1/lidar_link", "stamp_s": 133.516, "uav_pose_map": [-2.749095949306274, -2.1492428887172363, 1.3827893373598747, 0.0045639360532518615], "window_duration_s": 5.09699999999998}
[INFO] [1788924836.714808, 133.695000]: [air_ground_pick_demo] A5_CORE {"label": "round-03", "operation": "observe"}
[INFO] [1788924840.469360, 136.837000]: [air_ground_pick_demo] A5_DECISION {"next_viewpoint": null, "round": 3, "selected_candidate": {"ambiguous_subcell": {"aliased_clear_cell_ids": [], "coarse_ambiguous_cell_ids": [], "intersecting_endpoint_indices": [], "legacy_fallback_cell_ids": []}, "candidate_id": "candidate-000008", "confirmed": true, "evaluation_index": 8, "footprint_clipped": false, "free_cells": 107, "mean_unknown_score": 0.3678794411714423, "occupied_cells": 0, "operational": {"ambiguous_cells": 0, "blocked": false, "covered_cells": [302, 303, 304, 342, 343, 344, 345, 381, 382, 383, 384, 385, 386, 387, 421, 422, 423, 424, 425, 426, 427, 428, 429, 460, 461, 462, 463, 464, 465, 466, 467, 468, 469, 499, 500, 501, 502, 503, 504, 505, 506, 507, 508, 509, 539, 540, 541, 542, 543, 544, 545, 546, 547, 548, 578, 579, 580, 581, 582, 583, 584, 585, 586, 587, 588, 618, 619, 620, 621, 622, 623, 624, 625, 626, 627, 657, 658, 659, 660, 661, 662, 663, 664, 665, 666, 667, 698, 699, 700, 701, 702, 703, 704, 705, 706, 740, 741, 742, 743, 744, 745, 746, 782, 783, 784, 785, 824], "environment_cells": 0, "footprint_clipped": false, "ground_missing_cells": 0, "ground_supported": true, "ground_supported_cells": 107, "target_cells": 0, "target_collision": false}, "relevance": 1.0, "representative_blocked": false, "source_id": 543, "unknown_cells": 0, "x": 2.39412601312171, "y": -0.6037362793590675, "yaw": 2.094395102393195}, "stop_reason": "VIEW_BUDGET_REACHED"}
[INFO] [1788924840.473163, 136.841000]: [air_ground_pick_demo] A5_SELECTED {"ambiguous_subcell": {"aliased_clear_cell_ids": [], "coarse_ambiguous_cell_ids": [], "intersecting_endpoint_indices": [], "legacy_fallback_cell_ids": []}, "candidate_id": "candidate-000008", "confirmed": true, "evaluation_index": 8, "footprint_clipped": false, "free_cells": 107, "mean_unknown_score": 0.3678794411714423, "occupied_cells": 0, "operational": {"ambiguous_cells": 0, "blocked": false, "covered_cells": [302, 303, 304, 342, 343, 344, 345, 381, 382, 383, 384, 385, 386, 387, 421, 422, 423, 424, 425, 426, 427, 428, 429, 460, 461, 462, 463, 464, 465, 466, 467, 468, 469, 499, 500, 501, 502, 503, 504, 505, 506, 507, 508, 509, 539, 540, 541, 542, 543, 544, 545, 546, 547, 548, 578, 579, 580, 581, 582, 583, 584, 585, 586, 587, 588, 618, 619, 620, 621, 622, 623, 624, 625, 626, 627, 657, 658, 659, 660, 661, 662, 663, 664, 665, 666, 667, 698, 699, 700, 701, 702, 703, 704, 705, 706, 740, 741, 742, 743, 744, 745, 746, 782, 783, 784, 785, 824], "environment_cells": 0, "footprint_clipped": false, "ground_missing_cells": 0, "ground_supported": true, "ground_supported_cells": 107, "target_cells": 0, "target_collision": false}, "relevance": 1.0, "representative_blocked": false, "source_id": 543, "unknown_cells": 0, "x": 2.39412601312171, "y": -0.6037362793590675, "yaw": 2.094395102393195}
[INFO] [1788924840.475852, 136.845000]: [air_ground_pick_demo] A5_VIEWPOINT {"goal_map": [-0.5, 0.0, 1.5, 0.0], "rescan": false}
[INFO] [1788924855.485287, 150.355000]: [air_ground_pick_demo] A5_SETTLED {"uav_pose_map": [-0.48327649827929825, -0.019521556443699666, 1.5384732954600133, -0.0008323029058673535]}
[INFO] [1788924855.489545, 150.359000]: [air_ground_pick_demo] LANDING {}
[INFO] [1788924865.837714, 159.663000]: [air_ground_pick_demo] RM4D_CANDIDATES {"candidate_count": 33, "top_candidate_id": "candidate-000008", "top_candidate_pose_map": [2.39412601312171, -0.6037362793590675, 2.094395102393195], "top_candidate_score": 1.0}
[INFO] [1788924865.839823, 159.665000]: [air_ground_pick_demo] GROUND_APPROACH {"navigation_goal_map": [2.39412601312171, -0.6037362793590675, 2.094395102393195], "start_map": [2.999842844776714, -2.4997926923217357, -3.1414511501425126], "target_map": [1.9978925425794696, 0.003722959827546019, 0.06065844967159357, -0.007908641768400448], "top_candidate_id": "candidate-000008", "top_candidate_score": 1.0}
[INFO] [1788924891.198606, 182.275000]: [air_ground_pick_demo] GROUND_STOPPED {"ground_travel": 1.9599313498922046, "navigation_goal_map": [2.39412601312171, -0.6037362793590675, 2.094395102393195], "target_distance": 0.7614061201991181, "top_candidate_id": "candidate-000008", "top_candidate_score": 1.0}
[INFO] [1788924891.201034, 182.277000]: [air_ground_pick_demo] GROUND_OBSERVE {}
[INFO] [1788924893.650549715, 184.395000000]: Loading robot model 'bunker_aubo'...
[INFO] [1788924893.652046149, 184.397000000]: No root/virtual joint specified in SRDF. Assuming fixed joint
[WARN] [1788924893.914568199, 184.636000000]: Link ground/wheel1_1_Link has visual geometry but no collision geometry. Collision geometry will be left empty. Fix your URDF file by explicitly specifying collision geometry.
[WARN] [1788924893.914638456, 184.636000000]: Link ground/wheel1_2_Link has visual geometry but no collision geometry. Collision geometry will be left empty. Fix your URDF file by explicitly specifying collision geometry.
[WARN] [1788924893.914664227, 184.636000000]: Link ground/wheel1_3_Link has visual geometry but no collision geometry. Collision geometry will be left empty. Fix your URDF file by explicitly specifying collision geometry.
[WARN] [1788924893.914690486, 184.636000000]: Link ground/wheel1_Link has visual geometry but no collision geometry. Collision geometry will be left empty. Fix your URDF file by explicitly specifying collision geometry.
[WARN] [1788924893.914714860, 184.637000000]: Link ground/wheel2_1_Link has visual geometry but no collision geometry. Collision geometry will be left empty. Fix your URDF file by explicitly specifying collision geometry.
[WARN] [1788924893.914767658, 184.637000000]: Link ground/wheel2_2_Link has visual geometry but no collision geometry. Collision geometry will be left empty. Fix your URDF file by explicitly specifying collision geometry.
[WARN] [1788924893.914794825, 184.637000000]: Link ground/wheel2_3_Link has visual geometry but no collision geometry. Collision geometry will be left empty. Fix your URDF file by explicitly specifying collision geometry.
[WARN] [1788924893.914816894, 184.637000000]: Link ground/wheel2_Link has visual geometry but no collision geometry. Collision geometry will be left empty. Fix your URDF file by explicitly specifying collision geometry.
[WARN] [1788924893.914840081, 184.637000000]: Link ground/wheel3_1_Link has visual geometry but no collision geometry. Collision geometry will be left empty. Fix your URDF file by explicitly specifying collision geometry.
[WARN] [1788924893.914861731, 184.637000000]: Link ground/wheel3_2_Link has visual geometry but no collision geometry. Collision geometry will be left empty. Fix your URDF file by explicitly specifying collision geometry.
[WARN] [1788924893.914885197, 184.637000000]: Link ground/wheel3_3_Link has visual geometry but no collision geometry. Collision geometry will be left empty. Fix your URDF file by explicitly specifying collision geometry.
[WARN] [1788924893.914909989, 184.637000000]: Link ground/wheel3_Link has visual geometry but no collision geometry. Collision geometry will be left empty. Fix your URDF file by explicitly specifying collision geometry.
[WARN] [1788924893.914934293, 184.637000000]: Link ground/wheel4_1_Link has visual geometry but no collision geometry. Collision geometry will be left empty. Fix your URDF file by explicitly specifying collision geometry.
[WARN] [1788924893.914958527, 184.637000000]: Link ground/wheel4_2_Link has visual geometry but no collision geometry. Collision geometry will be left empty. Fix your URDF file by explicitly specifying collision geometry.
[WARN] [1788924893.914980945, 184.637000000]: Link ground/wheel4_3_Link has visual geometry but no collision geometry. Collision geometry will be left empty. Fix your URDF file by explicitly specifying collision geometry.
[WARN] [1788924893.915005878, 184.637000000]: Link ground/wheel4_Link has visual geometry but no collision geometry. Collision geometry will be left empty. Fix your URDF file by explicitly specifying collision geometry.
[WARN] [1788924893.943314931, 184.651000000]: The root link ground/base_link has an inertia specified in the URDF, but KDL does not support a root link with an inertia.  As a workaround, you can add an extra dummy link to your URDF.
[INFO] [1788924895.000000779, 185.615000000]: Ready to take commands for planning group manipulator.
[INFO] [1788924904.036605, 193.294000]: [air_ground_pick_demo] GROUND_REFINED {"measured_gripper_opening": 0.0952, "observation_stamp": 193.037, "target_map": [2.045718926059925, -3.472007635590659e-05, 0.05886940642634176, -0.002136887032944123]}
[INFO] [1788924904.039184, 193.294000]: [air_ground_pick_demo] PREGRASP {}
[INFO] [1788924905.411202, 194.360000]: [air_ground_pick_demo] GRASP {}
[INFO] [1788924913.818184, 201.145000]: AG95 confirmed grasp stall accepted at 0.4652 rad
[INFO] [1788924913.821379, 201.147000]: [air_ground_pick_demo] LIFTING {}
[INFO] [1788924922.381800, 207.227000]: [air_ground_pick_demo] LIFT {"grasp_confirmed": true, "target_map": [2.045718926059925, -3.472007635590659e-05, 0.05886940642634176, -0.002136887032944123], "tcp_lift": 0.1495578922248528}
