A6_ADAPTER_READY
[INFO] [1788935463.572606, 12.027000]: [air_ground_pick_demo] PREFLIGHT {}
[INFO] [1788935463.574676, 12.027000]: [air_ground_pick_demo] ARMING {}
[INFO] [1788935463.575858, 12.027000]: [air_ground_pick_demo] COMMAND_CONTROL {}
[INFO] [1788935463.576885, 12.027000]: [air_ground_pick_demo] TAKEOFF {}
[INFO] [1788935481.515870, 24.628000]: [air_ground_pick_demo] AIR_VIEW {}
[INFO] [1788935481.519751, 24.632000]: [air_ground_pick_demo] A5_VIEWPOINT {"goal_map": [-1.4, 0.0, 1.2, 0.0], "rescan": false}
[INFO] [1788935503.546818, 41.375000]: [air_ground_pick_demo] A5_SETTLED {"uav_pose_map": [-1.4019602491525855, -0.03909473806753646, 1.192919783356876, 0.0006088850728408499]}
[INFO] [1788935503.552341, 41.379000]: [air_ground_pick_demo] AIR_OBSERVE {}
[INFO] [1788935503.842337, 41.600000]: [air_ground_pick_demo] AIR_HANDOFF {"observation_stamp": 41.005, "target_map": [1.9058168438862781, -0.12025282409568588, 0.06050261453845254, 0.24231989701600942]}
[INFO] [1788935503.845436, 41.604000]: [air_ground_pick_demo] TARGET_REFERENCE {"frame_id": "map", "mask_pixels": 317, "perceived_target": {"center_xyz": [1.9058168438862781, -0.12025282409568588, 0.06050261453845254], "size_xyz": [0.24, 0.053, 0.115], "yaw_rad": 0.24231989701600942}, "points": 155, "reason": null, "reference_file": "/media/lu/P450_PAPER/AGENT/reachability_guided_aerial_perception/outputs/development/operational-batch/launch-07-easy-ours/data/target_reference.npz", "stamp_s": 41.005, "status": "AVAILABLE"}
[INFO] [1788935503.849938, 41.608000]: [air_ground_pick_demo] A5_CORE {"label": "init", "operation": "init"}
[INFO] [1788935528.410673, 58.519000]: [air_ground_pick_demo] A5_SETTLED {"uav_pose_map": [-1.358454153335531, -0.09019069631012272, 1.2752470730467576, -0.006124817796370268]}
[INFO] [1788935528.414319, 58.523000]: [air_ground_pick_demo] A5_CAPTURE_ANCHOR {"capture_anchor_map": [-1.358454153335531, -0.09019069631012272, 1.2752470730467576, -0.005807484248793746], "position_discrepancy_m": 0.124589490239251, "requested_viewpoint": [-1.4, 0.0, 1.2, 0.0], "yaw_discrepancy_rad": -0.005807484248793745}
[INFO] [1788935535.433610, 63.732000]: [air_ground_pick_demo] A5_OBSERVATION {"capture_anchor_map": [-1.358454153335531, -0.09019069631012272, 1.2752470730467576, -0.005807484248793746], "chunk_count": 51, "observation_file": "/media/lu/P450_PAPER/AGENT/reachability_guided_aerial_perception/outputs/development/operational-batch/launch-07-easy-ours/data/observation_01.npz", "point_count": 87316, "requested_viewpoint": [-1.4, 0.0, 1.2, 0.0], "round": 1, "sensor_frame": "uav1/lidar_link", "stamp_s": 63.564, "uav_pose_map": [-1.4196930410949513, 0.07345569306673042, 1.2477340889180104, -0.005199434847132885], "window_duration_s": 5.027000000000001}
[INFO] [1788935535.438650, 63.736000]: [air_ground_pick_demo] A5_CORE {"label": "round-01", "operation": "observe"}
[INFO] [1788935540.161588, 67.101000]: [air_ground_pick_demo] A5_DECISION {"next_viewpoint": [-3.419693041094951, -1.9265443069332695, 1.2477340889180104, -0.790597598244581], "round": 1, "selected_candidate": null, "stop_reason": null}
[INFO] [1788935540.165174, 67.104000]: [air_ground_pick_demo] A5_VIEWPOINT {"goal_map": [-3.419693041094951, -1.9265443069332695, 1.2477340889180104, -0.790597598244581], "rescan": false}
[INFO] [1788935558.594658, 82.146000]: [air_ground_pick_demo] A5_SETTLED {"uav_pose_map": [-3.4178006305630655, -1.887733562749731, 1.2209736426937594, -0.7904523534159892]}
[INFO] [1788935559.108624, 82.589000]: [air_ground_pick_demo] A5_SETTLED {"uav_pose_map": [-3.417720726764481, -1.8779153119169976, 1.2310183482199135, -0.7903831374200239]}
[INFO] [1788935559.110584, 82.590000]: [air_ground_pick_demo] A5_CAPTURE_ANCHOR {"capture_anchor_map": [-3.417720726764481, -1.8779153119169976, 1.2310183482199135, -0.7904523534159892], "position_discrepancy_m": 0.05145954884369655, "requested_viewpoint": [-3.419693041094951, -1.9265443069332695, 1.2477340889180104, -0.790597598244581], "yaw_discrepancy_rad": 0.00014524482859179513}
[INFO] [1788935565.557182, 87.901000]: [air_ground_pick_demo] A5_OBSERVATION {"capture_anchor_map": [-3.417720726764481, -1.8779153119169976, 1.2310183482199135, -0.7904523534159892], "chunk_count": 52, "observation_file": "/media/lu/P450_PAPER/AGENT/reachability_guided_aerial_perception/outputs/development/operational-batch/launch-07-easy-ours/data/observation_02.npz", "point_count": 89319, "requested_viewpoint": [-3.419693041094951, -1.9265443069332695, 1.2477340889180104, -0.790597598244581], "round": 2, "sensor_frame": "uav1/lidar_link", "stamp_s": 87.753, "uav_pose_map": [-3.357624012955772, -1.900791406409856, 1.3370827303135002, -0.795481931947783], "window_duration_s": 5.093999999999994}
[INFO] [1788935565.558434, 87.901000]: [air_ground_pick_demo] A5_CORE {"label": "round-02", "operation": "observe"}
[INFO] [1788935569.203212, 90.648000]: [air_ground_pick_demo] A5_DECISION {"next_viewpoint": [-3.357624012955772, 0.09920859359014389, 1.3370827303135002, -0.795481931947783], "round": 2, "selected_candidate": null, "stop_reason": null}
[INFO] [1788935569.206638, 90.651000]: [air_ground_pick_demo] A5_VIEWPOINT {"goal_map": [-3.357624012955772, 0.09920859359014389, 1.3370827303135002, -0.795481931947783], "rescan": false}
[INFO] [1788935595.109465, 111.534000]: [air_ground_pick_demo] A5_SETTLED {"uav_pose_map": [-3.393451074664372, 0.07135325778729523, 1.3399038000314292, -0.795866972549612]}
[INFO] [1788935595.621052, 111.980000]: [air_ground_pick_demo] A5_SETTLED {"uav_pose_map": [-3.3865683304337844, 0.06555837675418949, 1.3475766830519997, -0.7964788354036494]}
[INFO] [1788935595.624299, 111.983000]: [air_ground_pick_demo] A5_CAPTURE_ANCHOR {"capture_anchor_map": [-3.3865683304337844, 0.06555837675418949, 1.3475766830519997, -0.795866972549612], "position_discrepancy_m": 0.045609578505535264, "requested_viewpoint": [-3.357624012955772, 0.09920859359014389, 1.3370827303135002, -0.795481931947783], "yaw_discrepancy_rad": -0.0003850406018289787}
[INFO] [1788935601.904530, 117.238000]: [air_ground_pick_demo] A5_OBSERVATION {"capture_anchor_map": [-3.3865683304337844, 0.06555837675418949, 1.3475766830519997, -0.795866972549612], "chunk_count": 51, "observation_file": "/media/lu/P450_PAPER/AGENT/reachability_guided_aerial_perception/outputs/development/operational-batch/launch-07-easy-ours/data/observation_03.npz", "point_count": 86383, "requested_viewpoint": [-3.357624012955772, 0.09920859359014389, 1.3370827303135002, -0.795481931947783], "round": 3, "sensor_frame": "uav1/lidar_link", "stamp_s": 117.035, "uav_pose_map": [-3.390778332768492, 0.11231189729948832, 1.4288909201851765, -0.7933526311098239], "window_duration_s": 5.018000000000001}
[INFO] [1788935601.907259, 117.238000]: [air_ground_pick_demo] A5_CORE {"label": "round-03", "operation": "observe"}
[ERROR] [1788935798.953068, 259.430000]: air-ground pick demo failed: RM4D top-1 navigation action timed out
[INFO] [1788935605.918788, 120.307000]: [air_ground_pick_demo] A5_DECISION {"next_viewpoint": null, "round": 3, "selected_candidate": {"ambiguous_subcell": {"aliased_clear_cell_ids": [781], "coarse_ambiguous_cell_ids": [781], "intersecting_endpoint_indices": [], "legacy_fallback_cell_ids": []}, "candidate_id": "candidate-000008", "confirmed": true, "evaluation_index": 8, "footprint_clipped": false, "free_cells": 107, "mean_unknown_score": 0.22715097351018018, "occupied_cells": 1, "operational": {"ambiguous_cells": 1, "blocked": false, "covered_cells": [343, 344, 345, 383, 384, 385, 386, 387, 422, 423, 424, 425, 426, 427, 428, 462, 463, 464, 465, 466, 467, 468, 469, 470, 501, 502, 503, 504, 505, 506, 507, 508, 509, 510, 511, 541, 542, 543, 544, 545, 546, 547, 548, 549, 550, 580, 581, 582, 583, 584, 585, 586, 587, 588, 589, 590, 619, 620, 621, 622, 623, 624, 625, 626, 627, 628, 629, 659, 660, 661, 662, 663, 664, 665, 666, 667, 668, 699, 700, 701, 702, 703, 704, 705, 706, 707, 708, 740, 741, 742, 743, 744, 745, 746, 747, 781, 782, 783, 784, 785, 786, 787, 823, 824, 825, 826, 865, 866], "environment_cells": 0, "footprint_clipped": false, "ground_missing_cells": 0, "ground_supported": true, "ground_supported_cells": 108, "target_cells": 0, "target_collision": false}, "relevance": 1.0, "representative_blocked": false, "source_id": 585, "unknown_cells": 0, "x": 2.4103006204104624, "y": -0.6332934453492527, "yaw": 2.094395102393195}, "stop_reason": "VIEW_BUDGET_REACHED"}
[INFO] [1788935605.920794, 120.309000]: [air_ground_pick_demo] A5_SELECTED {"ambiguous_subcell": {"aliased_clear_cell_ids": [781], "coarse_ambiguous_cell_ids": [781], "intersecting_endpoint_indices": [], "legacy_fallback_cell_ids": []}, "candidate_id": "candidate-000008", "confirmed": true, "evaluation_index": 8, "footprint_clipped": false, "free_cells": 107, "mean_unknown_score": 0.22715097351018018, "occupied_cells": 1, "operational": {"ambiguous_cells": 1, "blocked": false, "covered_cells": [343, 344, 345, 383, 384, 385, 386, 387, 422, 423, 424, 425, 426, 427, 428, 462, 463, 464, 465, 466, 467, 468, 469, 470, 501, 502, 503, 504, 505, 506, 507, 508, 509, 510, 511, 541, 542, 543, 544, 545, 546, 547, 548, 549, 550, 580, 581, 582, 583, 584, 585, 586, 587, 588, 589, 590, 619, 620, 621, 622, 623, 624, 625, 626, 627, 628, 629, 659, 660, 661, 662, 663, 664, 665, 666, 667, 668, 699, 700, 701, 702, 703, 704, 705, 706, 707, 708, 740, 741, 742, 743, 744, 745, 746, 747, 781, 782, 783, 784, 785, 786, 787, 823, 824, 825, 826, 865, 866], "environment_cells": 0, "footprint_clipped": false, "ground_missing_cells": 0, "ground_supported": true, "ground_supported_cells": 108, "target_cells": 0, "target_collision": false}, "relevance": 1.0, "representative_blocked": false, "source_id": 585, "unknown_cells": 0, "x": 2.4103006204104624, "y": -0.6332934453492527, "yaw": 2.094395102393195}
[INFO] [1788935605.926981, 120.313000]: [air_ground_pick_demo] A5_VIEWPOINT {"goal_map": [-1.4, 0.0, 1.2, 0.0], "rescan": false}
[INFO] [1788935619.228519, 129.910000]: [air_ground_pick_demo] A5_SETTLED {"uav_pose_map": [-1.3800222765130348, -0.014668879674498207, 1.226436397123009, -0.000186042748877145]}
[INFO] [1788935619.235113, 129.917000]: [air_ground_pick_demo] LANDING {}
[INFO] [1788935632.730348, 139.422000]: [air_ground_pick_demo] RM4D_CANDIDATES {"candidate_count": 33, "top_candidate_id": "candidate-000008", "top_candidate_pose_map": [2.4103006204104624, -0.6332934453492527, 2.094395102393195], "top_candidate_score": 1.0}
[INFO] [1788935632.733671, 139.426000]: [air_ground_pick_demo] GROUND_APPROACH {"navigation_goal_map": [2.4103006204104624, -0.6332934453492527, 2.094395102393195], "start_map": [2.9480646728832367, -2.540734658706142, -3.1213343503082447], "target_map": [1.9058168438862781, -0.12025282409568588, 0.06050261453845254, 0.24231989701600942], "top_candidate_id": "candidate-000008", "top_candidate_score": 1.0}
[INFO] [1788935798.955859, 259.433000]: [air_ground_pick_demo] FAILED {"reason": "RM4D top-1 navigation action timed out"}
