A6_ADAPTER_READY
[INFO] [1788934856.599373, 11.862000]: [air_ground_pick_demo] PREFLIGHT {}
[INFO] [1788934856.602587, 11.863000]: [air_ground_pick_demo] ARMING {}
[INFO] [1788934856.608021, 11.865000]: [air_ground_pick_demo] COMMAND_CONTROL {}
[INFO] [1788934856.614416, 11.868000]: [air_ground_pick_demo] TAKEOFF {}
[INFO] [1788934869.605663, 21.879000]: [air_ground_pick_demo] AIR_VIEW {}
[INFO] [1788934869.609984, 21.882000]: [air_ground_pick_demo] A5_VIEWPOINT {"goal_map": [-1.4, 0.0, 1.2, 0.0], "rescan": false}
[INFO] [1788934883.886136, 32.922000]: [air_ground_pick_demo] A5_SETTLED {"uav_pose_map": [-1.438327179974484, 0.0028154882174902442, 1.2234473502833305, -0.0009467934198711241]}
[INFO] [1788934883.894305, 32.930000]: [air_ground_pick_demo] AIR_OBSERVE {}
[INFO] [1788934884.295886, 33.200000]: [air_ground_pick_demo] AIR_HANDOFF {"observation_stamp": 32.553, "target_map": [1.9184749005027708, -0.055346434084355946, 0.06072082500728148, -0.030302076078652318]}
[INFO] [1788934884.297980, 33.202000]: [air_ground_pick_demo] TARGET_REFERENCE {"frame_id": "map", "mask_pixels": 208, "perceived_target": {"center_xyz": [1.9184749005027708, -0.055346434084355946, 0.06072082500728148], "size_xyz": [0.24, 0.053, 0.115], "yaw_rad": -0.030302076078652318}, "points": 108, "reason": null, "reference_file": "/media/lu/P450_PAPER/AGENT/reachability_guided_aerial_perception/outputs/development/operational-batch/launch-05-hard002-v14/data/target_reference.npz", "stamp_s": 32.553, "status": "AVAILABLE"}
[INFO] [1788934884.302588, 33.205000]: [air_ground_pick_demo] A5_CORE {"label": "init", "operation": "init"}
[INFO] [1788934909.697815, 51.004000]: [air_ground_pick_demo] A5_SETTLED {"uav_pose_map": [-1.4863333844796585, -0.11545250487364961, 1.186954572168808, -0.011883613545035646]}
[INFO] [1788934909.701163, 51.004000]: [air_ground_pick_demo] A5_CAPTURE_ANCHOR {"capture_anchor_map": [-1.4863333844796585, -0.11545250487364961, 1.186954572168808, -0.011455319450885163], "position_discrepancy_m": 0.14475122571022145, "requested_viewpoint": [-1.4, 0.0, 1.2, 0.0], "yaw_discrepancy_rad": -0.011455319450885163}
[INFO] [1788934916.633175, 56.176000]: [air_ground_pick_demo] A5_OBSERVATION {"capture_anchor_map": [-1.4863333844796585, -0.11545250487364961, 1.186954572168808, -0.011455319450885163], "chunk_count": 50, "observation_file": "/media/lu/P450_PAPER/AGENT/reachability_guided_aerial_perception/outputs/development/operational-batch/launch-05-hard002-v14/data/observation_01.npz", "point_count": 86746, "requested_viewpoint": [-1.4, 0.0, 1.2, 0.0], "round": 1, "sensor_frame": "uav1/lidar_link", "stamp_s": 56.06, "uav_pose_map": [-1.4198293414208076, -0.05331442872712976, 1.228420522470948, -0.013280287360152765], "window_duration_s": 5.032000000000004}
[INFO] [1788934916.636117, 56.178000]: [air_ground_pick_demo] A5_CORE {"label": "round-01", "operation": "observe"}
[INFO] [1788934921.544479, 59.718000]: [air_ground_pick_demo] A5_DECISION {"next_viewpoint": [-1.4198293414208076, -2.0533144287271297, 1.228420522470948, -0.013280287360152965], "round": 1, "selected_candidate": null, "stop_reason": null}
[INFO] [1788934921.552224, 59.722000]: [air_ground_pick_demo] A5_VIEWPOINT {"goal_map": [-1.4198293414208076, -2.0533144287271297, 1.228420522470948, -0.013280287360152965], "rescan": false}
[INFO] [1788934956.385229, 86.671000]: [air_ground_pick_demo] A5_SETTLED {"uav_pose_map": [-1.4134651052880143, -2.0142707862739284, 1.2560851405559457, -0.012959769289281466]}
[INFO] [1788934956.905900, 87.100000]: [air_ground_pick_demo] A5_SETTLED {"uav_pose_map": [-1.407191923756583, -2.017249298658747, 1.260589563364756, -0.013006814774308411]}
[INFO] [1788934956.909731, 87.102000]: [air_ground_pick_demo] A5_CAPTURE_ANCHOR {"capture_anchor_map": [-1.407191923756583, -2.017249298658747, 1.260589563364756, -0.012959769289281466], "position_discrepancy_m": 0.049952428610598065, "requested_viewpoint": [-1.4198293414208076, -2.0533144287271297, 1.228420522470948, -0.013280287360152965], "yaw_discrepancy_rad": 0.00032051807087149844}
[INFO] [1788934963.764382, 92.406000]: [air_ground_pick_demo] A5_OBSERVATION {"capture_anchor_map": [-1.407191923756583, -2.017249298658747, 1.260589563364756, -0.012959769289281466], "chunk_count": 52, "observation_file": "/media/lu/P450_PAPER/AGENT/reachability_guided_aerial_perception/outputs/development/operational-batch/launch-05-hard002-v14/data/observation_02.npz", "point_count": 89709, "requested_viewpoint": [-1.4198293414208076, -2.0533144287271297, 1.228420522470948, -0.013280287360152965], "round": 2, "sensor_frame": "uav1/lidar_link", "stamp_s": 92.268, "uav_pose_map": [-1.4045302683886134, -2.013361350182019, 1.1368348815284988, -0.013254513804388298], "window_duration_s": 5.096999999999994}
[INFO] [1788934963.768029, 92.410000]: [air_ground_pick_demo] A5_CORE {"label": "round-02", "operation": "observe"}
[INFO] [1788934968.652790, 95.860000]: [air_ground_pick_demo] A5_DECISION {"next_viewpoint": [-1.4045302683886134, -2.013361350182019, 1.1368348815284988, -0.013254513804388246], "round": 2, "selected_candidate": null, "stop_reason": null}
[INFO] [1788934968.657980, 95.865000]: [air_ground_pick_demo] A5_VIEWPOINT {"goal_map": [-1.4045302683886134, -2.013361350182019, 1.1368348815284988, -0.013254513804388246], "rescan": true}
[INFO] [1788934969.174128, 96.270000]: [air_ground_pick_demo] A5_SETTLED {"uav_pose_map": [-1.4267819033389049, -2.015967877039199, 1.1420122109747841, -0.013084287079756366]}
[INFO] [1788934969.693279, 96.683000]: [air_ground_pick_demo] A5_SETTLED {"uav_pose_map": [-1.4201460026542345, -2.0120844128570736, 1.14818622473219, -0.014088141343662151]}
[INFO] [1788934969.695579, 96.684000]: [air_ground_pick_demo] A5_CAPTURE_ANCHOR {"capture_anchor_map": [-1.4201460026542345, -2.0120844128570736, 1.14818622473219, -0.013084287079756366], "position_discrepancy_m": 0.019347731601258005, "requested_viewpoint": [-1.4045302683886134, -2.013361350182019, 1.1368348815284988, -0.013254513804388246], "yaw_discrepancy_rad": 0.00017022672463187959}
[INFO] [1788934976.631778, 102.034000]: [air_ground_pick_demo] A5_OBSERVATION {"capture_anchor_map": [-1.4201460026542345, -2.0120844128570736, 1.14818622473219, -0.013084287079756366], "chunk_count": 52, "observation_file": "/media/lu/P450_PAPER/AGENT/reachability_guided_aerial_perception/outputs/development/operational-batch/launch-05-hard002-v14/data/observation_03.npz", "point_count": 90761, "requested_viewpoint": [-1.4045302683886134, -2.013361350182019, 1.1368348815284988, -0.013254513804388246], "round": 3, "sensor_frame": "uav1/lidar_link", "stamp_s": 101.852, "uav_pose_map": [-1.3166992456385045, -2.022580674272254, 1.1269261619180888, -0.01590877186634012], "window_duration_s": 5.0930000000000035}
[INFO] [1788934976.639078, 102.041000]: [air_ground_pick_demo] A5_CORE {"label": "round-03", "operation": "observe"}
[33m[WARN] [1788935054.429256469, 155.432000000]: Link ground/wheel1_1_Link has visual geometry but no collision geometry. Collision geometry will be left empty. Fix your URDF file by explicitly specifying collision geometry.[0m
[33m[WARN] [1788935054.429322817, 155.432000000]: Link ground/wheel1_2_Link has visual geometry but no collision geometry. Collision geometry will be left empty. Fix your URDF file by explicitly specifying collision geometry.[0m
[33m[WARN] [1788935054.429348518, 155.432000000]: Link ground/wheel1_3_Link has visual geometry but no collision geometry. Collision geometry will be left empty. Fix your URDF file by explicitly specifying collision geometry.[0m
[33m[WARN] [1788935054.429373730, 155.432000000]: Link ground/wheel1_Link has visual geometry but no collision geometry. Collision geometry will be left empty. Fix your URDF file by explicitly specifying collision geometry.[0m
[33m[WARN] [1788935054.429422549, 155.432000000]: Link ground/wheel2_1_Link has visual geometry but no collision geometry. Collision geometry will be left empty. Fix your URDF file by explicitly specifying collision geometry.[0m
[33m[WARN] [1788935054.429459983, 155.432000000]: Link ground/wheel2_2_Link has visual geometry but no collision geometry. Collision geometry will be left empty. Fix your URDF file by explicitly specifying collision geometry.[0m
[33m[WARN] [1788935054.429537017, 155.432000000]: Link ground/wheel2_3_Link has visual geometry but no collision geometry. Collision geometry will be left empty. Fix your URDF file by explicitly specifying collision geometry.[0m
[33m[WARN] [1788935054.429566559, 155.432000000]: Link ground/wheel2_Link has visual geometry but no collision geometry. Collision geometry will be left empty. Fix your URDF file by explicitly specifying collision geometry.[0m
[33m[WARN] [1788935054.429589956, 155.432000000]: Link ground/wheel3_1_Link has visual geometry but no collision geometry. Collision geometry will be left empty. Fix your URDF file by explicitly specifying collision geometry.[0m
[33m[WARN] [1788935054.429614330, 155.432000000]: Link ground/wheel3_2_Link has visual geometry but no collision geometry. Collision geometry will be left empty. Fix your URDF file by explicitly specifying collision geometry.[0m
[33m[WARN] [1788935054.429635701, 155.432000000]: Link ground/wheel3_3_Link has visual geometry but no collision geometry. Collision geometry will be left empty. Fix your URDF file by explicitly specifying collision geometry.[0m
[33m[WARN] [1788935054.429659027, 155.432000000]: Link ground/wheel3_Link has visual geometry but no collision geometry. Collision geometry will be left empty. Fix your URDF file by explicitly specifying collision geometry.[0m
[33m[WARN] [1788935054.429680678, 155.432000000]: Link ground/wheel4_1_Link has visual geometry but no collision geometry. Collision geometry will be left empty. Fix your URDF file by explicitly specifying collision geometry.[0m
[33m[WARN] [1788935054.429702328, 155.432000000]: Link ground/wheel4_2_Link has visual geometry but no collision geometry. Collision geometry will be left empty. Fix your URDF file by explicitly specifying collision geometry.[0m
[33m[WARN] [1788935054.429724119, 155.432000000]: Link ground/wheel4_3_Link has visual geometry but no collision geometry. Collision geometry will be left empty. Fix your URDF file by explicitly specifying collision geometry.[0m
[33m[WARN] [1788935054.429746537, 155.433000000]: Link ground/wheel4_Link has visual geometry but no collision geometry. Collision geometry will be left empty. Fix your URDF file by explicitly specifying collision geometry.[0m
[33m[WARN] [1788935054.476814993, 155.464000000]: The root link ground/base_link has an inertia specified in the URDF, but KDL does not support a root link with an inertia.  As a workaround, you can add an extra dummy link to your URDF.[0m
[ERROR] [1788935115.642661, 190.348000]: air-ground pick demo failed: MoveIt refined pregrasp planning failed
[INFO] [1788934981.724055, 105.642000]: [air_ground_pick_demo] A5_DECISION {"next_viewpoint": null, "round": 3, "selected_candidate": {"ambiguous_subcell": {"aliased_clear_cell_ids": [779, 780, 781], "coarse_ambiguous_cell_ids": [779, 780, 781], "intersecting_endpoint_indices": [], "legacy_fallback_cell_ids": []}, "candidate_id": "candidate-000000", "confirmed": true, "evaluation_index": 0, "footprint_clipped": false, "free_cells": 96, "mean_unknown_score": 0.3517961877244409, "occupied_cells": 3, "operational": {"ambiguous_cells": 3, "blocked": false, "covered_cells": [459, 460, 461, 462, 463, 464, 465, 466, 467, 468, 469, 499, 500, 501, 502, 503, 504, 505, 506, 507, 508, 509, 539, 540, 541, 542, 543, 544, 545, 546, 547, 548, 549, 579, 580, 581, 582, 583, 584, 585, 586, 587, 588, 589, 619, 620, 621, 622, 623, 624, 625, 626, 627, 628, 629, 659, 660, 661, 662, 663, 664, 665, 666, 667, 668, 669, 699, 700, 701, 702, 703, 704, 705, 706, 707, 708, 709, 739, 740, 741, 742, 743, 744, 745, 746, 747, 748, 749, 779, 780, 781, 782, 783, 784, 785, 786, 787, 788, 789], "environment_cells": 0, "footprint_clipped": false, "ground_missing_cells": 0, "ground_supported": true, "ground_supported_cells": 99, "target_cells": 3, "target_collision": false}, "relevance": 1.0, "representative_blocked": false, "source_id": 624, "unknown_cells": 0, "x": 2.3789346182407027, "y": -0.5399750482438207, "yaw": -3.141592653589793}, "stop_reason": "VIEW_BUDGET_REACHED"}
[INFO] [1788934981.729681, 105.648000]: [air_ground_pick_demo] A5_SELECTED {"ambiguous_subcell": {"aliased_clear_cell_ids": [779, 780, 781], "coarse_ambiguous_cell_ids": [779, 780, 781], "intersecting_endpoint_indices": [], "legacy_fallback_cell_ids": []}, "candidate_id": "candidate-000000", "confirmed": true, "evaluation_index": 0, "footprint_clipped": false, "free_cells": 96, "mean_unknown_score": 0.3517961877244409, "occupied_cells": 3, "operational": {"ambiguous_cells": 3, "blocked": false, "covered_cells": [459, 460, 461, 462, 463, 464, 465, 466, 467, 468, 469, 499, 500, 501, 502, 503, 504, 505, 506, 507, 508, 509, 539, 540, 541, 542, 543, 544, 545, 546, 547, 548, 549, 579, 580, 581, 582, 583, 584, 585, 586, 587, 588, 589, 619, 620, 621, 622, 623, 624, 625, 626, 627, 628, 629, 659, 660, 661, 662, 663, 664, 665, 666, 667, 668, 669, 699, 700, 701, 702, 703, 704, 705, 706, 707, 708, 709, 739, 740, 741, 742, 743, 744, 745, 746, 747, 748, 749, 779, 780, 781, 782, 783, 784, 785, 786, 787, 788, 789], "environment_cells": 0, "footprint_clipped": false, "ground_missing_cells": 0, "ground_supported": true, "ground_supported_cells": 99, "target_cells": 3, "target_collision": false}, "relevance": 1.0, "representative_blocked": false, "source_id": 624, "unknown_cells": 0, "x": 2.3789346182407027, "y": -0.5399750482438207, "yaw": -3.141592653589793}
[INFO] [1788934981.735563, 105.650000]: [air_ground_pick_demo] A5_VIEWPOINT {"goal_map": [-1.4, 0.0, 1.2, 0.0], "rescan": false}
[INFO] [1788934995.626300, 116.198000]: [air_ground_pick_demo] A5_SETTLED {"uav_pose_map": [-1.4063844167837414, 0.03877374609404961, 1.2264037141655153, 0.0005840765524904053]}
[INFO] [1788934995.633500, 116.201000]: [air_ground_pick_demo] LANDING {}
[INFO] [1788935004.571223, 122.405000]: [air_ground_pick_demo] RM4D_CANDIDATES {"candidate_count": 34, "top_candidate_id": "candidate-000000", "top_candidate_pose_map": [2.3789346182407027, -0.5399750482438207, -3.141592653589793], "top_candidate_score": 1.0}
[INFO] [1788935004.581017, 122.414000]: [air_ground_pick_demo] GROUND_APPROACH {"navigation_goal_map": [2.3789346182407027, -0.5399750482438207, -3.141592653589793], "start_map": [3.0308334645583574, -2.4144299139317584, -3.080220436735586], "target_map": [1.9184749005027708, -0.055346434084355946, 0.06072082500728148, -0.030302076078652318], "top_candidate_id": "candidate-000000", "top_candidate_score": 1.0}
[INFO] [1788935050.335210, 153.162000]: [air_ground_pick_demo] GROUND_STOPPED {"ground_travel": 1.9966383689382778, "navigation_goal_map": [2.3789346182407027, -0.5399750482438207, -3.141592653589793], "target_distance": 0.6813410892558861, "top_candidate_id": "candidate-000000", "top_candidate_score": 1.0}
[INFO] [1788935050.343472, 153.167000]: [air_ground_pick_demo] GROUND_OBSERVE {}
[INFO] [1788935115.649632, 190.352000]: [air_ground_pick_demo] FAILED {"reason": "MoveIt refined pregrasp planning failed"}
[0m[INFO] [1788935054.118479789, 155.275000000]: Loading robot model 'bunker_aubo'...[0m
[0m[INFO] [1788935054.120349900, 155.275000000]: No root/virtual joint specified in SRDF. Assuming fixed joint[0m
[0m[INFO] [1788935055.527513569, 156.081000000]: Ready to take commands for planning group manipulator.[0m
