A6_ADAPTER_READY
[ERROR] [1788936965.749458, 104.636000]: air-ground pick demo failed: A5 stopped (VIEW_BUDGET_REACHED) without a confirmed exact candidate
[INFO] [1788936846.576924, 11.973000]: [air_ground_pick_demo] PREFLIGHT {}
[INFO] [1788936846.579251, 11.974000]: [air_ground_pick_demo] ARMING {}
[INFO] [1788936846.581487, 11.977000]: [air_ground_pick_demo] COMMAND_CONTROL {}
[INFO] [1788936846.585258, 11.981000]: [air_ground_pick_demo] TAKEOFF {}
[INFO] [1788936858.484645, 21.983000]: [air_ground_pick_demo] AIR_VIEW {}
[INFO] [1788936858.487020, 21.985000]: [air_ground_pick_demo] A5_VIEWPOINT {"goal_map": [-1.4, 0.0, 1.2, 0.0], "rescan": false}
[INFO] [1788936871.623419, 33.463000]: [air_ground_pick_demo] A5_SETTLED {"uav_pose_map": [-1.4389546921746585, -0.004405118214793013, 1.2209558686041795, -0.00011438041287194639]}
[INFO] [1788936871.627202, 33.466000]: [air_ground_pick_demo] AIR_OBSERVE {}
[INFO] [1788936871.878965, 33.674000]: [air_ground_pick_demo] AIR_HANDOFF {"observation_stamp": 33.072, "target_map": [2.00881275846259, 0.1359263412459693, 0.06112259928147378, -0.31999299398442593]}
[INFO] [1788936871.881443, 33.677000]: [air_ground_pick_demo] TARGET_REFERENCE {"frame_id": "map", "mask_pixels": 325, "perceived_target": {"center_xyz": [2.00881275846259, 0.1359263412459693, 0.06112259928147378], "size_xyz": [0.24, 0.053, 0.115], "yaw_rad": -0.31999299398442593}, "points": 155, "reason": null, "reference_file": "/media/lu/P450_PAPER/AGENT/reachability_guided_aerial_perception/outputs/development/operational-batch/launch-12-hard-ours/data/target_reference.npz", "stamp_s": 33.072, "status": "AVAILABLE"}
[INFO] [1788936871.883635, 33.677000]: [air_ground_pick_demo] A5_CORE {"label": "init", "operation": "init"}
[INFO] [1788936897.336293, 53.877000]: [air_ground_pick_demo] A5_SETTLED {"uav_pose_map": [-1.4458274031725589, -0.07943060058731048, 1.1883576182679392, -0.01063724522829966]}
[INFO] [1788936897.338495, 53.880000]: [air_ground_pick_demo] A5_CAPTURE_ANCHOR {"capture_anchor_map": [-1.4458274031725589, -0.07943060058731048, 1.1883576182679392, -0.010144221326764446], "position_discrepancy_m": 0.0924387161507349, "requested_viewpoint": [-1.4, 0.0, 1.2, 0.0], "yaw_discrepancy_rad": -0.010144221326764446}
[INFO] [1788936903.665045, 59.231000]: [air_ground_pick_demo] A5_OBSERVATION {"capture_anchor_map": [-1.4458274031725589, -0.07943060058731048, 1.1883576182679392, -0.010144221326764446], "chunk_count": 51, "observation_file": "/media/lu/P450_PAPER/AGENT/reachability_guided_aerial_perception/outputs/development/operational-batch/launch-12-hard-ours/data/observation_01.npz", "point_count": 87626, "requested_viewpoint": [-1.4, 0.0, 1.2, 0.0], "round": 1, "sensor_frame": "uav1/lidar_link", "stamp_s": 59.073, "uav_pose_map": [-1.4223856900461762, -0.05796211923092907, 1.2844386940781645, -0.014171587376178681], "window_duration_s": 5.097000000000001}
[INFO] [1788936903.667267, 59.233000]: [air_ground_pick_demo] A5_CORE {"label": "round-01", "operation": "observe"}
[INFO] [1788936907.870898, 62.494000]: [air_ground_pick_demo] A5_DECISION {"next_viewpoint": [-1.4223856900461762, -2.057962119230929, 1.2844386940781645, 0.7712265760212698], "round": 1, "selected_candidate": null, "stop_reason": null}
[INFO] [1788936907.876264, 62.498000]: [air_ground_pick_demo] A5_VIEWPOINT {"goal_map": [-1.4223856900461762, -2.057962119230929, 1.2844386940781645, 0.7712265760212698], "rescan": false}
[INFO] [1788936937.780737, 85.678000]: [air_ground_pick_demo] A5_SETTLED {"uav_pose_map": [-1.4620780993417242, -2.043048436918785, 1.3024646129177937, 0.7716799329121666]}
[INFO] [1788936938.299788, 86.023000]: [air_ground_pick_demo] A5_SETTLED {"uav_pose_map": [-1.4556864088494277, -2.03838065874733, 1.3099505357910173, 0.7719523565105441]}
[INFO] [1788936938.301980, 86.023000]: [air_ground_pick_demo] A5_CAPTURE_ANCHOR {"capture_anchor_map": [-1.4556864088494277, -2.03838065874733, 1.3099505357910173, 0.7716799329121666], "position_discrepancy_m": 0.046294983908255406, "requested_viewpoint": [-1.4223856900461762, -2.057962119230929, 1.2844386940781645, 0.7712265760212698], "yaw_discrepancy_rad": 0.0004533568908968722}
[INFO] [1788936947.046124, 91.319000]: [air_ground_pick_demo] A5_OBSERVATION {"capture_anchor_map": [-1.4556864088494277, -2.03838065874733, 1.3099505357910173, 0.7716799329121666], "chunk_count": 52, "observation_file": "/media/lu/P450_PAPER/AGENT/reachability_guided_aerial_perception/outputs/development/operational-batch/launch-12-hard-ours/data/observation_02.npz", "point_count": 88805, "requested_viewpoint": [-1.4223856900461762, -2.057962119230929, 1.2844386940781645, 0.7712265760212698], "round": 2, "sensor_frame": "uav1/lidar_link", "stamp_s": 91.172, "uav_pose_map": [-1.4490932484474803, -2.0327814344692934, 1.246198689665279, 0.7717028804867556], "window_duration_s": 5.090000000000003}
[INFO] [1788936947.049275, 91.322000]: [air_ground_pick_demo] A5_CORE {"label": "round-02", "operation": "observe"}
[INFO] [1788936951.217200, 93.833000]: [air_ground_pick_demo] A5_DECISION {"next_viewpoint": [-1.4490932484474803, -2.0327814344692934, 1.246198689665279, 0.7717028804867558], "round": 2, "selected_candidate": null, "stop_reason": null}
[INFO] [1788936951.220853, 93.837000]: [air_ground_pick_demo] A5_VIEWPOINT {"goal_map": [-1.4490932484474803, -2.0327814344692934, 1.246198689665279, 0.7717028804867558], "rescan": false}
[INFO] [1788936954.102086, 95.792000]: [air_ground_pick_demo] A5_SETTLED {"uav_pose_map": [-1.4605345281328173, -2.051794808488152, 1.2117204472910497, 0.7713357095271948]}
[INFO] [1788936954.621212, 96.199000]: [air_ground_pick_demo] A5_SETTLED {"uav_pose_map": [-1.459829399005363, -2.042091858026063, 1.2126950462227488, 0.7720162425464652]}
[INFO] [1788936954.625551, 96.202000]: [air_ground_pick_demo] A5_CAPTURE_ANCHOR {"capture_anchor_map": [-1.459829399005363, -2.042091858026063, 1.2126950462227488, 0.7713357095271948], "position_discrepancy_m": 0.03639289820187692, "requested_viewpoint": [-1.4490932484474803, -2.0327814344692934, 1.246198689665279, 0.7717028804867558], "yaw_discrepancy_rad": -0.00036717095956106943}
[INFO] [1788936961.581657, 101.569000]: [air_ground_pick_demo] A5_OBSERVATION {"capture_anchor_map": [-1.459829399005363, -2.042091858026063, 1.2126950462227488, 0.7713357095271948], "chunk_count": 52, "observation_file": "/media/lu/P450_PAPER/AGENT/reachability_guided_aerial_perception/outputs/development/operational-batch/launch-12-hard-ours/data/observation_03.npz", "point_count": 90271, "requested_viewpoint": [-1.4490932484474803, -2.0327814344692934, 1.246198689665279, 0.7717028804867558], "round": 3, "sensor_frame": "uav1/lidar_link", "stamp_s": 101.37, "uav_pose_map": [-1.3850013885361387, -1.9760688472755346, 1.1828489133261966, 0.7684029105573335], "window_duration_s": 5.100999999999999}
[INFO] [1788936961.583728, 101.570000]: [air_ground_pick_demo] A5_CORE {"label": "round-03", "operation": "observe"}
[INFO] [1788936965.746693, 104.632000]: [air_ground_pick_demo] A5_DECISION {"next_viewpoint": null, "round": 3, "selected_candidate": null, "stop_reason": "VIEW_BUDGET_REACHED"}
[INFO] [1788936965.753878, 104.639000]: [air_ground_pick_demo] FAILED {"reason": "A5 stopped (VIEW_BUDGET_REACHED) without a confirmed exact candidate"}
