A6_ADAPTER_READY
[ERROR] [1788936545.863271, 104.819000]: air-ground pick demo failed: A5 stopped (VIEW_BUDGET_REACHED) without a confirmed exact candidate
[INFO] [1788936419.404344, 12.133000]: [air_ground_pick_demo] PREFLIGHT {}
[INFO] [1788936419.409249, 12.137000]: [air_ground_pick_demo] ARMING {}
[INFO] [1788936419.412196, 12.139000]: [air_ground_pick_demo] COMMAND_CONTROL {}
[INFO] [1788936419.414908, 12.141000]: [air_ground_pick_demo] TAKEOFF {}
[INFO] [1788936437.035327, 25.043000]: [air_ground_pick_demo] AIR_VIEW {}
[INFO] [1788936437.039061, 25.048000]: [air_ground_pick_demo] A5_VIEWPOINT {"goal_map": [-1.4, 0.0, 1.2, 0.0], "rescan": false}
[INFO] [1788936449.695086, 34.740000]: [air_ground_pick_demo] A5_SETTLED {"uav_pose_map": [-1.4297884060925696, -0.031082377773767718, 1.2165106150994827, -0.000887904696382986]}
[INFO] [1788936449.697963, 34.740000]: [air_ground_pick_demo] AIR_OBSERVE {}
[INFO] [1788936449.966328, 34.896000]: [air_ground_pick_demo] AIR_HANDOFF {"observation_stamp": 34.451, "target_map": [2.0105758317762823, 0.13624091958595377, 0.06076737656884478, -0.30515661901393876]}
[INFO] [1788936449.975077, 34.904000]: [air_ground_pick_demo] TARGET_REFERENCE {"frame_id": "map", "mask_pixels": 325, "perceived_target": {"center_xyz": [2.0105758317762823, 0.13624091958595377, 0.06076737656884478], "size_xyz": [0.24, 0.053, 0.115], "yaw_rad": -0.30515661901393876}, "points": 160, "reason": null, "reference_file": "/media/lu/P450_PAPER/AGENT/reachability_guided_aerial_perception/outputs/development/operational-batch/launch-10-hard-generic/data/target_reference.npz", "stamp_s": 34.451, "status": "AVAILABLE"}
[INFO] [1788936449.981948, 34.908000]: [air_ground_pick_demo] A5_CORE {"label": "init", "operation": "init"}
[INFO] [1788936481.395111, 56.259000]: [air_ground_pick_demo] A5_SETTLED {"uav_pose_map": [-1.4148522877894751, -0.05722798097046664, 1.2459130804031084, -0.011837818979584119]}
[INFO] [1788936481.400265, 56.260000]: [air_ground_pick_demo] A5_CAPTURE_ANCHOR {"capture_anchor_map": [-1.4148522877894751, -0.05722798097046664, 1.2459130804031084, -0.011604244013585218], "position_discrepancy_m": 0.07485748600266905, "requested_viewpoint": [-1.4, 0.0, 1.2, 0.0], "yaw_discrepancy_rad": -0.011604244013585218}
[INFO] [1788936488.486855, 61.495000]: [air_ground_pick_demo] A5_OBSERVATION {"capture_anchor_map": [-1.4148522877894751, -0.05722798097046664, 1.2459130804031084, -0.011604244013585218], "chunk_count": 51, "observation_file": "/media/lu/P450_PAPER/AGENT/reachability_guided_aerial_perception/outputs/development/operational-batch/launch-10-hard-generic/data/observation_01.npz", "point_count": 86941, "requested_viewpoint": [-1.4, 0.0, 1.2, 0.0], "round": 1, "sensor_frame": "uav1/lidar_link", "stamp_s": 61.342, "uav_pose_map": [-1.4641349053128105, 0.03698774325465848, 1.306556753090247, -0.012909320987254837], "window_duration_s": 5.021000000000001}
[INFO] [1788936488.494109, 61.500000]: [air_ground_pick_demo] A5_CORE {"label": "round-01", "operation": "observe"}
[INFO] [1788936493.504052, 64.866000]: [air_ground_pick_demo] A5_DECISION {"next_viewpoint": [-3.4641349053128105, -1.9630122567453414, 1.306556753090247, -0.012909320987255057], "round": 1, "selected_candidate": null, "stop_reason": null}
[INFO] [1788936493.511195, 64.872000]: [air_ground_pick_demo] A5_VIEWPOINT {"goal_map": [-3.4641349053128105, -1.9630122567453414, 1.306556753090247, -0.012909320987255057], "rescan": false}
[INFO] [1788936521.075129, 85.837000]: [air_ground_pick_demo] A5_SETTLED {"uav_pose_map": [-3.477797399655643, -1.9261195513949705, 1.3266862789262641, -0.012553235481532593]}
[INFO] [1788936521.591577, 86.217000]: [air_ground_pick_demo] A5_SETTLED {"uav_pose_map": [-3.469286404148174, -1.9273486851576287, 1.3330215830548404, -0.011754452517864366]}
[INFO] [1788936521.594250, 86.217000]: [air_ground_pick_demo] A5_CAPTURE_ANCHOR {"capture_anchor_map": [-3.469286404148174, -1.9273486851576287, 1.3330215830548404, -0.012553235481532593], "position_discrepancy_m": 0.04470811451736134, "requested_viewpoint": [-3.4641349053128105, -1.9630122567453414, 1.306556753090247, -0.012909320987255057], "yaw_discrepancy_rad": 0.00035608550572246474}
[INFO] [1788936528.449282, 91.546000]: [air_ground_pick_demo] A5_OBSERVATION {"capture_anchor_map": [-3.469286404148174, -1.9273486851576287, 1.3330215830548404, -0.012553235481532593], "chunk_count": 51, "observation_file": "/media/lu/P450_PAPER/AGENT/reachability_guided_aerial_perception/outputs/development/operational-batch/launch-10-hard-generic/data/observation_02.npz", "point_count": 87148, "requested_viewpoint": [-3.4641349053128105, -1.9630122567453414, 1.306556753090247, -0.012909320987255057], "round": 2, "sensor_frame": "uav1/lidar_link", "stamp_s": 91.37, "uav_pose_map": [-3.4732563745051745, -1.898087148287975, 1.2481296220291462, -0.012843152232740464], "window_duration_s": 5.01700000000001}
[INFO] [1788936528.451346, 91.548000]: [air_ground_pick_demo] A5_CORE {"label": "round-02", "operation": "observe"}
[INFO] [1788936532.377060, 94.536000]: [air_ground_pick_demo] A5_DECISION {"next_viewpoint": [-3.4732563745051745, -1.898087148287975, 1.2481296220291462, -0.012843152232740351], "round": 2, "selected_candidate": null, "stop_reason": null}
[INFO] [1788936532.379467, 94.537000]: [air_ground_pick_demo] A5_VIEWPOINT {"goal_map": [-3.4732563745051745, -1.898087148287975, 1.2481296220291462, -0.012843152232740351], "rescan": false}
[INFO] [1788936534.536552, 96.208000]: [air_ground_pick_demo] A5_SETTLED {"uav_pose_map": [-3.488114857239742, -1.917178556562125, 1.222038901997047, -0.012041728738902574]}
[INFO] [1788936535.054564, 96.466000]: [air_ground_pick_demo] A5_SETTLED {"uav_pose_map": [-3.4827358089282714, -1.9103908632309163, 1.2200423747851323, -0.01246662978623193]}
[INFO] [1788936535.055961, 96.466000]: [air_ground_pick_demo] A5_CAPTURE_ANCHOR {"capture_anchor_map": [-3.4827358089282714, -1.9103908632309163, 1.2200423747851323, -0.012041728738902571], "position_discrepancy_m": 0.032095708998638985, "requested_viewpoint": [-3.4732563745051745, -1.898087148287975, 1.2481296220291462, -0.012843152232740351], "yaw_discrepancy_rad": 0.0008014234938377805}
[INFO] [1788936541.788238, 101.719000]: [air_ground_pick_demo] A5_OBSERVATION {"capture_anchor_map": [-3.4827358089282714, -1.9103908632309163, 1.2200423747851323, -0.012041728738902571], "chunk_count": 51, "observation_file": "/media/lu/P450_PAPER/AGENT/reachability_guided_aerial_perception/outputs/development/operational-batch/launch-10-hard-generic/data/observation_03.npz", "point_count": 88580, "requested_viewpoint": [-3.4732563745051745, -1.898087148287975, 1.2481296220291462, -0.012843152232740351], "round": 3, "sensor_frame": "uav1/lidar_link", "stamp_s": 101.555, "uav_pose_map": [-3.382862636355957, -1.9035568359188508, 1.1825993074478467, -0.014958448056024273], "window_duration_s": 5.02300000000001}
[INFO] [1788936541.792207, 101.722000]: [air_ground_pick_demo] A5_CORE {"label": "round-03", "operation": "observe"}
[INFO] [1788936545.857533, 104.816000]: [air_ground_pick_demo] A5_DECISION {"next_viewpoint": null, "round": 3, "selected_candidate": null, "stop_reason": "VIEW_BUDGET_REACHED"}
[INFO] [1788936545.865833, 104.822000]: [air_ground_pick_demo] FAILED {"reason": "A5 stopped (VIEW_BUDGET_REACHED) without a confirmed exact candidate"}
