... logging to /media/lu/P450_PAPER/AGENT/reachability_guided_aerial_perception/outputs/development/operational-batch/launch-10-hard-generic/ros/32fa7aa8-ac1a-11f1-98f0-252022cc4023/roslaunch-lu-Lenovo-ThinkBook-16p-Gen-2-1583794.log
Checking log directory for disk usage. This may take a while.
Press Ctrl-C to interrupt
Done checking log file disk usage. Usage is <1GB.
]2;/media/lu/P450_PAPER/AGENT/reachability_guided_aerial_perception/outputs/development/operational-batch/launch-10-hard-generic/runtime.launch
[1mstarted roslaunch server http://lu-Lenovo-ThinkBook-16p-Gen-2:34779/[0m

SUMMARY
========

PARAMETERS
 * /air_target_observer/ambiguity_ratio: 0.65
 * /air_target_observer/camera_optical_frame: uav1/camera_link
 * /air_target_observer/color_info_topic: /uav1/camera/colo...
 * /air_target_observer/color_topic: /uav1/camera/colo...
 * /air_target_observer/depth_info_topic: /uav1/camera/dept...
 * /air_target_observer/depth_topic: /uav1/camera/dept...
 * /air_target_observer/max_depth: 4.0
 * /air_target_observer/max_future_skew: 0.1
 * /air_target_observer/max_observation_age: 1.0
 * /air_target_observer/max_position_spread: 0.15
 * /air_target_observer/max_yaw_spread: 0.35
 * /air_target_observer/min_depth: 0.25
 * /air_target_observer/min_pixels: 25
 * /air_target_observer/minimum_points: 25
 * /air_target_observer/output_topic: /air_observer/tar...
 * /air_target_observer/runtime_ready_topic: /ground/runtime_r...
 * /air_target_observer/stable_frames: 3
 * /air_target_observer/status_topic: /air_observer/status
 * /air_target_observer/sync_queue_size: 10
 * /air_target_observer/sync_slop: 0.06
 * /air_target_observer/target_frame: map
 * /air_target_observer/target_height: 0.115
 * /air_target_observer/tf_timeout: 0.25
 * /air_target_observer/top_surface_tolerance: 0.02
 * /gazebo/enable_ros_network: True
 * /gazebo_grasp_confirmation/contact_max_age: 0.3
 * /gazebo_grasp_confirmation/contact_topic: /pick_target/cont...
 * /gazebo_grasp_confirmation/joint_max_age: 0.5
 * /gazebo_grasp_confirmation/joint_state_topic: /ground/joint_states
 * /gazebo_grasp_confirmation/minimum_closed_joint: 0.2
 * /gazebo_grasp_confirmation/output_topic: /ground/gripper/g...
 * /ground/arm_controller/action_monitor_rate: 20
 * /ground/arm_controller/constraints/elbow_joint/goal: 0.05
 * /ground/arm_controller/constraints/goal_time: 2.0
 * /ground/arm_controller/constraints/shoulder_lift_joint/goal: 0.05
 * /ground/arm_controller/constraints/shoulder_pan_joint/goal: 0.05
 * /ground/arm_controller/constraints/stopped_velocity_tolerance: 0.1
 * /ground/arm_controller/constraints/wrist_1_joint/goal: 0.05
 * /ground/arm_controller/constraints/wrist_2_joint/goal: 0.05
 * /ground/arm_controller/constraints/wrist_3_joint/goal: 0.05
 * /ground/arm_controller/joints: ['shoulder_pan_jo...
 * /ground/arm_controller/state_publish_rate: 100
 * /ground/arm_controller/stop_trajectory_duration: 0.5
 * /ground/arm_controller/type: position_controll...
 * /ground/gazebo_ros_control/pid_gains/elbow_joint/d: 20.0
 * /ground/gazebo_ros_control/pid_gains/elbow_joint/i: 1.0
 * /ground/gazebo_ros_control/pid_gains/elbow_joint/i_clamp: 1.0
 * /ground/gazebo_ros_control/pid_gains/elbow_joint/p: 3000.0
 * /ground/gazebo_ros_control/pid_gains/left_outer_knuckle_joint/d: 0.1
 * /ground/gazebo_ros_control/pid_gains/left_outer_knuckle_joint/i: 1.0
 * /ground/gazebo_ros_control/pid_gains/left_outer_knuckle_joint/i_clamp: 1.0
 * /ground/gazebo_ros_control/pid_gains/left_outer_knuckle_joint/p: 10.0
 * /ground/gazebo_ros_control/pid_gains/right_outer_knuckle_joint/d: 0.1
 * /ground/gazebo_ros_control/pid_gains/right_outer_knuckle_joint/i: 1.0
 * /ground/gazebo_ros_control/pid_gains/right_outer_knuckle_joint/i_clamp: 1.0
 * /ground/gazebo_ros_control/pid_gains/right_outer_knuckle_joint/p: 20.0
 * /ground/gazebo_ros_control/pid_gains/shoulder_lift_joint/d: 200.0
 * /ground/gazebo_ros_control/pid_gains/shoulder_lift_joint/i: 1.0
 * /ground/gazebo_ros_control/pid_gains/shoulder_lift_joint/i_clamp: 1.0
 * /ground/gazebo_ros_control/pid_gains/shoulder_lift_joint/p: 12000.0
 * /ground/gazebo_ros_control/pid_gains/shoulder_pan_joint/d: 200.0
 * /ground/gazebo_ros_control/pid_gains/shoulder_pan_joint/i: 1.0
 * /ground/gazebo_ros_control/pid_gains/shoulder_pan_joint/i_clamp: 1.0
 * /ground/gazebo_ros_control/pid_gains/shoulder_pan_joint/p: 5000.0
 * /ground/gazebo_ros_control/pid_gains/wrist_1_joint/d: 1.0
 * /ground/gazebo_ros_control/pid_gains/wrist_1_joint/i: 1.0
 * /ground/gazebo_ros_control/pid_gains/wrist_1_joint/i_clamp: 1.0
 * /ground/gazebo_ros_control/pid_gains/wrist_1_joint/p: 1000.0
 * /ground/gazebo_ros_control/pid_gains/wrist_2_joint/d: 1.0
 * /ground/gazebo_ros_control/pid_gains/wrist_2_joint/i: 1.0
 * /ground/gazebo_ros_control/pid_gains/wrist_2_joint/i_clamp: 1.0
 * /ground/gazebo_ros_control/pid_gains/wrist_2_joint/p: 500.0
 * /ground/gazebo_ros_control/pid_gains/wrist_3_joint/d: 0.1
 * /ground/gazebo_ros_control/pid_gains/wrist_3_joint/i: 0.0
 * /ground/gazebo_ros_control/pid_gains/wrist_3_joint/i_clamp: 1.0
 * /ground/gazebo_ros_control/pid_gains/wrist_3_joint/p: 100.0
 * /ground/gripper_controller/action_monitor_rate: 20
 * /ground/gripper_controller/constraints/goal_time: 1.0
 * /ground/gripper_controller/constraints/left_outer_knuckle_joint/goal: 0.05
 * /ground/gripper_controller/constraints/left_outer_knuckle_joint/trajectory: 0.08
 * /ground/gripper_controller/constraints/stopped_velocity_tolerance: 0.05
 * /ground/gripper_controller/joints: ['left_outer_knuc...
 * /ground/gripper_controller/state_publish_rate: 100
 * /ground/gripper_controller/stop_trajectory_duration: 0.3
 * /ground/gripper_controller/type: position_controll...
 * /ground/joint_state_controller/publish_rate: 100
 * /ground/joint_state_controller/type: joint_state_contr...
 * /ground/move_base/DWAPlannerROS/acc_lim_theta: 1.2
 * /ground/move_base/DWAPlannerROS/acc_lim_x: 0.6
 * /ground/move_base/DWAPlannerROS/acc_lim_y: 0.0
 * /ground/move_base/DWAPlannerROS/angular_sim_granularity: 0.025
 * /ground/move_base/DWAPlannerROS/forward_point_distance: 0.0
 * /ground/move_base/DWAPlannerROS/goal_distance_bias: 20.0
 * /ground/move_base/DWAPlannerROS/holonomic_robot: False
 * /ground/move_base/DWAPlannerROS/latch_xy_goal_tolerance: True
 * /ground/move_base/DWAPlannerROS/max_vel_theta: 0.3
 * /ground/move_base/DWAPlannerROS/max_vel_trans: 0.4
 * /ground/move_base/DWAPlannerROS/max_vel_x: 0.4
 * /ground/move_base/DWAPlannerROS/max_vel_y: 0.0
 * /ground/move_base/DWAPlannerROS/min_vel_theta: 0.2
 * /ground/move_base/DWAPlannerROS/min_vel_trans: 0.0
 * /ground/move_base/DWAPlannerROS/min_vel_x: -0.2
 * /ground/move_base/DWAPlannerROS/min_vel_y: 0.0
 * /ground/move_base/DWAPlannerROS/occdist_scale: 0.01
 * /ground/move_base/DWAPlannerROS/odom_topic: /ground/odom
 * /ground/move_base/DWAPlannerROS/path_distance_bias: 32.0
 * /ground/move_base/DWAPlannerROS/sim_granularity: 0.025
 * /ground/move_base/DWAPlannerROS/sim_time: 1.5
 * /ground/move_base/DWAPlannerROS/vth_samples: 30
 * /ground/move_base/DWAPlannerROS/vx_samples: 10
 * /ground/move_base/DWAPlannerROS/vy_samples: 1
 * /ground/move_base/DWAPlannerROS/xy_goal_tolerance: 0.06
 * /ground/move_base/DWAPlannerROS/yaw_goal_tolerance: 0.08
 * /ground/move_base/base_global_planner: navfn/NavfnROS
 * /ground/move_base/base_local_planner: dwa_local_planner...
 * /ground/move_base/clearing_rotation_allowed: True
 * /ground/move_base/controller_frequency: 15.0
 * /ground/move_base/controller_patience: 8.0
 * /ground/move_base/global_costmap/always_send_full_costmap: True
 * /ground/move_base/global_costmap/footprint: [[-0.5, -0.37], [...
 * /ground/move_base/global_costmap/footprint_padding: 0.02
 * /ground/move_base/global_costmap/global_frame: map
 * /ground/move_base/global_costmap/height: 12.0
 * /ground/move_base/global_costmap/inflation_layer/cost_scaling_factor: 5.0
 * /ground/move_base/global_costmap/inflation_layer/inflation_radius: 0.15
 * /ground/move_base/global_costmap/obstacle_layer/observation_sources: scan
 * /ground/move_base/global_costmap/obstacle_layer/scan/clearing: True
 * /ground/move_base/global_costmap/obstacle_layer/scan/data_type: LaserScan
 * /ground/move_base/global_costmap/obstacle_layer/scan/inf_is_valid: True
 * /ground/move_base/global_costmap/obstacle_layer/scan/marking: True
 * /ground/move_base/global_costmap/obstacle_layer/scan/obstacle_range: 5.5
 * /ground/move_base/global_costmap/obstacle_layer/scan/raytrace_range: 6.0
 * /ground/move_base/global_costmap/obstacle_layer/scan/sensor_frame: ground/lidar_2d_link
 * /ground/move_base/global_costmap/obstacle_layer/scan/topic: /ground/scan
 * /ground/move_base/global_costmap/plugins: [{'name': 'obstac...
 * /ground/move_base/global_costmap/publish_frequency: 2.0
 * /ground/move_base/global_costmap/resolution: 0.05
 * /ground/move_base/global_costmap/robot_base_frame: ground/base_link
 * /ground/move_base/global_costmap/rolling_window: True
 * /ground/move_base/global_costmap/track_unknown_space: False
 * /ground/move_base/global_costmap/transform_tolerance: 0.3
 * /ground/move_base/global_costmap/update_frequency: 5.0
 * /ground/move_base/global_costmap/width: 12.0
 * /ground/move_base/local_costmap/always_send_full_costmap: True
 * /ground/move_base/local_costmap/footprint: [[-0.5, -0.37], [...
 * /ground/move_base/local_costmap/footprint_padding: 0.02
 * /ground/move_base/local_costmap/global_frame: ground/odom
 * /ground/move_base/local_costmap/height: 4.0
 * /ground/move_base/local_costmap/inflation_layer/cost_scaling_factor: 5.0
 * /ground/move_base/local_costmap/inflation_layer/inflation_radius: 0.15
 * /ground/move_base/local_costmap/obstacle_layer/observation_sources: scan
 * /ground/move_base/local_costmap/obstacle_layer/scan/clearing: True
 * /ground/move_base/local_costmap/obstacle_layer/scan/data_type: LaserScan
 * /ground/move_base/local_costmap/obstacle_layer/scan/inf_is_valid: True
 * /ground/move_base/local_costmap/obstacle_layer/scan/marking: True
 * /ground/move_base/local_costmap/obstacle_layer/scan/obstacle_range: 5.5
 * /ground/move_base/local_costmap/obstacle_layer/scan/raytrace_range: 6.0
 * /ground/move_base/local_costmap/obstacle_layer/scan/sensor_frame: ground/lidar_2d_link
 * /ground/move_base/local_costmap/obstacle_layer/scan/topic: /ground/scan
 * /ground/move_base/local_costmap/plugins: [{'name': 'obstac...
 * /ground/move_base/local_costmap/publish_frequency: 5.0
 * /ground/move_base/local_costmap/resolution: 0.05
 * /ground/move_base/local_costmap/robot_base_frame: ground/base_link
 * /ground/move_base/local_costmap/rolling_window: True
 * /ground/move_base/local_costmap/track_unknown_space: False
 * /ground/move_base/local_costmap/transform_tolerance: 0.3
 * /ground/move_base/local_costmap/update_frequency: 10.0
 * /ground/move_base/local_costmap/width: 4.0
 * /ground/move_base/oscillation_distance: 0.05
 * /ground/move_base/oscillation_timeout: 0.0
 * /ground/move_base/planner_frequency: 2.0
 * /ground/move_base/planner_patience: 5.0
 * /ground/move_base/recovery_behavior_enabled: False
 * /ground/move_base/shutdown_costmaps: False
 * /ground/robot_description: <?xml version='1....
 * /ground/spawn_ground_robot/controller_timeout: 30.0
 * /ground/spawn_ground_robot/model_timeout: 30.0
 * /ground/spawn_ground_robot/pitch: 0.0
 * /ground/spawn_ground_robot/roll: 0.0
 * /ground/spawn_ground_robot/x: 3.0590317487041685
 * /ground/spawn_ground_robot/y: -2.420658412418086
 * /ground/spawn_ground_robot/yaw: 3.1731298861769486
 * /ground/spawn_ground_robot/z: 0.36
 * /ground_target_observer/ambiguity_ratio: 0.65
 * /ground_target_observer/camera_optical_frame: ground/d435_color...
 * /ground_target_observer/color_info_topic: /ground/d435/colo...
 * /ground_target_observer/color_topic: /ground/d435/colo...
 * /ground_target_observer/depth_info_topic: /ground/d435/dept...
 * /ground_target_observer/depth_topic: /ground/d435/dept...
 * /ground_target_observer/max_depth: 2.5
 * /ground_target_observer/max_future_skew: 0.1
 * /ground_target_observer/max_observation_age: 1.0
 * /ground_target_observer/max_position_spread: 0.05
 * /ground_target_observer/max_yaw_spread: 0.2
 * /ground_target_observer/min_depth: 0.12
 * /ground_target_observer/min_pixels: 40
 * /ground_target_observer/minimum_points: 40
 * /ground_target_observer/output_topic: /ground_observer/...
 * /ground_target_observer/runtime_ready_topic: /ground/runtime_r...
 * /ground_target_observer/stable_frames: 4
 * /ground_target_observer/status_topic: /ground_observer/...
 * /ground_target_observer/sync_queue_size: 10
 * /ground_target_observer/sync_slop: 0.06
 * /ground_target_observer/target_frame: map
 * /ground_target_observer/target_height: 0.115
 * /ground_target_observer/tf_timeout: 0.25
 * /ground_target_observer/top_surface_tolerance: 0.015
 * /move_group/allow_trajectory_execution: True
 * /move_group/controller_list: [{'name': '/groun...
 * /move_group/manipulator/default_planner_config: RRTConnectkConfig...
 * /move_group/manipulator/longest_valid_segment_fraction: 0.005
 * /move_group/manipulator/planner_configs: ['RRTConnectkConf...
 * /move_group/manipulator/projection_evaluator: joints(shoulder_p...
 * /move_group/moveit_controller_manager: moveit_simple_con...
 * /move_group/planner_configs/RRTConnectkConfigDefault/range: 0.0
 * /move_group/planner_configs/RRTConnectkConfigDefault/type: geometric::RRTCon...
 * /move_group/planning_plugin: ompl_interface/OM...
 * /move_group/planning_scene_monitor/publish_geometry_updates: True
 * /move_group/planning_scene_monitor/publish_planning_scene: True
 * /move_group/planning_scene_monitor/publish_state_updates: True
 * /move_group/planning_scene_monitor/publish_transforms_updates: True
 * /move_group/request_adapters: default_planner_r...
 * /move_group/start_state_max_bounds_error: 0.1
 * /move_group/trajectory_execution/allowed_execution_duration_scaling: 1.5
 * /move_group/trajectory_execution/allowed_goal_duration_margin: 1.0
 * /move_group/trajectory_execution/allowed_start_tolerance: 0.05
 * /p450_flight_facade/action_name: /uav1/runtime/flight
 * /p450_flight_facade/command_topic: /uav1/prometheus/...
 * /p450_flight_facade/control_state_topic: /uav1/prometheus/...
 * /p450_flight_facade/fly_to_position_tolerance: 0.05
 * /p450_flight_facade/odom_frame: uav1/odom
 * /p450_flight_facade/odom_topic: /uav1/prometheus/...
 * /p450_flight_facade/position_tolerance: 0.15
 * /p450_flight_facade/setup_topic: /uav1/prometheus/...
 * /p450_flight_facade/state_topic: /uav1/prometheus/...
 * /robot_description: <?xml version='1....
 * /robot_description_kinematics/manipulator/kinematics_solver: kdl_kinematics_pl...
 * /robot_description_kinematics/manipulator/kinematics_solver_search_resolution: 0.005
 * /robot_description_kinematics/manipulator/kinematics_solver_timeout: 0.08
 * /robot_description_planning/joint_limits/elbow_joint/has_acceleration_limits: True
 * /robot_description_planning/joint_limits/elbow_joint/has_velocity_limits: True
 * /robot_description_planning/joint_limits/elbow_joint/max_acceleration: 2.0
 * /robot_description_planning/joint_limits/elbow_joint/max_velocity: 1.5
 * /robot_description_planning/joint_limits/left_outer_knuckle_joint/has_acceleration_limits: True
 * /robot_description_planning/joint_limits/left_outer_knuckle_joint/has_velocity_limits: True
 * /robot_description_planning/joint_limits/left_outer_knuckle_joint/max_acceleration: 2.0
 * /robot_description_planning/joint_limits/left_outer_knuckle_joint/max_velocity: 1.0
 * /robot_description_planning/joint_limits/shoulder_lift_joint/has_acceleration_limits: True
 * /robot_description_planning/joint_limits/shoulder_lift_joint/has_velocity_limits: True
 * /robot_description_planning/joint_limits/shoulder_lift_joint/max_acceleration: 2.0
 * /robot_description_planning/joint_limits/shoulder_lift_joint/max_velocity: 1.5
 * /robot_description_planning/joint_limits/shoulder_pan_joint/has_acceleration_limits: True
 * /robot_description_planning/joint_limits/shoulder_pan_joint/has_velocity_limits: True
 * /robot_description_planning/joint_limits/shoulder_pan_joint/max_acceleration: 2.0
 * /robot_description_planning/joint_limits/shoulder_pan_joint/max_velocity: 1.5
 * /robot_description_planning/joint_limits/wrist_1_joint/has_acceleration_limits: True
 * /robot_description_planning/joint_limits/wrist_1_joint/has_velocity_limits: True
 * /robot_description_planning/joint_limits/wrist_1_joint/max_acceleration: 2.5
 * /robot_description_planning/joint_limits/wrist_1_joint/max_velocity: 1.8
 * /robot_description_planning/joint_limits/wrist_2_joint/has_acceleration_limits: True
 * /robot_description_planning/joint_limits/wrist_2_joint/has_velocity_limits: True
 * /robot_description_planning/joint_limits/wrist_2_joint/max_acceleration: 2.5
 * /robot_description_planning/joint_limits/wrist_2_joint/max_velocity: 1.8
 * /robot_description_planning/joint_limits/wrist_3_joint/has_acceleration_limits: True
 * /robot_description_planning/joint_limits/wrist_3_joint/has_velocity_limits: True
 * /robot_description_planning/joint_limits/wrist_3_joint/max_acceleration: 2.5
 * /robot_description_planning/joint_limits/wrist_3_joint/max_velocity: 1.8
 * /robot_description_semantic: <?xml version="1....
 * /rosdistro: noetic
 * /rosversion: 1.17.4
 * /spawn_pick_target/air_image_topic: /uav1/camera/colo...
 * /spawn_pick_target/ground_image_topic: /ground/d435/colo...
 * /spawn_pick_target/model_name: pick_target
 * /spawn_pick_target/model_path: /media/lu/P450_PA...
 * /spawn_pick_target/reference_frame: world
 * /spawn_pick_target/runtime_ready_topic: /ground/runtime_r...
 * /spawn_pick_target/x: 2.0118863382997163
 * /spawn_pick_target/y: 0.1325291544290921
 * /spawn_pick_target/yaw: -0.29771096792902724
 * /spawn_pick_target/z: 0.0575
 * /uav1/mavros/cmd/use_comp_id_system_control: False
 * /uav1/mavros/conn/heartbeat_rate: 1.0
 * /uav1/mavros/conn/system_time_rate: 1.0
 * /uav1/mavros/conn/timeout: 10.0
 * /uav1/mavros/conn/timesync_rate: 10.0
 * /uav1/mavros/fcu_url: udp://:14540@loca...
 * /uav1/mavros/gcs_url: 
 * /uav1/mavros/global_position/child_frame_id: base_link
 * /uav1/mavros/global_position/frame_id: map
 * /uav1/mavros/global_position/gps_uere: 1.0
 * /uav1/mavros/global_position/rot_covariance: 99999.0
 * /uav1/mavros/global_position/tf/child_frame_id: map_base_link
 * /uav1/mavros/global_position/tf/frame_id: map
 * /uav1/mavros/global_position/tf/global_frame_id: earth
 * /uav1/mavros/global_position/tf/send: False
 * /uav1/mavros/global_position/use_relative_alt: True
 * /uav1/mavros/imu/angular_velocity_stdev: 0.0003490659 // 0...
 * /uav1/mavros/imu/frame_id: base_link
 * /uav1/mavros/imu/linear_acceleration_stdev: 0.0003
 * /uav1/mavros/imu/magnetic_stdev: 0.0
 * /uav1/mavros/imu/orientation_stdev: 1.0
 * /uav1/mavros/local_position/frame_id: map
 * /uav1/mavros/local_position/tf/child_frame_id: map_base_link
 * /uav1/mavros/local_position/tf/frame_id: map
 * /uav1/mavros/local_position/tf/send: False
 * /uav1/mavros/local_position/tf/send_fcu: False
 * /uav1/mavros/plugin_blacklist: ['actuator_contro...
 * /uav1/mavros/plugin_whitelist: ['altitude', 'com...
 * /uav1/mavros/setpoint_raw/thrust_scaling: 1.0
 * /uav1/mavros/startup_px4_usb_quirk: True
 * /uav1/mavros/sys/disable_diag: False
 * /uav1/mavros/sys/min_voltage: 10.0
 * /uav1/mavros/target_component_id: 1
 * /uav1/mavros/target_system_id: 1
 * /uav1/mavros/time/publish_sim_time: False
 * /uav1/mavros/time/time_ref_source: fcu
 * /uav1/mavros/time/timesync_avg_alpha: 0.6
 * /uav1/mavros/time/timesync_mode: MAVLINK
 * /uav1/mavros/vision_pose/tf/child_frame_id: vision_estimate
 * /uav1/mavros/vision_pose/tf/frame_id: map
 * /uav1/mavros/vision_pose/tf/listen: False
 * /uav1/mavros/vision_pose/tf/rate_limit: 10.0
 * /uav1/mavros/vision_speed/listen_twist: True
 * /uav1/mavros/vision_speed/twist_cov: True
 * /uav1/sdf_p450_D435i_0: <?xml version='1....
 * /uav_control_main_1/BSA_SLAM/offset_pitch: 0.0
 * /uav_control_main_1/BSA_SLAM/offset_roll: 0.0
 * /uav_control_main_1/BSA_SLAM/offset_x: 0.0
 * /uav_control_main_1/BSA_SLAM/offset_y: 0.0
 * /uav_control_main_1/BSA_SLAM/offset_yaw: 0.0
 * /uav_control_main_1/BSA_SLAM/offset_z: 0.0
 * /uav_control_main_1/D435i/offset_pitch: 0.0
 * /uav_control_main_1/D435i/offset_roll: -1.9207963267948966
 * /uav_control_main_1/D435i/offset_x: 0.13614773689465415
 * /uav_control_main_1/D435i/offset_y: 0.0
 * /uav_control_main_1/D435i/offset_yaw: -1.5707963267948966
 * /uav_control_main_1/D435i/offset_z: 0.11272472554168546
 * /uav_control_main_1/Lidar/offset_pitch: 0.35
 * /uav_control_main_1/Lidar/offset_roll: 0.0
 * /uav_control_main_1/Lidar/offset_x: 0.14714489037277256
 * /uav_control_main_1/Lidar/offset_y: 0.0
 * /uav_control_main_1/Lidar/offset_yaw: 0.0
 * /uav_control_main_1/Lidar/offset_z: 0.27696863564236895
 * /uav_control_main_1/T265/offset_pitch: 0.0
 * /uav_control_main_1/T265/offset_roll: 0.0
 * /uav_control_main_1/T265/offset_x: 0.0
 * /uav_control_main_1/T265/offset_y: 0.0
 * /uav_control_main_1/T265/offset_yaw: 0.0
 * /uav_control_main_1/T265/offset_z: 0.0
 * /uav_control_main_1/control/COMMAND_MPC_ACC_HOR: 2.0
 * /uav_control_main_1/control/COMMAND_MPC_XY_VEL_MAX: 1.0
 * /uav_control_main_1/control/Disarm_height: 0.1
 * /uav_control_main_1/control/Land_speed: 0.2
 * /uav_control_main_1/control/Takeoff_height: 1.5
 * /uav_control_main_1/control/enable_external_control: False
 * /uav_control_main_1/control/location_source: 4
 * /uav_control_main_1/control/maximum_safe_vel_xy: 5.0
 * /uav_control_main_1/control/maximum_safe_vel_z: 4.0
 * /uav_control_main_1/control/maximum_vel_error_for_Odom: 0.8
 * /uav_control_main_1/control/maximum_vel_error_for_vision: 2.0
 * /uav_control_main_1/control/pos_controller: 0
 * /uav_control_main_1/enable_px4_params_load: False
 * /uav_control_main_1/flag_printf: False
 * /uav_control_main_1/geo_fence/x_max: 1000.0
 * /uav_control_main_1/geo_fence/x_min: -1000.0
 * /uav_control_main_1/geo_fence/y_max: 1000.0
 * /uav_control_main_1/geo_fence/y_min: -1000.0
 * /uav_control_main_1/geo_fence/z_max: 1000.0
 * /uav_control_main_1/geo_fence/z_min: -50.0
 * /uav_control_main_1/px4_params/EKF2_AID_MASK: 1
 * /uav_control_main_1/px4_params/EKF2_HGT_MODE: 0
 * /uav_control_main_1/px4_params/MC_YAWRATE_MAX: 30.0
 * /uav_control_main_1/px4_params/MPC_ACC_HOR: 3.0
 * /uav_control_main_1/px4_params/MPC_VEL_MANUAL: 3.0
 * /uav_control_main_1/px4_params/MPC_XY_VEL_MAX: 3.0
 * /uav_control_main_1/sim_mode: True
 * /uav_control_main_1/tf_parent_frame: uav1/odom
 * /uav_control_main_1/uav_id: 1
 * /use_sim_time: True

NODES
  /
    air_target_observer (air_ground_pick_demo/red_target_observer.py)
    gazebo (gazebo_ros/gzserver)
    gazebo_grasp_confirmation (ground_manipulator_runtime/gazebo_grasp_confirmation.py)
    ground_target_observer (air_ground_pick_demo/red_target_observer.py)
    move_group (moveit_ros_move_group/move_group)
    p450_flight_facade (p450_flight_facade/p450_flight_facade_node.py)
    sim_localization_ground (tf2_ros/static_transform_publisher)
    sim_localization_uav1 (sim_platform_bringup/sim_uav_localization.py)
    sim_world_to_map (tf2_ros/static_transform_publisher)
    spawn_pick_target (air_ground_pick_demo/spawn_pick_target.py)
    uav_control_main_1 (prometheus_uav_control/uav_control_main)
  /ground/
    controller_spawner (controller_manager/spawner)
    move_base (move_base/move_base)
    robot_state_publisher (robot_state_publisher/robot_state_publisher)
    runtime_stop (bunker_navigation/ground_stop_server.py)
    spawn_ground_robot (ground_manipulator_runtime/spawn_ground_robot.py)
    velocity_guard (bunker_sim_runtime/velocity_guard.py)
  /uav1/
    mavros (mavros/mavros_node)
    p450_D435i_1_spawn (gazebo_ros/spawn_model)
    p450_tf_camera_color_optical (tf2_ros/static_transform_publisher)
    p450_tf_camera_d435i (tf2_ros/static_transform_publisher)
    p450_tf_camera_depth (tf2_ros/static_transform_publisher)
    p450_tf_camera_imu (tf2_ros/static_transform_publisher)
    p450_tf_camera_ired1 (tf2_ros/static_transform_publisher)
    p450_tf_camera_ired2 (tf2_ros/static_transform_publisher)
    p450_tf_depth_optical (tf2_ros/static_transform_publisher)
    sitl_1 (sim_platform_bringup/px4_sitl_node.bash)
[rcS] Info: found model autostart file as SYS_AUTOSTART=1045
INFO  [param] selected parameter default file eeprom/parameters_1045
[rcS] parameter file not found, creating eeprom/parameters_1045
  SYS_AUTOCONFIG: curr: 0 -> new: 1
  SYS_AUTOSTART: curr: 0 -> new: 1045
  CAL_ACC0_ID: curr: 0 -> new: 1310988
  CAL_GYRO0_ID: curr: 0 -> new: 1310988
  CAL_ACC1_ID: curr: 0 -> new: 1310996
  CAL_GYRO1_ID: curr: 0 -> new: 1310996
  CAL_ACC2_ID: curr: 0 -> new: 1311004
  CAL_GYRO2_ID: curr: 0 -> new: 1311004
  CAL_MAG0_ID: curr: 0 -> new: 197388
  CAL_MAG1_ID: curr: 0 -> new: 197644
  SENS_BOARD_X_OFF: curr: 0.0000 -> new: 0.0000
  SENS_DPRES_OFF: curr: 0.0000 -> new: 0.0010
[rcS] COM_DL_LOSS_T set to 10.0
[rcS] COM_RC_LOSS_T set to .5
[rcS] COM_OF_LOSS_T set to .5
  COM_OF_LOSS_T: curr: 1.0000 -> new: 0.5000
[rcS] COM_OBC_LOSS_T set to 5.0
[33m[WARN] [1788936396.906667458]: The root link ground/base_link has an inertia specified in the URDF, but KDL does not support a root link with an inertia.  As a workaround, you can add an extra dummy link to your URDF.[0m
[33m[WARN] [1788936396.938845122]: DS: plugin not configured![0m
[0m[INFO] [1788936396.885071927]: FCU URL: udp://:14540@localhost:14580[0m
[0m[INFO] [1788936396.888036667]: udp0: Bind address: 0.0.0.0:14540[0m
[0m[INFO] [1788936396.888213783]: udp0: Remote address: 127.0.0.1:14580[0m
[0m[INFO] [1788936396.888337541]: GCS bridge disabled[0m
[0m[INFO] [1788936396.892113272]: Plugin 3dr_radio blacklisted[0m
[0m[INFO] [1788936396.892190656]: Plugin actuator_control blacklisted[0m
[0m[INFO] [1788936396.892228230]: Plugin adsb blacklisted[0m
[0m[INFO] [1788936396.902800585]: Plugin altitude loaded[0m
[0m[INFO] [1788936396.904490172]: Plugin altitude initialized[0m
[0m[INFO] [1788936396.904569931]: Plugin cam_imu_sync blacklisted[0m
[0m[INFO] [1788936396.904615537]: Plugin camera blacklisted[0m
[0m[INFO] [1788936396.910460719]: Plugin cellular_status loaded[0m
[0m[INFO] [1788936396.916890190]: Plugin cellular_status initialized[0m
[0m[INFO] [1788936396.917090004]: Plugin command loaded[0m
[0m[INFO] [1788936396.934718441]: Plugin command initialized[0m
[0m[INFO] [1788936396.934910293]: Plugin companion_process_status loaded[0m
[0m[INFO] [1788936396.937670609]: Plugin companion_process_status initialized[0m
[0m[INFO] [1788936396.937722571]: Plugin debug_value blacklisted[0m
[0m[INFO] [1788936396.937895916]: Plugin distance_sensor loaded[0m
[0m[INFO] [1788936396.938898969]: Plugin distance_sensor initialized[0m
[0m[INFO] [1788936396.938920899]: Plugin esc_status blacklisted[0m
[0m[INFO] [1788936396.938938219]: Plugin esc_telemetry blacklisted[0m
[0m[INFO] [1788936396.938954283]: Plugin fake_gps blacklisted[0m
[0m[INFO] [1788936396.938968251]: Plugin ftp blacklisted[0m
[0m[INFO] [1788936396.938982359]: Plugin geofence blacklisted[0m
[0m[INFO] [1788936396.939107024]: Plugin global_position loaded[0m
[0m[INFO] [1788936396.958864067]: Plugin global_position initialized[0m
[0m[INFO] [1788936396.958921826]: Plugin gps_input blacklisted[0m
[0m[INFO] [1788936396.959074847]: Plugin gps_rtk loaded[0m
[0m[INFO] [1788936396.962258468]: Plugin gps_rtk initialized[0m
[0m[INFO] [1788936396.962475184]: Plugin gps_status loaded[0m
[0m[INFO] [1788936396.964837129]: Plugin gps_status initialized[0m
[0m[INFO] [1788936396.965014035]: Plugin guided_target loaded[0m
[0m[INFO] [1788936396.969232208]: Plugin guided_target initialized[0m
[0m[INFO] [1788936396.969272855]: Plugin hil blacklisted[0m
[0m[INFO] [1788936396.969427832]: Plugin home_position loaded[0m
[0m[INFO] [1788936396.972655871]: Plugin home_position initialized[0m
[0m[INFO] [1788936396.972816435]: Plugin imu loaded[0m
[0m[INFO] [1788936396.981582778]: Plugin imu initialized[0m
[0m[INFO] [1788936396.981671126]: Plugin landing_target blacklisted[0m
[0m[INFO] [1788936396.981850827]: Plugin local_position loaded[0m
[0m[INFO] [1788936396.988789716]: Plugin local_position initialized[0m
[0m[INFO] [1788936396.988848312]: Plugin log_transfer blacklisted[0m
[0m[INFO] [1788936396.988871150]: Plugin mag_calibration_status blacklisted[0m
[0m[INFO] [1788936396.988897480]: Plugin manual_control blacklisted[0m
[0m[INFO] [1788936396.988918292]: Plugin mocap_pose_estimate blacklisted[0m
[0m[INFO] [1788936396.988937568]: Plugin mount_control blacklisted[0m
[0m[INFO] [1788936396.988953911]: Plugin nav_controller_output blacklisted[0m
[0m[INFO] [1788936396.989093034]: Plugin obstacle_distance blacklisted[0m
[0m[INFO] [1788936396.989131656]: Plugin odom blacklisted[0m
[0m[INFO] [1788936396.989150792]: Plugin onboard_computer_status blacklisted[0m
[0m[INFO] [1788936396.989323229]: Plugin param loaded[0m
[0m[INFO] [1788936396.992789985]: Plugin param initialized[0m
[0m[INFO] [1788936396.992873235]: Plugin play_tune blacklisted[0m
[0m[INFO] [1788936396.992897889]: Plugin px4flow blacklisted[0m
[0m[INFO] [1788936396.992914860]: Plugin rallypoint blacklisted[0m
[0m[INFO] [1788936396.992933088]: Plugin rangefinder blacklisted[0m
[0m[INFO] [1788936396.993141773]: Plugin rc_io loaded[0m
[0m[INFO] [1788936396.996913663]: Plugin rc_io initialized[0m
[0m[INFO] [1788936[33m[WARN] [1788936397.044246422]: Falling back to using the move_group node's namespace (deprecated Melodic behavior).[0m
[33m[WARN] [1788936397.447665438]: Link ground/wheel1_1_Link has visual geometry but no collision geometry. Collision geometry will be left empty. Fix your URDF file by explicitly specifying collision geometry.[0m
[33m[WARN] [1788936397.447725012]: Link ground/wheel1_2_Link has visual geometry but no collision geometry. Collision geometry will be left empty. Fix your URDF file by explicitly specifying collision geometry.[0m
[33m[WARN] [1788936397.447750644]: Link ground/wheel1_3_Link has visual geometry but no collision geometry. Collision geometry will be left empty. Fix your URDF file by explicitly specifying collision geometry.[0m
[33m[WARN] [1788936397.447769222]: Link ground/wheel1_Link has visual geometry but no collision geometry. Collision geometry will be left empty. Fix your URDF file by explicitly specifying collision geometry.[0m
[33m[WARN] [1788936397.447783260]: Link ground/wheel2_1_Link has visual geometry but no collision geometry. Collision geometry will be left empty. Fix your URDF file by explicitly specifying collision geometry.[0m
[33m[WARN] [1788936397.447805748]: Link ground/wheel2_2_Link has visual geometry but no collision geometry. Collision geometry will be left empty. Fix your URDF file by explicitly specifying collision geometry.[0m
[33m[WARN] [1788936397.447820904]: Link ground/wheel2_3_Link has visual geometry but no collision geometry. Collision geometry will be left empty. Fix your URDF file by explicitly specifying collision geometry.[0m
[33m[WARN] [1788936397.447835780]: Link ground/wheel2_Link has visual geometry but no collision geometry. Collision geometry will be left empty. Fix your URDF file by explicitly specifying collision geometry.[0m
[33m[WARN] [1788936397.447851424]: Link ground/wheel3_1_Link has visual geometry but no collision geometry. Collision geometry will be left empty. Fix your URDF file by explicitly specifying collision geometry.[0m
[33m[WARN] [1788936397.447867278]: Link ground/wheel3_2_Link has visual geometry but no collision geometry. Collision geometry will be left empty. Fix your URDF file by explicitly specifying collision geometry.[0m
[33m[WARN] [1788936397.447882922]: Link ground/wheel3_3_Link has visual geometry but no collision geometry. Collision geometry will be left empty. Fix your URDF file by explicitly specifying collision geometry.[0m
[33m[WARN] [1788936397.447899195]: Link ground/wheel3_Link has visual geometry but no collision geometry. Collision geometry will be left empty. Fix your URDF file by explicitly specifying collision geometry.[0m
[33m[WARN] [1788936397.447912954]: Link ground/wheel4_1_Link has visual geometry but no collision geometry. Collision geometry will be left empty. Fix your URDF file by explicitly specifying collision geometry.[0m
[33m[WARN] [1788936397.447927900]: Link ground/wheel4_2_Link has visual geometry but no collision geometry. Collision geometry will be left empty. Fix your URDF file by explicitly specifying collision geometry.[0m
[33m[WARN] [1788936397.447943963]: Link ground/wheel4_3_Link has visual geometry but no collision geometry. Collision geometry will be left empty. Fix your URDF file by explicitly specifying collision geometry.[0m
[33m[WARN] [1788936397.447976369]: Link ground/wheel4_Link has visual geometry but no collision geometry. Collision geometry will be left empty. Fix your URDF file by explicitly specifying collision geometry.[0m
[33m[WARN] [1788936397.476092374]: The root link ground/base_link has an inertia specified in the URDF, but KDL does not support a root link with an inertia.  As a workaround, you can add an extra dummy link to your URDF.[0m
* SYS_AUTOCONFIG: curr: 1 -> new: 0
  IMU_INTEG_RATE: curr: 200 -> new: 250
PX4 SIM HOST: localhost
[33m[WARN] [1788936397.916387172]: Resolution not specified for Octomap. Assuming resolution = 0.1 instead[0m
[0m[INFO] [1788936397.604335863]: Finished loading Gazebo ROS API Plugin.[0m
[0m[INFO] [1788936397.605159495]: waitForService: Service [/gazebo/set_physics_properties] has not been advertised, waiting...[0m
[0m[INFO] [1788936398.475891138]: waitForService: Service [/gazebo/set_physics_properties] is now available.[0m
[0m[INFO] [1788936398.506078689, 0.005000000]: Physics dynamic reconfigure ready.[0m
[1;33mWarning [parser.cc:833][0m XML Attribute[version] in element[sdf] not defined in SDF, ignoring.
[1;33mWarning [parser.cc:833][0m XML Attribute[version] in element[sdf] not defined in SDF, ignoring.
[INFO] [1788936397.344976, 0.000000]: Loading model XML from ros parameter sdf_p450_D435i_0
[INFO] [1788936397.355955, 0.000000]: Waiting for service /gazebo/spawn_sdf_model
[INFO] [1788936398.565999, 0.062000]: Calling service /gazebo/spawn_sdf_model
[INFO] [1788936400.582202, 0.143000]: Spawn status: SpawnModel: Successfully spawned entity
[0m[INFO] [1788936400.728024060, 0.143000000]: <robotNamespace> set to: /uav1/[0m
[0m[INFO] [1788936400.728062263, 0.143000000]: <topicName> set to: /uav1/camera/imu[0m
[0m[INFO] [1788936400.728071691, 0.143000000]: <frameName> set to: /uav1/camera_imu_link[0m
[0m[INFO] [1788936400.728096625, 0.143000000]: <updateRateHZ> set to: 100[0m
[0m[INFO] [1788936400.728106961, 0.143000000]: <gaussianNoise> set to: 0[0m
[0m[INFO] [1788936400.728127634, 0.143000000]: <xyzOffset> set to: 0 0 0[0m
[0m[INFO] [1788936400.728154802, 0.143000000]: <rpyOffset> set to: 0 -0 0[0m
[0m[INFO] [1788936400.742912923, 0.143000000]: load csv file name:/media/lu/P450_PAPER/SIM/p450_sim_v1/.worktrees/bunker-a-implementation/install/p450-clean/share/sim_platform_assets/models/MID360/scan_mode/mid360.csv[0m
cannot convert str:
data size:800000
[0m[INFO] [1788936401.312574881, 0.143000000]: ros topic name:/uav1/livox/lidar[0m
[0m[INFO] [1788936401.312605401, 0.143000000]: ros frame id: uav1/lidar_link[0m
[0m[INFO] [1788936401.327542384, 0.143000000]: scan info size:800000[0m
[0m[INFO] [1788936401.328026241, 0.143000000]: sample:10000[0m
[0m[INFO] [1788936401.328038603, 0.143000000]: downsample:1[0m
[0m[INFO] [1788936401.328049498, 0.143000000]: publish_pointcloud_type: 2[0m
[0m[INFO] [1788936403.908667060, 0.143000000]: Realsense Gazebo ROS plugin loading.[0m

RealSensePlugin: The realsense_camera plugin is attached to model p450_D435i_0
RealSensePlugin: Camera renderers are ready for model p450_D435i_0
etc/init.d-posix/rcS: 228: tone_alarm: not found
INFO  [init] Mixer: etc/mixers/quad_x.main.mix on /dev/pwm_output0
  PWM_AUX_OUT: curr: 0 -> new: 1234
WARN  [mc_pos_control] Cruise speed has been constrained by max speed
WARN  [mc_pos_control] Manual speed has been constrained by max speed
INFO  [ekf2] starting instance 0, IMU:0 (1310988), MAG:0 (197388)
INFO  [ekf2] starting instance 1, IMU:1 (1310996), MAG:0 (197388)
INFO  [ekf2] starting instance 2, IMU:2 (1311004), MAG:0 (197388)
INFO  [ekf2] starting instance 3, IMU:0 (1310988), MAG:1 (197644)
INFO  [ekf2] starting instance 4, IMU:1 (1310996), MAG:1 (197644)
INFO  [ekf2] starting instance 5, IMU:2 (1311004), MAG:1 (197644)
INFO  [mavlink] MAVLink only on localhost (set param MAV_{i}_BROADCAST = 1 to enable network)
INFO  [mavlink] MAVLink only on localhost (set param MAV_{i}_BROADCAST = 1 to enable network)
[0m[INFO] [1788936397.078631402]: Loading robot model 'bunker_aubo'...[0m
[0m[INFO] [1788936397.078708367]: No root/virtual joint specified in SRDF. Assuming fixed joint[0m
[0m[INFO] [1788936397.906120580]: Publishing maintained planning scene on 'monitored_planning_scene'[0m
[0m[INFO] [1788936397.908278939]: Listening to 'joint_states' for joint states[0m
[0m[INFO] [1788936397.911809808]: Listening to '/attached_collision_object' for attached collision objects[0m
[0m[INFO] [1788936397.911835161]: Starting planning scene monitor[0m
[0m[INFO] [1788936397.913286940]: Listening to '/planning_scene'[0m
[0m[INFO] [1788936397.913305588]: Starting world geometry update monitor for collision objects, attached objects, octomap updates.[0m
[0m[INFO] [1788936397.914832447]: Listening to '/collision_object'[0m
[0m[INFO] [1788936397.916116120]: Listening to '/planning_scene_world' for planning scene world geometry[0m
[0m[INFO] [1788936397.916625049]: No 3D sensor plugin(s) defined for octomap updates[0m
[0m[INFO] [1788936398.351953402]: Loading planning pipeline ''[0m
[0m[INFO] [1788936398.383537070]: Using planning interface 'OMPL'[0m
[0m[INFO] [1788936398.386295780]: Param 'default_workspace_bounds' was not set. Using default value: 10[0m
[0m[INFO] [1788936398.386563270]: Param 'start_state_max_bounds_error' was set to 0.1[0m
[0m[INFO] [1788936398.386792487]: Param 'start_state_max_dt' was not set. Using default value: 0.5[0m
[0m[INFO] [1788936398.387014511]: Param 'start_state_max_dt' was not set. Using default value: 0.5[0m
[0m[INFO] [1788936398.387298833]: Param 'jiggle_fraction' was not set. Using default value: 0.02[0m
[0m[INFO] [1788936398.387613116]: Param 'max_sampling_attempts' was not set. Using default value: 100[0m
[0m[INFO] [1788936398.387653065]: Using planning request adapter 'Add Time Parameterization'[0m
[0m[INFO] [1788936398.387668011]: Using planning request adapter 'Fix Workspace Bounds'[0m
[0m[INFO] [1788936398.387678417]: Using planning request adapter 'Fix Start State Bounds'[0m
[0m[INFO] [1788936398.387686030]: Using planning request adapter 'Fix Start State In Collision'[0m
[0m[INFO] [1788936398.387695668]: Using planning request adapter 'Fix Start State Path Constraints'[0m
[0m[INFO] [1788936405.633942949, 0.684000000]: Added FollowJointTrajectory controller for /ground/arm_controller[0m
[0m[INFO] [1788936406.024901470, 1.042000000]: Added FollowJointTrajectory controller for /ground/gripper_controller[0m
[0m[INFO] [1788936406.025084243, 1.042000000]: Returned 2 controllers in list[0m
[0m[INFO] [1788936406.037981667, 1.053000000]: Trajectory execution is not managing controllers[0m
[0m[INFO] [1788936406.038023012, 1.053000000]: MoveGroup debug mode is OFF[0m
[96mLoading 'move_group/ApplyPlanningSceneService'...
[0m[96mLoading 'move_group/ClearOctomapService'...
[0m[96mLoading 'move_group/MoveGroupCartesianPathService'...
[0m[96mLoading 'move_group/MoveGroupExecuteTrajectoryAction'...
[0m[96mLoading 'move_group/MoveGroupGetPlanningSceneService'...
[0m[96mLoading 'move_group/MoveGroupKinematicsService'...
[0m[96mLoading 'move_group/MoveGroupMoveAction'...
[0m[96mLoading 'move_group/MoveGroupPickPlaceAction'...
[0m[96mLoading 'move_group/MoveGroupPlanService'...
[0m[96mLoading 'move_group/MoveGroupQueryPlannersService'...
[0m[96mLoading 'move_group/MoveGroupStateValidationService'...
[0m[0m[INFO] [1788936406.088396709, 1.102000000]: 

********************************************************
* MoveGroup using: 
*     - ApplyPlanningSceneService
*     - ClearOctomapService
*     - CartesianPathService
*     - ExecuteTrajectoryAction
*     - GetPlanningSceneService
*     - KinematicsService
*     - MoveAction
*     - PickPlaceAction
*     - MotionPlanService
*     - QueryPlannersService
*     - StateValidationService
********************************************************
[0m
[0m[INFO] [1788936406.088695907, 1.103000000]: MoveGroup context using planning plugin ompl_interface/OMPLPlanner[0m
[0m[INFO] [1788936406.088719652, 1.103000000]: MoveGroup context initialization complete[0m
[92m
You can start planning now!

[0m[0;1;32m>>>>>>>>>>>>>>>> UAV estimator Param <<<<<<<<<<<<<<<<[0m
[0;1;32muav_id                        : 1 [0m
[0;1;32mmaximum_safe_vel_xy           : 5 [m/s] [0m
[0;1;32mmaximum_safe_vel_z            : 4 [m/s] [0m
[0;1;32mmaximum_vel_error_for_vision  : 2 [m/s] [0m
[0;1;32mmaximum_vel_error_for_Odom    : 0.8 [m/s] [0m
[0;1;32mlocation_source: [GPS] [0m
[0;1;32m[uav_estimator_uav1] init! [0m
[0;1;32m>>>>>>>>>>>>>>>> UAV controller Param <<<<<<<<<<<<<<<<[0m
[0;1;32muav_id                    : 1 [0m
[0;1;32msim_mode                  : 1 [0m
[0;1;32mpos_controller            : 0[0m
[0;1;32menable_external_control   : 0[0m
[0;1;32mTakeoff_height            : 1.5 [m] [0m
[0;1;32mDisarm_height             : 0.1 [m] [0m
[0;1;32mLand_speed                : 0.2 [m/s] [0m
[0;1;32mgeo_fence_x : -1000 [m]  to  -1000 [m][0m
[0;1;32mgeo_fence_y : -1000 [m]  to  1000 [m][0m
[0;1;32mgeo_fence_z : -50 [m]  to  1000 [m][0m
[0;1;32m[uav_controller_uav1] init! [0m
[0;1;32m[uav_controller_uav1] Using the PX4 original controller... [0m
[31m[ERROR] [1788936406.209118140, 1.203000000]: Waiting for connect PX4![0m
[31m[ERROR] [1788936414.869551370, 8.693000000]: GetModelState: model [pick_target] does not exist[0m
[INFO] [1788936415.155205, 8.875000]: Spawned pick_target after ground runtime and both D435 streams became ready
[33m[WARN] [1788936416.839322467, 10.217000000]: CMD: Unexpected command 176, result 0[0m
INFO  [px4] Creating symlink /media/lu/P450_PAPER/P450-PAPER/workspaces/dependencies/px4/ROMFS/px4fmu_common -> /media/lu/P450_PAPER/SIM/p450_sim_v1/.worktrees/bunker-a-implementation/logs/ros/sitl_a6_1788936394754141019_1583297/etc

██████  ██████   ██████  ███    ███ ███████ ████████ ██   ██ ███████ ██    ██ ███████
██   ██ ██   ██ ██    ██ ████  ████ ██         ██    ██   ██ ██      ██    ██ ██      
██████  ██████  ██    ██ ██ ████ ██ █████      ██    ███████ █████   ██    ██ ███████ 
██      ██   ██ ██    ██ ██  ██  ██ ██         ██    ██   ██ ██      ██    ██      ██ 
██      ██   ██  ██████  ██      ██ ███████    ██    ██   ██ ███████  ██████  ███████ 

px4 starting.

INFO  [px4] Calling startup script: /bin/sh etc/init.d-posix/rcS 0
INFO  [dataman] Unknown restart, data manager file './dataman' size is 11798680 bytes
INFO  [simulator] Waiting for simulator to accept connection on TCP port 4560
INFO  [simulator] Simulator connected on TCP port 4560.
INFO  [commander] LED: open /dev/led0 failed (22)
INFO  [mavlink] mode: Normal, data rate: 4000000 B/s on udp port 18570 remote port 14550
INFO  [mavlink] mode: Onboard, data rate: 4000000 B/s on udp port 14580 remote port 14540
INFO  [mavlink] mode: Onboard, data rate: 4000 B/s on udp port 14280 remote port 14030
INFO  [mavlink] mode: Gimbal, data rate: 400000 B/s on udp port 13030 remote port 13280
INFO  [logger] logger started (mode=all)
INFO  [logger] Start file log (type: full)
INFO  [logger] [logger] ./log/2026-09-09/06_46_45.ulg
INFO  [logger] Opened full log file: ./log/2026-09-09/06_46_45.ulg
INFO  [px4] Startup script returned successfully
INFO  [mavlink] partner IP: 127.0.0.1
INFO  [ecl/EKF] reset position to last known position
INFO  [ecl/EKF] reset velocity to zero
INFO  [ecl/EKF] reset position to last known position
INFO  [ecl/EKF] reset velocity to zero
INFO  [ecl/EKF] reset position to last known position
INFO  [ecl/EKF] reset velocity to zero
INFO  [ecl/EKF] reset position to last known position
INFO  [ecl/EKF] reset velocity to zero
INFO  [ecl/EKF] reset position to last known position
INFO  [ecl/EKF] reset velocity to zero
INFO  [ecl/EKF] reset position to last known position
INFO  [ecl/EKF] reset velocity to zero
INFO  [ecl/EKF] GPS checks passed
INFO  [ecl/EKF] GPS checks passed
INFO  [ecl/EKF] GPS checks passed
INFO  [ecl/EKF] GPS checks passed
INFO  [ecl/EKF] GPS checks passed
INFO  [ecl/EKF] GPS checks passed
INFO  [ecl/EKF] 6880000: EKF aligned, (baro hgt, IMU buf: 12, OBS buf: 9)
INFO  [ecl/EKF] 6884000: EKF aligned, (baro hgt, IMU buf: 12, OBS buf: 9)
INFO  [ecl/EKF] 6892000: EKF aligned, (baro hgt, IMU buf: 12, OBS buf: 9)
INFO  [ecl/EKF] 6948000: EKF aligned, (baro hgt, IMU buf: 12, OBS buf: 9)
INFO  [ecl/EKF] reset position to GPS
INFO  [ecl/EKF] reset velocity to GPS
INFO  [ecl/EKF] starting GPS fusion
INFO  [ecl/EKF] reset position to GPS
INFO  [ecl/EKF] reset velocity to GPS
INFO  [ecl/EKF] starting GPS fusion
INFO  [ecl/EKF] 6948000: EKF aligned, (baro hgt, IMU buf: 12, OBS buf: 9)
INFO  [ecl/EKF] 6952000: EKF aligned, (baro hgt, IMU buf: 12, OBS buf: 9)
INFO  [ecl/EKF] reset position to GPS
INFO  [ecl/EKF] reset position to GPS
INFO  [ecl/EKF] reset velocity to GPS
INFO  [ecl/EKF] starting GPS fusion
INFO  [ecl/EKF] reset velocity to GPS
INFO  [ecl/EKF] starting GPS fusion
INFO  [ecl/EKF] reset position to GPS
INFO  [ecl/EKF] reset velocity to GPS
INFO  [ecl/EKF] starting GPS fusion
INFO  [ecl/EKF] reset position to GPS
INFO  [ecl/EKF] reset velocity to GPS
INFO  [ecl/EKF] starting GPS fusion
WARN  [flight_mode_manager] Position-Ctrl activation failed with error: Activation Fail[0;1;32m[uav_controller_uav1]vehicle arming, success![0m
[0;1;32m[uav_controller_uav1]vehicle arming, success![0m
[0;1;32m[uav_controller_uav1]vehicle arming, success![0m
[0;1;32mSet Takeoff_position [X Y Z] : 0.0101598 [ m ] 0.000622188 [ m ] -0.0534183 [ m ] [0m
[0;1;32mSet Takeoff_yaw : -0.279743 [ deg ] [0m
[0;1;32m[uav_controller_uav1] Switch to COMMAND_CONTROL by uav_setup cmd[0m
[0;1;32mset px4 param success ! MPC_XY_VEL_MAX : 1
[0;1;32mset px4 param success ! MPC_ACC_HOR : 2
[33m[WARN] [1788936430.587975920, 20.264000000]: CMD: Unexpected command 176, result 0[0m
[33m[WARN] [1788936545.922198293, 104.857000000]: CMD: Unexpected command 176, result 0[0m
[0m[INFO] [1788936419.849189640, 12.459000000]: Parameter 'MPC_XY_VEL_MAX' set success: 1.000000[0m
[0m[INFO] [1788936419.849221627, 12.459000000]: Parameter 'MPC_ACC_HOR' set success: 2.000000[0m
[0;1;32mset px4 param success ! MC_YAWRATE_MAX : 30
[0m[INFO] [1788936405.286216138, 0.363000000]: global_costmap: Using plugin "obstacle_layer"[0m
[0m[INFO] [1788936405.299404658, 0.375000000]:     Subscribed to Topics: scan[0m
[0m[INFO] [1788936405.314784711, 0.391000000]: global_costmap: Using plugin "inflation_layer"[0m
[0m[INFO] [1788936405.358591350, 0.424000000]: local_costmap: Using plugin "obstacle_layer"[0m
[0m[INFO] [1788936405.362673822, 0.429000000]:     Subscribed to Topics: scan[0m
[0m[INFO] [1788936405.389622229, 0.456000000]: local_costmap: Using plugin "inflation_layer"[0m
[0m[INFO] [1788936405.421400823, 0.488000000]: Created local_planner dwa_local_planner/DWAPlannerROS[0m
[0m[INFO] [1788936405.424072371, 0.490000000]: Sim period is set to 0.07[0m
[0m[INFO] [1788936405.645164753, 0.695000000]: Recovery behavior will clear layer 'obstacles'[0m
[0m[INFO] [1788936405.649323002, 0.699000000]: Recovery behavior will clear layer 'obstacles'[0m
[0m[INFO] [1788936405.676798986, 0.727000000]: odom received![0m
[0m[INFO] [1788936558.620799583, 114.994000000]: [uav_controller_node] exit...[0m
[WARN] [1788936414.956981, 8.758000]: red target observation rejected: no usable red target component
[WARN] [1788936417.489130, 10.782000]: red target observation rejected: no usable red target component
[WARN] [1788936420.384563, 12.818000]: red target observation rejected: no usable red target component
[WARN] [1788936423.136514, 14.828000]: red target observation rejected: no usable red target component
[WARN] [1788936425.877921, 16.833000]: red target observation rejected: no usable red target component
[WARN] [1788936428.602457, 18.838000]: red target observation rejected: no usable red target component
[WARN] [1788936431.398759, 20.894000]: red target observation rejected: no usable red target component
[WARN] [1788936434.138136, 22.903000]: red target observation rejected: no usable red target component
[WARN] [1788936436.837303, 24.908000]: red target observation rejected: no usable red target component
[WARN] [1788936439.462526, 26.951000]: red target observation rejected: no usable red target component
[WARN] [1788936442.108969, 28.992000]: red target observation rejected: no usable red target component
[WARN] [1788936444.685447, 31.014000]: red target observation rejected: no usable red target component
[WARN] [1788936447.483916, 33.061000]: red target observation rejected: no usable red target component
[WARN] [1788936450.248918, 35.070000]: red target observation rejected: no usable red target component
[WARN] [1788936453.100980, 37.084000]: red target observation rejected: no usable red target component
[WARN] [1788936456.048302, 39.111000]: red target observation rejected: no usable red target component
[WARN] [1788936458.855582, 41.139000]: red target observation rejected: no usable red target component
[WARN] [1788936461.828009, 43.209000]: red target observation rejected: no usable red target component
[WARN] [1788936464.767450, 45.263000]: red target observation rejected: no usable red target component
[WARN] [1788936467.818295, 47.310000]: red target observation rejected: no usable red target component
[WARN] [1788936470.906841, 49.325000]: red target observation rejected: no usable red target component
[WARN] [1788936474.098015, 51.369000]: red target observation rejected: no usable red target component
[WARN] [1788936477.235448, 53.402000]: red target observation rejected: no usable red target component
[WARN] [1788936480.059382, 55.404000]: red target observation rejected: no usable red target component
[WARN] [1788936482.846151, 57.407000]: red target observation rejected: no usable red target component
[WARN] [1788936485.645862, 59.411000]: red target observation rejected: no usable red target component
[WARN] [1788936488.465235, 61.475000]: red target observation rejected: no usable red target component
[WARN] [1788936491.559792, 63.516000]: red target observation rejected: no usable red target component
[WARN] [1788936494.421049, 65.553000]: red target observation rejected: no usable red target component
[WARN] [1788936496.989005, 67.580000]: red target observation rejected: no usable red target component
[WARN] [1788936499.636537, 69.658000]: red target observation rejected: no usable red target component
[WARN] [1788936502.219630, 71.715000]: red target observation rejected: no usable red target component
[WARN] [1788936504.939331, 73.775000]: red target observation rejected: no usable red target component
[WARN] [1788936507.546499, 75.777000]: red target observation rejected: no usable red target component
[WARN] [1788936510.392389, 77.841000]: red target observation rejected: no usable red target component
[WARN] [1788936513.151135, 79.914000]: red target observation rejected: no usable red target component
[WARN] [1788936516.042022, 81.983000]: red target observation rejected: no usable red target component
[WARN] [1788936518.824376, 84.052000]: red target observation rejected: no usable red target component
[WARN] [1788936521.441011, 86.123000]: red target observation rejected: no usable red target component
[WARN] [1788936524.072638, 88.183000]: red target observation rejected: no usable red target component
[WARN] [1788936526.747958, 90.185000]: red target observation rejected: no usable red target component
[WARN] [1788936529.351226, 92.245000]: red target observation rejected: no usable red target component
[WARN] [1788936532.001775, 94.255000]: red target observation rejected: no usable red target component
[WARN] [1788936534.669918, 96.324000]: red target observation rejected: no usable red target component
[WARN] [1788936537.792286, 98.326000]: red target observation rejected: no usable red target component
[WARN] [1788936540.223586, 100.383000]: red target observation rejected: no usable red target component
[WARN] [1788936542.654954, 102.388000]: red target observation rejected: no usable red target component
[WARN] [1788936545.309595, 104.460000]: red target observation rejected: no usable red target component
[WARN] [1788936547.918410, 106.519000]: red target observation rejected: no usable red target component
[WARN] [1788936550.413204, 108.521000]: red target observation rejected: no usable red target component
[WARN] [1788936552.859261, 110.532000]: red target observation rejected: no usable red target component
[WARN] [1788936555.340180, 112.588000]: red target observation rejected: no usable red target component
[WARN] [1788936558.109458, 114.590000]: red target observation rejected: no usable red target component
[WARN] [1788936414.985745, 8.783000]: red target observation rejected: no usable red target component
[WARN] [1788936417.493186, 10.786000]: red target observation rejected: Lookup would require extrapolation 0.188000000s into the past.  Requested time 10.122000000 but the earliest data is at time 10.310000000, when looking up transform from frame [uav1/camera_link] to frame [map]
[WARN] [1788936495.971644, 66.760000]: red target observation rejected: target pose window is unstable
[WARN] [1788936498.536072, 68.804000]: red target observation rejected: no usable red target component
[WARN] [1788936501.080680, 70.828000]: red target observation rejected: no usable red target component
[WARN] [1788936503.689303, 72.836000]: red target observation rejected: no usable red target component
[WARN] [1788936506.320024, 74.866000]: red target observation rejected: no usable red target component
[WARN] [1788936509.180210, 76.869000]: red target observation rejected: no usable red target component
[WARN] [1788936511.804012, 78.913000]: red target observation rejected: no usable red target component
[WARN] [1788936514.577828, 80.925000]: red target observation rejected: no usable red target component
[WARN] [1788936517.383685, 82.935000]: red target observation rejected: no usable red target component
[WARN] [1788936519.940636, 84.941000]: red target observation rejected: no usable red target component
[WARN] [1788936522.481520, 86.945000]: red target observation rejected: no usable red target component
[WARN] [1788936525.115532, 88.964000]: red target observation rejected: no usable red target component
[WARN] [1788936527.667345, 90.971000]: red target observation rejected: no usable red target component
[WARN] [1788936530.435069, 93.017000]: red target observation rejected: no usable red target component
[WARN] [1788936533.080741, 95.043000]: red target observation rejected: no usable red target component
[WARN] [1788936535.897310, 97.070000]: red target observation rejected: no usable red target component
[WARN] [1788936538.677235, 99.074000]: red target observation rejected: no usable red target component
[WARN] [1788936541.048461, 101.082000]: red target observation rejected: no usable red target component
[WARN] [1788936543.562914, 103.086000]: red target observation rejected: no usable red target component
[WARN] [1788936546.217104, 105.112000]: red target observation rejected: no usable red target component
[WARN] [1788936548.646349, 107.144000]: red target observation rejected: no usable red target component
[WARN] [1788936551.163396, 109.153000]: red target observation rejected: no usable red target component
[WARN] [1788936553.649642, 111.179000]: red target observation rejected: no usable red target component
[WARN] [1788936556.150473, 113.182000]: red target observation rejected: no usable red target component
[INFO] [1788936397.509282, 0.000000]: Waiting for service /gazebo/spawn_urdf_model
[INFO] [1788936398.716777, 0.143000]: Calling service /gazebo/spawn_urdf_model
[INFO] [1788936404.762254, 0.339000]: Spawn status: SpawnModel: Successfully spawned entity
[INFO] [1788936405.684736, 0.734000]: Ground arm home feedback: desired=[0.001110529463385432, -0.0011253199477976347, -0.00011974859978485135, 0.0010557577979160436, -0.009070185462325332, -0.010759489461629393] actual=[0.0010852861478500841, -0.001040646201772688, -0.0003307891418558029, 0.0011819467722054, -0.009249826327092592, -0.010751909641508739] error=[2.5243315535217192e-05, -8.46737460249436e-05, 0.00021104054207077283, -0.00012618897428939846, 0.00017964086476718322, -7.5798201204513305e-06]
[INFO] [1788936405.685065, 0.734000]: Ground gripper home feedback: desired=[0.003019049579882827] actual=[0.002864181675062305] error=[0.00015486790482066581]
[INFO] [1788936406.469890, 1.434000]: Ground arm home feedback: desired=[0.0023449732577830295, -0.0020060279801426516, 0.08969463400365413, 0.0029350542264343213, 0.06916072099395083, -0.024801149984946966] actual=[0.0023217082647599696, -0.0021827593667396172, 0.09049413535572537, 0.002492723172971445, 0.06954172750403131, -0.024860100221775205] error=[2.326499302318652e-05, 0.00017673138659679566, -0.0007995013520711858, 0.0004423310534629188, -0.0003810065100804394, 5.89502368284478e-05]
[INFO] [1788936406.470279, 1.434000]: Ground gripper home feedback: desired=[0.002880016726625651] actual=[0.0034444023482587127] error=[-0.0005643856216330789]
[INFO] [1788936407.228976, 2.134000]: Ground arm home feedback: desired=[0.0024244065705376857, -0.0020009186201603328, 0.296003292181233, 0.003173766045358333, 0.2744512489375964, -0.02605210620231808] actual=[0.0024175493113540725, -0.002725318632167628, 0.2989195048751183, 0.0015079617087625508, 0.27590191824390686, -0.02622717271904751] error=[6.8572591835902585e-06, 0.0007244000120074645, -0.0029162126938855337, 0.0016658043365955777, -0.001450669306310548, 0.00017506651672949403]
[INFO] [1788936407.229443, 2.134000]: Ground gripper home feedback: desired=[0.0008749682496159731] actual=[0.002953332077221482] error=[-0.0020783638276054006]
[INFO] [1788936408.003693, 2.634000]: Ground arm home feedback: desired=[0.0020196375652732565, -0.0016467702401942188, 0.47872624660534857, 0.002682175331835096, 0.46068377662260823, -0.02181548686341696] actual=[0.002025135200139694, -0.002821005003698751, 0.4833842038231966, 6.353670027792191e-05, 0.4628689634513785, -0.022065958455995904] error=[-5.4976348664581565e-06, 0.0011742347635044226, -0.004657957217848008, 0.00261863863155698, -0.0021851868287701137, 0.00025047159257907126]
[INFO] [1788936408.004149, 2.634000]: Ground gripper home feedback: desired=[9.104796698961373e-06] actual=[0.0034739938998171738] error=[-0.0034648891031183737]
[INFO] [1788936408.773659, 3.334000]: Ground arm home feedback: desired=[0.001150750101918712, -0.0009288378148674635, 0.7336931026250709, 0.001546286076841698, 0.723371090023194, -0.012483234038958423] actual=[0.0011667613762655904, -0.0026383190527035083, 0.7404408942446938, -0.002063206070952006, 0.7260601645289304, -0.012781303865023297] error=[-1.6011274346805493e-05, 0.0017094812378362079, -0.0067477916196230225, 0.0036094921477936026, -0.0026890745057364107, 0.00029806982606483956]
[INFO] [1788936409.547460, 4.034000]: Ground arm home feedback: desired=[0.00033049888141305044, -0.0002650958722995407, 0.9289335805531536, 0.000447280178538928, 0.9259616983028394, -0.0035946083049784028] actual=[0.0003472353627653746, -0.0022896802447629483, 0.9369379449687898, -0.0035971384114006355, 0.9285598417589345, -0.0038751690358544977] error=[-1.6736481352364052e-05, 0.002024584372463334, -0.008004364415636012, 0.004044418589939536, -0.0025981434560948813, 0.00028056073087601163]
[INFO] [1788936410.311512, 4.735000]: Ground arm home feedback: desired=[0.0, -0.00024177107812500148, 1.0, 0.0, 1.0, 0.0] actual=[-2.0772130121748944e-05, -0.0022613336520613814, 1.008083723051147, -0.0039680163525357415, 1.0023224633033, -0.0002390549639699202] error=[2.0772130121748944e-05, 0.0020195625739365397, -0.008083723051147018, 0.0039680163525357415, -0.002322463303300104, 0.0002390549639699202]
[INFO] [1788936411.072834, 5.334000]: Ground arm home feedback: desired=[0.0, -0.03531835937500004, 1.0, 0.0, 1.0, 0.0] actual=[-2.10545216265956e-05, -0.03753720036477581, 1.0083177233891831, -0.004026794698388514, 1.0024011513684652, -0.00025495980698320153] error=[2.10545216265956e-05, 0.00221884098977565, -0.00831772338918313, 0.004026794698388514, -0.002401151368465193, 0.00025495980698320153]
[INFO] [1788936411.843250, 6.034000]: Ground arm home feedback: desired=[0.0, -0.13241601562500008, 1.0, 0.0, 1.0, 0.0] actual=[1.518047543225265e-05, -0.13520002925051955, 1.0087002665640208, -0.00399153986075973, 1.002540517646909, -0.00027008641948178536] error=[-1.518047543225265e-05, 0.002784013625519499, -0.008700266564020787, 0.00399153986075973, -0.0025405176469091018, 0.00027008641948178536]
[INFO] [1788936412.600463, 6.635000]: Ground arm home feedback: desired=[0.0, -0.24062695312500004, 1.0, 0.0, 1.0, 0.0] actual=[1.4066757456632217e-05, -0.24401215659888287, 1.009022824774691, -0.003908009738747609, 1.0026418389606055, -0.00027730697230055057] error=[-1.4066757456632217e-05, 0.003385203473882825, -0.009022824774691074, 0.003908009738747609, -0.002641838960605547, 0.00027730697230055057]
[INFO] [1788936413.373791, 7.334000]: Ground arm home feedback: desired=[0.0, -0.36758398437500006, 1.0, 0.0, 1.0, 0.0] actual=[1.0284549444961044e-05, -0.3716247443738183, 1.0092647374341004, -0.003754431478915521, 1.0027509753473112, -0.0002919790186428628] error=[-1.0284549444961044e-05, 0.004040759998818366, -0.00926473743410039, 0.003754431478915521, -0.0027509753473111687, 0.0002919790186428628]
[INFO] [1788936414.138504, 8.035000]: Ground arm home feedback: desired=[0.0, -0.46468164062500006, 1.0, 0.0, 1.0, 0.0] actual=[1.543179744700751e-05, -0.4691896211316191, 1.009365783197623, -0.0036008642345466413, 1.0028243560595556, -0.00028677520858533256] error=[-1.543179744700751e-05, 0.004507980506619269, -0.009365783197623045, 0.0036008642345466413, -0.002824356059555555, 0.00028677520858533256]
[INFO] [1788936414.858710, 8.684000]: Ground robot model and controller-driven home pose are ready
[INFO] [1788936397.410683, 0.000000]: Controller Spawner: Waiting for service controller_manager/load_controller
[INFO] [1788936405.260998, 0.339000]: Controller Spawner: Waiting for service controller_manager/switch_controller
[INFO] [1788936405.265633, 0.340000]: Controller Spawner: Waiting for service controller_manager/unload_controller
[INFO] [1788936405.280539, 0.357000]: Loading controller: joint_state_controller
[INFO] [1788936405.292969, 0.370000]: Loading controller: arm_controller
[INFO] [1788936405.349130, 0.415000]: Loading controller: gripper_controller
[INFO] [1788936405.384308, 0.451000]: Controller Spawner: Loaded controllers: joint_state_controller, arm_controller, gripper_controller
[INFO] [1788936405.392729, 0.459000]: Started controllers: joint_state_controller, arm_controller, gripper_controller
[INFO] [1788936558.319923, 114.763000]: Shutting down spawner. Stopping and unloading controllers...
[INFO] [1788936558.328711, 114.768000]: Stopping all controllers...
[INFO] [1788936558.336644, 114.775000]: Unloading all loaded controllers...
[INFO] [1788936558.345593, 114.779000]: Trying to unload gripper_controller
[INFO] [1788936558.355802, 114.785000]: Succeeded in unloading gripper_controller
[INFO] [1788936558.357178, 114.787000]: Trying to unload arm_controller
[INFO] [1788936558.365720, 114.794000]: Succeeded in unloading arm_controller
[INFO] [1788936558.367131, 114.795000]: Trying to unload joint_state_controller
[INFO] [1788936558.378906, 114.803000]: Succeeded in unloading joint_state_controller
ed
WARN  [flight_mode_manager] Altitude-Ctrl activation failed with error: Activation Failed
INFO  [commander] Armed by external command
WARN  [commander] Failsafe enabled: No manual control stick input
INFO  [commander] Failsafe mode activated
WARN  [mc_pos_control] Cruise speed has been constrained by max speed
WARN  [mc_pos_control] Manual speed has been constrained by max speed
INFO  [commander] Failsafe mode deactivated
INFO  [commander] Takeoff detected
INFO  [commander] Landing detected
INFO  [commander] Disarmed by landing
WARN  [flight_mode_manager] Position-Ctrl activation failed with error: Activation Failed
WARN  [flight_mode_manager] Altitude-Ctrl activation failed with error: Activation Failed
INFO  [logger] closed logfile, bytes written: 5893932

PX4 Exiting...
Exiting NOW.
[0m[INFO] [1788936404.572780687, 0.339000000]: <robotNamespace> set to: /ground/[0m
[0m[INFO] [1788936404.572818541, 0.339000000]: <topicName> set to: imu/data[0m
[0m[INFO] [1788936404.572835302, 0.339000000]: <frameName> set to: ground/imu_link[0m
[0m[INFO] [1788936404.572859537, 0.339000000]: <updateRateHZ> set to: 100[0m
[0m[INFO] [1788936404.572877765, 0.339000000]: <gaussianNoise> set to: 0.002[0m
[0m[INFO] [1788936404.572904934, 0.339000000]: <xyzOffset> set to: 0 0 0[0m
[0m[INFO] [1788936404.572926375, 0.339000000]: <rpyOffset> set to: 0 -0 0[0m
[0m[INFO] [1788936404.969606110, 0.339000000]: Laser Plugin: Using the 'robotNamespace' param: '/ground'[0m
[0m[INFO] [1788936404.969649272, 0.339000000]: Starting Laser Plugin (ns = /ground)[0m
[0m[INFO] [1788936404.970412911, 0.339000000]: Laser Plugin (ns = /ground)  <tf_prefix_>, set to ""[0m
[0m[INFO] [1788936404.978638686, 0.339000000]: Camera Plugin: Using the 'robotNamespace' param: '/ground'[0m
[0m[INFO] [1788936404.980670354, 0.339000000]: Camera Plugin (ns = /ground)  <tf_prefix_>, set to ""[0m
[0m[INFO] [1788936404.985575061, 0.339000000]: Camera Plugin: Using the 'robotNamespace' param: '/ground'[0m
[0m[INFO] [1788936404.989398284, 0.339000000]: Camera Plugin (ns = /ground)  <tf_prefix_>, set to ""[0m
[0m[INFO] [1788936405.045080157, 0.339000000]: MimicJointPlugin loaded! Joint: "left_outer_knuckle_joint", Mimic joint: "right_outer_knuckle_joint", Multiplier: 1, Offset: 0, MaxEffort: 50, Sensitiveness: 0[0m
[0m[INFO] [1788936405.055886269, 0.339000000]: BUNKER planar move ready on /ground/cmd_vel[0m
[0m[INFO] [1788936405.071095142, 0.339000000]: Loading gazebo_ros_control plugin[0m
[0m[INFO] [1788936405.071211427, 0.339000000]: Starting gazebo_ros_control plugin in namespace: /ground[0m
[0m[INFO] [1788936405.071550434, 0.339000000]: gazebo_ros_control plugin is waiting for model URDF in parameter [/ground/robot_description] on the ROS param server.[0m
[0m[INFO] [1788936405.261486224, 0.339000000]: Loaded gazebo_ros_control.[0m
Connection closed by client.
396.996987205]: Plugin safety_area blacklisted[0m
[0m[INFO] [1788936396.997044893]: Plugin setpoint_accel blacklisted[0m
[0m[INFO] [1788936396.997061935]: Plugin setpoint_attitude blacklisted[0m
[0m[INFO] [1788936396.997094830]: Plugin setpoint_position blacklisted[0m
[0m[INFO] [1788936396.997239121]: Plugin setpoint_raw loaded[0m
[0m[INFO] [1788936397.006378482]: Plugin setpoint_raw initialized[0m
[0m[INFO] [1788936397.006452444]: Plugin setpoint_trajectory blacklisted[0m
[0m[INFO] [1788936397.006476259]: Plugin setpoint_velocity blacklisted[0m
[0m[INFO] [1788936397.006726289]: Plugin sys_status loaded[0m
[0m[INFO] [1788936397.019729731]: Plugin sys_status initialized[0m
[0m[INFO] [1788936397.019856352]: Plugin sys_time loaded[0m
[0m[INFO] [1788936397.049761956]: TM: Timesync mode: MAVLINK[0m
[0m[INFO] [1788936397.053131284]: TM: Not publishing sim time[0m
[0m[INFO] [1788936397.054677488]: Plugin sys_time initialized[0m
[0m[INFO] [1788936397.054856281]: Plugin terrain loaded[0m
[0m[INFO] [1788936397.055618663]: Plugin terrain initialized[0m
[0m[INFO] [1788936397.055655329]: Plugin trajectory blacklisted[0m
[0m[INFO] [1788936397.055675513]: Plugin tunnel blacklisted[0m
[0m[INFO] [1788936397.055701773]: Plugin vfr_hud blacklisted[0m
[0m[INFO] [1788936397.055722935]: Plugin vibration blacklisted[0m
[0m[INFO] [1788936397.055749684]: Plugin vision_pose_estimate blacklisted[0m
[0m[INFO] [1788936397.055771684]: Plugin vision_speed_estimate blacklisted[0m
[0m[INFO] [1788936397.055899492]: Plugin waypoint loaded[0m
[0m[INFO] [1788936397.073677178]: Plugin waypoint initialized[0m
[0m[INFO] [1788936397.073782219]: Plugin wheel_odometry blacklisted[0m
[0m[INFO] [1788936397.073804987]: Plugin wind_estimation blacklisted[0m
[0m[INFO] [1788936397.074008852]: Autostarting mavlink via USB on PX4[0m
[0m[INFO] [1788936397.074046496]: Built-in SIMD instructions: SSE, SSE2[0m
[0m[INFO] [1788936397.074069893]: Built-in MAVLink package version: 2025.5.5[0m
[0m[INFO] [1788936397.074095524]: Known MAVLink dialects: common ardupilotmega ASLUAV AVSSUAS all csAirLink cubepilot development icarous loweheiser matrixpilot paparazzi standard storm32 uAvionix ualberta[0m
[0m[INFO] [1788936397.074119410]: MAVROS started. MY ID 1.240, TARGET ID 1.1[0m
[0m[INFO] [1788936405.308031319, 0.384000000]: udp0: Remote address: 127.0.0.1:14580[0m
[0m[INFO] [1788936405.308193769, 0.385000000]: IMU: High resolution IMU detected![0m
[0m[INFO] [1788936406.358694630, 1.344000000]: CON: Got HEARTBEAT, connected. FCU: PX4 Autopilot[0m
[0m[INFO] [1788936406.359866698, 1.346000000]: IMU: High resolution IMU detected![0m
[0m[INFO] [1788936407.368050276, 2.257000000]: WP: Using MISSION_ITEM_INT[0m
[0m[INFO] [1788936407.368160345, 2.257000000]: VER: 1.1: Capabilities         0x000000000000e4ef[0m
[0m[INFO] [1788936407.368183671, 2.257000000]: VER: 1.1: Flight software:     010c0300 (713814f4ee160714)[0m
[0m[INFO] [1788936407.368199525, 2.257000000]: VER: 1.1: Middleware software: 010c0300 (713814f4ee000000)[0m
[0m[INFO] [1788936407.368219849, 2.257000000]: VER: 1.1: OS software:         050f00ff (bf660cba2af81f05)[0m
[0m[INFO] [1788936407.368236262, 2.257000000]: VER: 1.1: Board hardware:      00000001[0m
[0m[INFO] [1788936407.368251347, 2.257000000]: VER: 1.1: VID/PID:             0000:0000[0m
[0m[INFO] [1788936407.368264198, 2.257000000]: VER: 1.1: UID:                 4954414c44494e4f[0m
[0m[INFO] [1788936413.168617901, 7.145000000]: IMU: Attitude quaternion IMU detected![0m
[0m[INFO] [1788936425.230346741, 16.344000000]: WP: mission received[0m
terminate called after throwing an instance of 'boost::wrapexcept<boost::thread_resource_error>'
  what():  boost thread: trying joining itself: Resource deadlock avoided
[31m[gazebo-2] escalating to SIGTERM[0m

auto-starting new master
[1mprocess[master]: started with pid [1583908][0m
[1mROS_MASTER_URI=http://127.0.0.1:11951[0m
]2;/media/lu/P450_PAPER/AGENT/reachability_guided_aerial_perception/outputs/development/operational-batch/launch-10-hard-generic/runtime.launch http://127.0.0.1:11951
[1msetting /run_id to 32fa7aa8-ac1a-11f1-98f0-252022cc4023[0m
[1mprocess[rosout-1]: started with pid [1583943][0m
started core service [/rosout]
[1mprocess[gazebo-2]: started with pid [1583956][0m
[1mprocess[sim_world_to_map-3]: started with pid [1583960][0m
[1mprocess[sim_localization_uav1-4]: started with pid [1583962][0m
[1mprocess[sim_localization_ground-5]: started with pid [1583966][0m
[1mprocess[uav1/p450_D435i_1_spawn-6]: started with pid [1583969][0m
[1mprocess[uav1/sitl_1-7]: started with pid [1583971][0m
[1mprocess[uav1/mavros-8]: started with pid [1583978][0m
[1mprocess[uav1/p450_tf_camera_depth-9]: started with pid [1583991][0m
[1mprocess[uav1/p450_tf_camera_ired1-10]: started with pid [1584004][0m
[1mprocess[uav1/p450_tf_camera_ired2-11]: started with pid [1584021][0m
[1mprocess[uav1/p450_tf_camera_imu-12]: started with pid [1584034][0m
[1mprocess[uav1/p450_tf_camera_d435i-13]: started with pid [1584044][0m
[1mprocess[uav1/p450_tf_camera_color_optical-14]: started with pid [1584061][0m
[1mprocess[uav1/p450_tf_depth_optical-15]: started with pid [1584073][0m
[1mprocess[uav_control_main_1-16]: started with pid [1584085][0m
[1mprocess[ground/velocity_guard-17]: started with pid [1584099][0m
[1mprocess[ground/spawn_ground_robot-18]: started with pid [1584110][0m
[1mprocess[ground/controller_spawner-19]: started with pid [1584123][0m
[1mprocess[ground/robot_state_publisher-20]: started with pid [1584129][0m
[1mprocess[p450_flight_facade-21]: started with pid [1584143][0m
[1mprocess[ground/move_base-22]: started with pid [1584154][0m
[1mprocess[ground/runtime_stop-23]: started with pid [1584165][0m
[1mprocess[move_group-24]: started with pid [1584172][0m
[1mprocess[air_target_observer-25]: started with pid [1584183][0m
[1mprocess[ground_target_observer-26]: started with pid [1584196][0m
[1mprocess[gazebo_grasp_confirmation-27]: started with pid [1584205][0m
[1mprocess[spawn_pick_target-28]: started with pid [1584216][0m
[1m[uav1/p450_D435i_1_spawn-6] process has finished cleanly
log file: /media/lu/P450_PAPER/AGENT/reachability_guided_aerial_perception/outputs/development/operational-batch/launch-10-hard-generic/ros/32fa7aa8-ac1a-11f1-98f0-252022cc4023/uav1-p450_D435i_1_spawn-6*.log[0m
[1m[spawn_pick_target-28] process has finished cleanly
log file: /media/lu/P450_PAPER/AGENT/reachability_guided_aerial_perception/outputs/development/operational-batch/launch-10-hard-generic/ros/32fa7aa8-ac1a-11f1-98f0-252022cc4023/spawn_pick_target-28*.log[0m
[gazebo_grasp_confirmation-27] killing on exit
[ground_target_observer-26] killing on exit
[air_target_observer-25] killing on exit
[move_group-24] killing on exit
[ground/runtime_stop-23] killing on exit
[ground/move_base-22] killing on exit
[p450_flight_facade-21] killing on exit
[ground/robot_state_publisher-20] killing on exit
[ground/controller_spawner-19] killing on exit
[ground/spawn_ground_robot-18] killing on exit
[ground/velocity_guard-17] killing on exit
[uav_control_main_1-16] killing on exit
[uav1/p450_tf_depth_optical-15] killing on exit
[uav1/p450_tf_camera_color_optical-14] killing on exit
[uav1/p450_tf_camera_d435i-13] killing on exit
[uav1/p450_tf_camera_imu-12] killing on exit
[uav1/p450_tf_camera_ired2-11] killing on exit
[uav1/p450_tf_camera_ired1-10] killing on exit
[uav1/p450_tf_camera_depth-9] killing on exit
[uav1/mavros-8] killing on exit
[uav1/sitl_1-7] killing on exit
[sim_localization_uav1-4] killing on exit
[sim_localization_ground-5] killing on exit
[sim_world_to_map-3] killing on exit
[gazebo-2] killing on exit
[rosout-1] killing on exit
[master] killing on exit
shutting down processing monitor...
... shutting down processing monitor complete
[1mdone[0m
